Archive member included because of file (symbol)

c:/program files (x86)/atollic/truestudio for arm lite 5.3.0/armtools/bin/../lib/gcc/arm-atollic-eabi/4.8.3/../../../../arm-atollic-eabi/lib/armv7-m\libc.a(lib_a-init.o)
                              Application\TrueSTUDIO\startup_stm32f100xb.o (__libc_init_array)

Allocating common symbols
Common symbol       size              file

kRelays             0x4               UsrCode\Application\Relays\Relays.o
kLEDs               0x3               UsrCode\Application\LEDs\LEDs.o
hadc1               0x30              Application\User\main.o
tButtons            0x24              UsrCode\Application\Buttons\Buttons.o
hwwdg               0x14              Application\User\main.o
huart2              0x40              Application\User\main.o

Discarded input sections

 .text          0x00000000        0x0 c:/program files (x86)/atollic/truestudio for arm lite 5.3.0/armtools/bin/../lib/gcc/arm-atollic-eabi/4.8.3/armv7-m/crti.o
 .data          0x00000000        0x0 c:/program files (x86)/atollic/truestudio for arm lite 5.3.0/armtools/bin/../lib/gcc/arm-atollic-eabi/4.8.3/armv7-m/crti.o
 .bss           0x00000000        0x0 c:/program files (x86)/atollic/truestudio for arm lite 5.3.0/armtools/bin/../lib/gcc/arm-atollic-eabi/4.8.3/armv7-m/crti.o
 .data          0x00000000        0x4 c:/program files (x86)/atollic/truestudio for arm lite 5.3.0/armtools/bin/../lib/gcc/arm-atollic-eabi/4.8.3/armv7-m/crtbegin.o
 .text          0x00000000        0x0 UsrCode\Framework\Debouncer\Debouncer.o
 .data          0x00000000        0x0 UsrCode\Framework\Debouncer\Debouncer.o
 .bss           0x00000000        0x0 UsrCode\Framework\Debouncer\Debouncer.o
 .text          0x00000000        0x0 UsrCode\Application\Relays\Relays.o
 .data          0x00000000        0x0 UsrCode\Application\Relays\Relays.o
 .bss           0x00000000        0x0 UsrCode\Application\Relays\Relays.o
 .text.Relays_CompressorSetState
                0x00000000       0x34 UsrCode\Application\Relays\Relays.o
 .text.Relays_LightSetState
                0x00000000        0xc UsrCode\Application\Relays\Relays.o
 .text          0x00000000        0x0 UsrCode\Application\LEDs\LEDs.o
 .data          0x00000000        0x0 UsrCode\Application\LEDs\LEDs.o
 .bss           0x00000000        0x0 UsrCode\Application\LEDs\LEDs.o
 .text          0x00000000        0x0 UsrCode\Application\Display\Display.o
 .data          0x00000000        0x0 UsrCode\Application\Display\Display.o
 .bss           0x00000000        0x0 UsrCode\Application\Display\Display.o
 .text.Task_Display_InitState
                0x00000000       0x70 UsrCode\Application\Display\Display.o
 .text.Display_DisplayNumber
                0x00000000        0xc UsrCode\Application\Display\Display.o
 .text          0x00000000        0x0 UsrCode\Application\Buttons\Buttons.o
 .data          0x00000000        0x0 UsrCode\Application\Buttons\Buttons.o
 .bss           0x00000000        0x0 UsrCode\Application\Buttons\Buttons.o
 .text.Button_GetEvent
                0x00000000       0x10 UsrCode\Application\Buttons\Buttons.o
 .text          0x00000000        0x0 Drivers\CMSIS\system_stm32f1xx.o
 .data          0x00000000        0x0 Drivers\CMSIS\system_stm32f1xx.o
 .bss           0x00000000        0x0 Drivers\CMSIS\system_stm32f1xx.o
 .text.SystemCoreClockUpdate
                0x00000000       0x6c Drivers\CMSIS\system_stm32f1xx.o
 .rodata.AHBPrescTable
                0x00000000       0x10 Drivers\CMSIS\system_stm32f1xx.o
 .rodata.APBPrescTable
                0x00000000        0x8 Drivers\CMSIS\system_stm32f1xx.o
 .data.SystemCoreClock
                0x00000000        0x4 Drivers\CMSIS\system_stm32f1xx.o
 .text          0x00000000        0x0 Application\User\stm32f1xx_it.o
 .data          0x00000000        0x0 Application\User\stm32f1xx_it.o
 .bss           0x00000000        0x0 Application\User\stm32f1xx_it.o
 .text          0x00000000        0x0 Application\User\stm32f1xx_hal_msp.o
 .data          0x00000000        0x0 Application\User\stm32f1xx_hal_msp.o
 .bss           0x00000000        0x0 Application\User\stm32f1xx_hal_msp.o
 .text.HAL_MspInit
                0x00000000       0x8c Application\User\stm32f1xx_hal_msp.o
 .text.HAL_ADC_MspInit
                0x00000000       0x50 Application\User\stm32f1xx_hal_msp.o
 .text.HAL_ADC_MspDeInit
                0x00000000       0x34 Application\User\stm32f1xx_hal_msp.o
 .text.HAL_UART_MspInit
                0x00000000       0x68 Application\User\stm32f1xx_hal_msp.o
 .text.HAL_UART_MspDeInit
                0x00000000       0x34 Application\User\stm32f1xx_hal_msp.o
 .text.HAL_WWDG_MspInit
                0x00000000       0x28 Application\User\stm32f1xx_hal_msp.o
 .text.HAL_WWDG_MspDeInit
                0x00000000       0x1c Application\User\stm32f1xx_hal_msp.o
 .debug_info    0x00000000      0xe3a Application\User\stm32f1xx_hal_msp.o
 .debug_abbrev  0x00000000      0x1b8 Application\User\stm32f1xx_hal_msp.o
 .debug_loc     0x00000000       0x9a Application\User\stm32f1xx_hal_msp.o
 .debug_aranges
                0x00000000       0x50 Application\User\stm32f1xx_hal_msp.o
 .debug_ranges  0x00000000       0xa0 Application\User\stm32f1xx_hal_msp.o
 .debug_line    0x00000000      0x3d5 Application\User\stm32f1xx_hal_msp.o
 .debug_str     0x00000000      0xb6f Application\User\stm32f1xx_hal_msp.o
 .comment       0x00000000       0x84 Application\User\stm32f1xx_hal_msp.o
 .ARM.attributes
                0x00000000       0x33 Application\User\stm32f1xx_hal_msp.o
 .debug_frame   0x00000000       0xc0 Application\User\stm32f1xx_hal_msp.o
 .text          0x00000000        0x0 Application\User\main.o
 .data          0x00000000        0x0 Application\User\main.o
 .bss           0x00000000        0x0 Application\User\main.o
 .text.Error_Handler
                0x00000000        0x2 Application\User\main.o
 .text          0x00000000       0x14 Application\TrueSTUDIO\startup_stm32f100xb.o
 .data          0x00000000        0x0 Application\TrueSTUDIO\startup_stm32f100xb.o
 .bss           0x00000000        0x0 Application\TrueSTUDIO\startup_stm32f100xb.o
 .text          0x00000000        0x0 .metadata\.plugins\org.eclipse.cdt.make.core\specs.o
 .data          0x00000000        0x0 .metadata\.plugins\org.eclipse.cdt.make.core\specs.o
 .bss           0x00000000        0x0 .metadata\.plugins\org.eclipse.cdt.make.core\specs.o
 .debug_line    0x00000000        0x0 .metadata\.plugins\org.eclipse.cdt.make.core\specs.o
 .debug_str     0x00000000        0x0 .metadata\.plugins\org.eclipse.cdt.make.core\specs.o
 .comment       0x00000000       0x84 .metadata\.plugins\org.eclipse.cdt.make.core\specs.o
 .ARM.attributes
                0x00000000       0x33 .metadata\.plugins\org.eclipse.cdt.make.core\specs.o
 .text          0x00000000        0x0 c:/program files (x86)/atollic/truestudio for arm lite 5.3.0/armtools/bin/../lib/gcc/arm-atollic-eabi/4.8.3/../../../../arm-atollic-eabi/lib/armv7-m\libc.a(lib_a-init.o)
 .data          0x00000000        0x0 c:/program files (x86)/atollic/truestudio for arm lite 5.3.0/armtools/bin/../lib/gcc/arm-atollic-eabi/4.8.3/../../../../arm-atollic-eabi/lib/armv7-m\libc.a(lib_a-init.o)
 .bss           0x00000000        0x0 c:/program files (x86)/atollic/truestudio for arm lite 5.3.0/armtools/bin/../lib/gcc/arm-atollic-eabi/4.8.3/../../../../arm-atollic-eabi/lib/armv7-m\libc.a(lib_a-init.o)
 .text          0x00000000        0x0 c:/program files (x86)/atollic/truestudio for arm lite 5.3.0/armtools/bin/../lib/gcc/arm-atollic-eabi/4.8.3/armv7-m/crtend.o
 .data          0x00000000        0x0 c:/program files (x86)/atollic/truestudio for arm lite 5.3.0/armtools/bin/../lib/gcc/arm-atollic-eabi/4.8.3/armv7-m/crtend.o
 .bss           0x00000000        0x0 c:/program files (x86)/atollic/truestudio for arm lite 5.3.0/armtools/bin/../lib/gcc/arm-atollic-eabi/4.8.3/armv7-m/crtend.o
 .eh_frame      0x00000000        0x4 c:/program files (x86)/atollic/truestudio for arm lite 5.3.0/armtools/bin/../lib/gcc/arm-atollic-eabi/4.8.3/armv7-m/crtend.o
 .ARM.attributes
                0x00000000       0x2d c:/program files (x86)/atollic/truestudio for arm lite 5.3.0/armtools/bin/../lib/gcc/arm-atollic-eabi/4.8.3/armv7-m/crtend.o
 .text          0x00000000        0x0 c:/program files (x86)/atollic/truestudio for arm lite 5.3.0/armtools/bin/../lib/gcc/arm-atollic-eabi/4.8.3/armv7-m/crtn.o
 .data          0x00000000        0x0 c:/program files (x86)/atollic/truestudio for arm lite 5.3.0/armtools/bin/../lib/gcc/arm-atollic-eabi/4.8.3/armv7-m/crtn.o
 .bss           0x00000000        0x0 c:/program files (x86)/atollic/truestudio for arm lite 5.3.0/armtools/bin/../lib/gcc/arm-atollic-eabi/4.8.3/armv7-m/crtn.o

Memory Configuration

Name             Origin             Length             Attributes
RAM              0x20000000         0x00002000         xrw
FLASH            0x08000000         0x00010000         xr
*default*        0x00000000         0xffffffff

Linker script and memory map

LOAD c:/program files (x86)/atollic/truestudio for arm lite 5.3.0/armtools/bin/../lib/gcc/arm-atollic-eabi/4.8.3/armv7-m/crti.o
LOAD c:/program files (x86)/atollic/truestudio for arm lite 5.3.0/armtools/bin/../lib/gcc/arm-atollic-eabi/4.8.3/armv7-m/crtbegin.o
LOAD UsrCode\Framework\Debouncer\Debouncer.o
LOAD UsrCode\Application\Relays\Relays.o
LOAD UsrCode\Application\LEDs\LEDs.o
LOAD UsrCode\Application\Display\Display.o
LOAD UsrCode\Application\Buttons\Buttons.o
LOAD Drivers\CMSIS\system_stm32f1xx.o
LOAD Application\User\stm32f1xx_it.o
LOAD Application\User\stm32f1xx_hal_msp.o
LOAD Application\User\main.o
LOAD Application\TrueSTUDIO\startup_stm32f100xb.o
LOAD .metadata\.plugins\org.eclipse.cdt.make.core\specs.o
START GROUP
LOAD c:/program files (x86)/atollic/truestudio for arm lite 5.3.0/armtools/bin/../lib/gcc/arm-atollic-eabi/4.8.3/../../../../arm-atollic-eabi/lib/armv7-m\libc.a
LOAD c:/program files (x86)/atollic/truestudio for arm lite 5.3.0/armtools/bin/../lib/gcc/arm-atollic-eabi/4.8.3/../../../../arm-atollic-eabi/lib/armv7-m\libm.a
END GROUP
                0x00001000                malloc_getpagesize_P = 0x1000
START GROUP
LOAD c:/program files (x86)/atollic/truestudio for arm lite 5.3.0/armtools/bin/../lib/gcc/arm-atollic-eabi/4.8.3/armv7-m\libgcc.a
LOAD c:/program files (x86)/atollic/truestudio for arm lite 5.3.0/armtools/bin/../lib/gcc/arm-atollic-eabi/4.8.3/../../../../arm-atollic-eabi/lib/armv7-m\libc.a
END GROUP
LOAD c:/program files (x86)/atollic/truestudio for arm lite 5.3.0/armtools/bin/../lib/gcc/arm-atollic-eabi/4.8.3/armv7-m/crtend.o
LOAD c:/program files (x86)/atollic/truestudio for arm lite 5.3.0/armtools/bin/../lib/gcc/arm-atollic-eabi/4.8.3/armv7-m/crtn.o
                0x20002000                _estack = 0x20002000
                0x00000200                _Min_Heap_Size = 0x200
                0x00000400                _Min_Stack_Size = 0x400

.isr_vector     0x08000000      0x1d0
                0x08000000                . = ALIGN (0x4)
 *(.isr_vector)
 .isr_vector    0x08000000      0x1d0 Application\TrueSTUDIO\startup_stm32f100xb.o
                0x08000000                g_pfnVectors
                0x080001d0                . = ALIGN (0x4)

.text           0x080001d0      0x9d0
                0x080001d0                . = ALIGN (0x4)
 *(.text)
 .text          0x080001d0       0x40 c:/program files (x86)/atollic/truestudio for arm lite 5.3.0/armtools/bin/../lib/gcc/arm-atollic-eabi/4.8.3/armv7-m/crtbegin.o
 *(.text*)
 .text.Debouncer_Init
                0x08000210        0xa UsrCode\Framework\Debouncer\Debouncer.o
                0x08000210                Debouncer_Init
 .text.Debouncer_Apply
                0x0800021a       0x1c UsrCode\Framework\Debouncer\Debouncer.o
                0x0800021a                Debouncer_Apply
 .text.Debouncer_GetData
                0x08000236        0x4 UsrCode\Framework\Debouncer\Debouncer.o
                0x08000236                Debouncer_GetData
 *fill*         0x0800023a        0x2 
 .text.Relays_Perform
                0x0800023c       0x54 UsrCode\Application\Relays\Relays.o
                0x0800023c                Relays_Perform
 .text.Relays_Init
                0x08000290       0x40 UsrCode\Application\Relays\Relays.o
                0x08000290                Relays_Init
 .text.LEDs_Perform
                0x080002d0       0x3c UsrCode\Application\LEDs\LEDs.o
                0x080002d0                LEDs_Perform
 .text.LEDs_SetState
                0x0800030c       0x24 UsrCode\Application\LEDs\LEDs.o
                0x0800030c                LEDs_SetState
 .text.LEDs_GetState
                0x08000330       0x30 UsrCode\Application\LEDs\LEDs.o
                0x08000330                LEDs_GetState
 .text.Display_9
                0x08000360       0x58 UsrCode\Application\Display\Display.o
 .text.Display_8
                0x080003b8       0x58 UsrCode\Application\Display\Display.o
 .text.Display_7
                0x08000410       0x58 UsrCode\Application\Display\Display.o
 .text.Display_6
                0x08000468       0x58 UsrCode\Application\Display\Display.o
 .text.Display_5
                0x080004c0       0x58 UsrCode\Application\Display\Display.o
 .text.Display_4
                0x08000518       0x58 UsrCode\Application\Display\Display.o
 .text.Display_3
                0x08000570       0x58 UsrCode\Application\Display\Display.o
 .text.Display_2
                0x080005c8       0x58 UsrCode\Application\Display\Display.o
 .text.Display_1
                0x08000620       0x58 UsrCode\Application\Display\Display.o
 .text.Display_0
                0x08000678       0x58 UsrCode\Application\Display\Display.o
 .text.Display_Perform
                0x080006d0       0x74 UsrCode\Application\Display\Display.o
                0x080006d0                Display_Perform
 .text.Buttons_Perform
                0x08000744       0x5c UsrCode\Application\Buttons\Buttons.o
                0x08000744                Buttons_Perform
 .text.Buttons_Init
                0x080007a0       0x40 UsrCode\Application\Buttons\Buttons.o
                0x080007a0                Buttons_Init
 .text.Buttons_GenerateEvent
                0x080007e0       0x78 UsrCode\Application\Buttons\Buttons.o
                0x080007e0                Buttons_GenerateEvent
 .text.SystemInit
                0x08000858       0x50 Drivers\CMSIS\system_stm32f1xx.o
                0x08000858                SystemInit
 .text.NMI_Handler
                0x080008a8        0x4 Application\User\stm32f1xx_it.o
                0x080008a8                NMI_Handler
 .text.HardFault_Handler
                0x080008ac        0x2 Application\User\stm32f1xx_it.o
                0x080008ac                HardFault_Handler
 .text.MemManage_Handler
                0x080008ae        0x2 Application\User\stm32f1xx_it.o
                0x080008ae                MemManage_Handler
 .text.BusFault_Handler
                0x080008b0        0x2 Application\User\stm32f1xx_it.o
                0x080008b0                BusFault_Handler
 .text.UsageFault_Handler
                0x080008b2        0x2 Application\User\stm32f1xx_it.o
                0x080008b2                UsageFault_Handler
 .text.SVC_Handler
                0x080008b4        0x2 Application\User\stm32f1xx_it.o
                0x080008b4                SVC_Handler
 .text.DebugMon_Handler
                0x080008b6        0x2 Application\User\stm32f1xx_it.o
                0x080008b6                DebugMon_Handler
 .text.PendSV_Handler
                0x080008b8        0x2 Application\User\stm32f1xx_it.o
                0x080008b8                PendSV_Handler
 *fill*         0x080008ba        0x2 
 .text.SysTick_Handler
                0x080008bc       0x34 Application\User\stm32f1xx_it.o
                0x080008bc                SysTick_Handler
 .text.ADC1_IRQHandler
                0x080008f0        0xc Application\User\stm32f1xx_it.o
                0x080008f0                ADC1_IRQHandler
 .text.USART2_IRQHandler
                0x080008fc        0xc Application\User\stm32f1xx_it.o
                0x080008fc                USART2_IRQHandler
 .text.SystemClock_Config
                0x08000908       0x78 Application\User\main.o
                0x08000908                SystemClock_Config
 .text.startup.main
                0x08000980      0x168 Application\User\main.o
                0x08000980                main
 .text.Reset_Handler
                0x08000ae8       0x50 Application\TrueSTUDIO\startup_stm32f100xb.o
                0x08000ae8                Reset_Handler
 .text.Default_Handler
                0x08000b38        0x4 Application\TrueSTUDIO\startup_stm32f100xb.o
                0x08000b38                RTC_Alarm_IRQHandler
                0x08000b38                EXTI2_IRQHandler
                0x08000b38                TIM1_CC_IRQHandler
                0x08000b38                PVD_IRQHandler
                0x08000b38                EXTI3_IRQHandler
                0x08000b38                EXTI0_IRQHandler
                0x08000b38                TIM1_UP_TIM16_IRQHandler
                0x08000b38                SPI1_IRQHandler
                0x08000b38                TAMPER_IRQHandler
                0x08000b38                TIM6_DAC_IRQHandler
                0x08000b38                DMA1_Channel4_IRQHandler
                0x08000b38                USART3_IRQHandler
                0x08000b38                RTC_IRQHandler
                0x08000b38                DMA1_Channel7_IRQHandler
                0x08000b38                TIM4_IRQHandler
                0x08000b38                I2C1_EV_IRQHandler
                0x08000b38                DMA1_Channel6_IRQHandler
                0x08000b38                TIM3_IRQHandler
                0x08000b38                RCC_IRQHandler
                0x08000b38                DMA1_Channel1_IRQHandler
                0x08000b38                Default_Handler
                0x08000b38                CEC_IRQHandler
                0x08000b38                EXTI15_10_IRQHandler
                0x08000b38                TIM7_IRQHandler
                0x08000b38                EXTI9_5_IRQHandler
                0x08000b38                DMA1_Channel5_IRQHandler
                0x08000b38                EXTI4_IRQHandler
                0x08000b38                TIM1_TRG_COM_TIM17_IRQHandler
                0x08000b38                DMA1_Channel3_IRQHandler
                0x08000b38                WWDG_IRQHandler
                0x08000b38                TIM2_IRQHandler
                0x08000b38                EXTI1_IRQHandler
                0x08000b38                DMA1_Channel2_IRQHandler
                0x08000b38                FLASH_IRQHandler
                0x08000b38                USART1_IRQHandler
                0x08000b38                I2C1_ER_IRQHandler
                0x08000b38                TIM1_BRK_TIM15_IRQHandler
 .text.__libc_init_array
                0x08000b3c       0x4c c:/program files (x86)/atollic/truestudio for arm lite 5.3.0/armtools/bin/../lib/gcc/arm-atollic-eabi/4.8.3/../../../../arm-atollic-eabi/lib/armv7-m\libc.a(lib_a-init.o)
                0x08000b3c                __libc_init_array
 *(.glue_7)
 .glue_7        0x00000000        0x0 linker stubs
 *(.glue_7t)
 .glue_7t       0x00000000        0x0 linker stubs
 *(.eh_frame)
 .eh_frame      0x08000b88        0x0 c:/program files (x86)/atollic/truestudio for arm lite 5.3.0/armtools/bin/../lib/gcc/arm-atollic-eabi/4.8.3/armv7-m/crtbegin.o
 *(.init)
 .init          0x08000b88        0x4 c:/program files (x86)/atollic/truestudio for arm lite 5.3.0/armtools/bin/../lib/gcc/arm-atollic-eabi/4.8.3/armv7-m/crti.o
                0x08000b88                _init
 .init          0x08000b8c        0x8 c:/program files (x86)/atollic/truestudio for arm lite 5.3.0/armtools/bin/../lib/gcc/arm-atollic-eabi/4.8.3/armv7-m/crtn.o
 *(.fini)
 .fini          0x08000b94        0x4 c:/program files (x86)/atollic/truestudio for arm lite 5.3.0/armtools/bin/../lib/gcc/arm-atollic-eabi/4.8.3/armv7-m/crti.o
                0x08000b94                _fini
 .fini          0x08000b98        0x8 c:/program files (x86)/atollic/truestudio for arm lite 5.3.0/armtools/bin/../lib/gcc/arm-atollic-eabi/4.8.3/armv7-m/crtn.o
                0x08000ba0                . = ALIGN (0x4)
                0x08000ba0                _etext = .

.vfp11_veneer   0x08000ba0        0x0
 .vfp11_veneer  0x00000000        0x0 linker stubs

.v4_bx          0x08000ba0        0x0
 .v4_bx         0x00000000        0x0 linker stubs

.iplt           0x08000ba0        0x0
 .iplt          0x00000000        0x0 c:/program files (x86)/atollic/truestudio for arm lite 5.3.0/armtools/bin/../lib/gcc/arm-atollic-eabi/4.8.3/armv7-m/crtbegin.o

.rodata         0x08000ba0       0x28
                0x08000ba0                . = ALIGN (0x4)
 *(.rodata)
 *(.rodata*)
 .rodata.DigitTable
                0x08000ba0       0x28 UsrCode\Application\Display\Display.o
                0x08000bc8                . = ALIGN (0x4)

.rel.dyn        0x08000bc8        0x0
 .rel.iplt      0x00000000        0x0 c:/program files (x86)/atollic/truestudio for arm lite 5.3.0/armtools/bin/../lib/gcc/arm-atollic-eabi/4.8.3/armv7-m/crtbegin.o

.ARM.extab
 *(.ARM.extab* .gnu.linkonce.armextab.*)

.ARM            0x08000bc8        0x0
                0x08000bc8                __exidx_start = .
 *(.ARM.exidx*)
                0x08000bc8                __exidx_end = .

.preinit_array  0x08000bc8        0x0
                0x08000bc8                PROVIDE (__preinit_array_start, .)
 *(.preinit_array*)
                0x08000bc8                PROVIDE (__preinit_array_end, .)

.init_array     0x08000bc8        0x4
                0x08000bc8                PROVIDE (__init_array_start, .)
 *(SORT(.init_array.*))
 *(.init_array*)
 .init_array    0x08000bc8        0x4 c:/program files (x86)/atollic/truestudio for arm lite 5.3.0/armtools/bin/../lib/gcc/arm-atollic-eabi/4.8.3/armv7-m/crtbegin.o
                0x08000bcc                PROVIDE (__init_array_end, .)

.fini_array     0x08000bcc        0x4
                0x08000bcc                PROVIDE (__fini_array_start, .)
 *(SORT(.fini_array.*))
 *(.fini_array*)
 .fini_array    0x08000bcc        0x4 c:/program files (x86)/atollic/truestudio for arm lite 5.3.0/armtools/bin/../lib/gcc/arm-atollic-eabi/4.8.3/armv7-m/crtbegin.o
                0x08000bd0                PROVIDE (__fini_array_end, .)
                0x08000bd0                _sidata = LOADADDR (.data)

.data           0x20000000        0x0 load address 0x08000bd0
                0x20000000                . = ALIGN (0x4)
                0x20000000                _sdata = .
 *(.data)
 *(.data*)
                0x20000000                . = ALIGN (0x4)
                0x20000000                _edata = .

.igot.plt       0x20000000        0x0 load address 0x08000bd0
 .igot.plt      0x00000000        0x0 c:/program files (x86)/atollic/truestudio for arm lite 5.3.0/armtools/bin/../lib/gcc/arm-atollic-eabi/4.8.3/armv7-m/crtbegin.o
                0x20000000                . = ALIGN (0x4)

.bss            0x20000000       0xd4 load address 0x08000bd0
                0x20000000                _sbss = .
                0x20000000                __bss_start__ = _sbss
 *(.bss)
 .bss           0x20000000       0x1c c:/program files (x86)/atollic/truestudio for arm lite 5.3.0/armtools/bin/../lib/gcc/arm-atollic-eabi/4.8.3/armv7-m/crtbegin.o
 *(.bss*)
 .bss.u8DisplayNumber
                0x2000001c        0x1 UsrCode\Application\Display\Display.o
 .bss.bDig1.6415
                0x2000001d        0x1 UsrCode\Application\Display\Display.o
 .bss.u8Counter.6426
                0x2000001e        0x1 UsrCode\Application\Buttons\Buttons.o
 .bss.u8Counter.6436
                0x2000001f        0x1 UsrCode\Application\Buttons\Buttons.o
 .bss.u16Counter1ms.6451
                0x20000020        0x2 Application\User\stm32f1xx_it.o
 .bss.b10msPassed
                0x20000022        0x1 Application\User\main.o
                0x20000022                b10msPassed
 *(COMMON)
 *fill*         0x20000023        0x1 
 COMMON         0x20000024        0x4 UsrCode\Application\Relays\Relays.o
                0x20000024                kRelays
 COMMON         0x20000028        0x3 UsrCode\Application\LEDs\LEDs.o
                0x20000028                kLEDs
 *fill*         0x2000002b        0x1 
 COMMON         0x2000002c       0x24 UsrCode\Application\Buttons\Buttons.o
                0x2000002c                tButtons
 COMMON         0x20000050       0x84 Application\User\main.o
                0x20000050                hadc1
                0x20000080                hwwdg
                0x20000094                huart2
                0x200000d4                . = ALIGN (0x4)
                0x200000d4                _ebss = .
                0x200000d4                __bss_end__ = _ebss

._user_heap_stack
                0x200000d4      0x600 load address 0x08000bd0
                0x200000d4                . = ALIGN (0x4)
                0x200000d4                PROVIDE (end, .)
                0x200000d4                PROVIDE (_end, .)
                0x200002d4                . = (. + _Min_Heap_Size)
 *fill*         0x200000d4      0x200 
                0x200006d4                . = (. + _Min_Stack_Size)
 *fill*         0x200002d4      0x400 
                0x200006d4                . = ALIGN (0x4)

/DISCARD/
 libc.a(*)
 libm.a(*)
 libgcc.a(*)

.ARM.attributes
                0x00000000       0x29
 *(.ARM.attributes)
 .ARM.attributes
                0x00000000       0x1d c:/program files (x86)/atollic/truestudio for arm lite 5.3.0/armtools/bin/../lib/gcc/arm-atollic-eabi/4.8.3/armv7-m/crti.o
 .ARM.attributes
                0x0000001d       0x2d c:/program files (x86)/atollic/truestudio for arm lite 5.3.0/armtools/bin/../lib/gcc/arm-atollic-eabi/4.8.3/armv7-m/crtbegin.o
 .ARM.attributes
                0x0000004a       0x33 UsrCode\Framework\Debouncer\Debouncer.o
 .ARM.attributes
                0x0000007d       0x33 UsrCode\Application\Relays\Relays.o
 .ARM.attributes
                0x000000b0       0x33 UsrCode\Application\LEDs\LEDs.o
 .ARM.attributes
                0x000000e3       0x33 UsrCode\Application\Display\Display.o
 .ARM.attributes
                0x00000116       0x33 UsrCode\Application\Buttons\Buttons.o
 .ARM.attributes
                0x00000149       0x33 Drivers\CMSIS\system_stm32f1xx.o
 .ARM.attributes
                0x0000017c       0x33 Application\User\stm32f1xx_it.o
 .ARM.attributes
                0x000001af       0x33 Application\User\main.o
 .ARM.attributes
                0x000001e2       0x21 Application\TrueSTUDIO\startup_stm32f100xb.o
 .ARM.attributes
                0x00000203       0x2d c:/program files (x86)/atollic/truestudio for arm lite 5.3.0/armtools/bin/../lib/gcc/arm-atollic-eabi/4.8.3/../../../../arm-atollic-eabi/lib/armv7-m\libc.a(lib_a-init.o)
 .ARM.attributes
                0x00000230       0x1d c:/program files (x86)/atollic/truestudio for arm lite 5.3.0/armtools/bin/../lib/gcc/arm-atollic-eabi/4.8.3/armv7-m/crtn.o
OUTPUT(Coldenberg17.elf elf32-littlearm)

.debug_info     0x00000000     0x3732
 .debug_info    0x00000000      0x162 UsrCode\Framework\Debouncer\Debouncer.o
 .debug_info    0x00000162      0x326 UsrCode\Application\Relays\Relays.o
 .debug_info    0x00000488      0x2b8 UsrCode\Application\LEDs\LEDs.o
 .debug_info    0x00000740      0xdba UsrCode\Application\Display\Display.o
 .debug_info    0x000014fa      0x432 UsrCode\Application\Buttons\Buttons.o
 .debug_info    0x0000192c      0x3d7 Drivers\CMSIS\system_stm32f1xx.o
 .debug_info    0x00001d03      0x7e0 Application\User\stm32f1xx_it.o
 .debug_info    0x000024e3     0x1164 Application\User\main.o
 .debug_info    0x00003647       0xeb Application\TrueSTUDIO\startup_stm32f100xb.o

.debug_abbrev   0x00000000      0xcb2
 .debug_abbrev  0x00000000       0xb0 UsrCode\Framework\Debouncer\Debouncer.o
 .debug_abbrev  0x000000b0      0x172 UsrCode\Application\Relays\Relays.o
 .debug_abbrev  0x00000222      0x17e UsrCode\Application\LEDs\LEDs.o
 .debug_abbrev  0x000003a0      0x1bf UsrCode\Application\Display\Display.o
 .debug_abbrev  0x0000055f      0x1f5 UsrCode\Application\Buttons\Buttons.o
 .debug_abbrev  0x00000754      0x101 Drivers\CMSIS\system_stm32f1xx.o
 .debug_abbrev  0x00000855      0x197 Application\User\stm32f1xx_it.o
 .debug_abbrev  0x000009ec      0x2b4 Application\User\main.o
 .debug_abbrev  0x00000ca0       0x12 Application\TrueSTUDIO\startup_stm32f100xb.o

.debug_loc      0x00000000      0x287
 .debug_loc     0x00000000       0x21 UsrCode\Framework\Debouncer\Debouncer.o
 .debug_loc     0x00000021       0x21 UsrCode\Application\Relays\Relays.o
 .debug_loc     0x00000042       0xa2 UsrCode\Application\LEDs\LEDs.o
 .debug_loc     0x000000e4       0x85 UsrCode\Application\Display\Display.o
 .debug_loc     0x00000169       0x38 UsrCode\Application\Buttons\Buttons.o
 .debug_loc     0x000001a1       0xe6 Drivers\CMSIS\system_stm32f1xx.o

.debug_aranges  0x00000000      0x240
 .debug_aranges
                0x00000000       0x30 UsrCode\Framework\Debouncer\Debouncer.o
 .debug_aranges
                0x00000030       0x38 UsrCode\Application\Relays\Relays.o
 .debug_aranges
                0x00000068       0x30 UsrCode\Application\LEDs\LEDs.o
 .debug_aranges
                0x00000098       0x80 UsrCode\Application\Display\Display.o
 .debug_aranges
                0x00000118       0x38 UsrCode\Application\Buttons\Buttons.o
 .debug_aranges
                0x00000150       0x28 Drivers\CMSIS\system_stm32f1xx.o
 .debug_aranges
                0x00000178       0x70 Application\User\stm32f1xx_it.o
 .debug_aranges
                0x000001e8       0x30 Application\User\main.o
 .debug_aranges
                0x00000218       0x28 Application\TrueSTUDIO\startup_stm32f100xb.o

.debug_ranges   0x00000000      0x260
 .debug_ranges  0x00000000       0x20 UsrCode\Framework\Debouncer\Debouncer.o
 .debug_ranges  0x00000020       0x28 UsrCode\Application\Relays\Relays.o
 .debug_ranges  0x00000048       0x20 UsrCode\Application\LEDs\LEDs.o
 .debug_ranges  0x00000068       0x88 UsrCode\Application\Display\Display.o
 .debug_ranges  0x000000f0       0x28 UsrCode\Application\Buttons\Buttons.o
 .debug_ranges  0x00000118       0x18 Drivers\CMSIS\system_stm32f1xx.o
 .debug_ranges  0x00000130       0x60 Application\User\stm32f1xx_it.o
 .debug_ranges  0x00000190       0xb0 Application\User\main.o
 .debug_ranges  0x00000240       0x20 Application\TrueSTUDIO\startup_stm32f100xb.o

.debug_line     0x00000000     0x1aef
 .debug_line    0x00000000      0x17a UsrCode\Framework\Debouncer\Debouncer.o
 .debug_line    0x0000017a      0x2e4 UsrCode\Application\Relays\Relays.o
 .debug_line    0x0000045e      0x2f2 UsrCode\Application\LEDs\LEDs.o
 .debug_line    0x00000750      0x3c4 UsrCode\Application\Display\Display.o
 .debug_line    0x00000b14      0x2f9 UsrCode\Application\Buttons\Buttons.o
 .debug_line    0x00000e0d      0x240 Drivers\CMSIS\system_stm32f1xx.o
 .debug_line    0x0000104d      0x41e Application\User\stm32f1xx_it.o
 .debug_line    0x0000146b      0x5a1 Application\User\main.o
 .debug_line    0x00001a0c       0xe3 Application\TrueSTUDIO\startup_stm32f100xb.o

.debug_str      0x00000000     0x144e
 .debug_str     0x00000000      0x1f6 UsrCode\Framework\Debouncer\Debouncer.o
                                0x23d (size before relaxing)
 .debug_str     0x000001f6      0x13d UsrCode\Application\Relays\Relays.o
                                0x2c9 (size before relaxing)
 .debug_str     0x00000333       0xba UsrCode\Application\LEDs\LEDs.o
                                0x2cf (size before relaxing)
 .debug_str     0x000003ed      0x130 UsrCode\Application\Display\Display.o
                                0x341 (size before relaxing)
 .debug_str     0x0000051d      0x177 UsrCode\Application\Buttons\Buttons.o
                                0x3dd (size before relaxing)
 .debug_str     0x00000694      0x130 Drivers\CMSIS\system_stm32f1xx.o
                                0x2de (size before relaxing)
 .debug_str     0x000007c4      0x576 Application\User\stm32f1xx_it.o
                                0x779 (size before relaxing)
 .debug_str     0x00000d3a      0x714 Application\User\main.o
                                0xe8b (size before relaxing)

.comment        0x00000000       0x83
 .comment       0x00000000       0x83 UsrCode\Framework\Debouncer\Debouncer.o
                                 0x84 (size before relaxing)
 .comment       0x00000000       0x84 UsrCode\Application\Relays\Relays.o
 .comment       0x00000000       0x84 UsrCode\Application\LEDs\LEDs.o
 .comment       0x00000000       0x84 UsrCode\Application\Display\Display.o
 .comment       0x00000000       0x84 UsrCode\Application\Buttons\Buttons.o
 .comment       0x00000000       0x84 Drivers\CMSIS\system_stm32f1xx.o
 .comment       0x00000000       0x84 Application\User\stm32f1xx_it.o
 .comment       0x00000000       0x84 Application\User\main.o

.debug_frame    0x00000000      0x448
 .debug_frame   0x00000000       0x40 UsrCode\Framework\Debouncer\Debouncer.o
 .debug_frame   0x00000040       0x70 UsrCode\Application\Relays\Relays.o
 .debug_frame   0x000000b0       0x50 UsrCode\Application\LEDs\LEDs.o
 .debug_frame   0x00000100      0x148 UsrCode\Application\Display\Display.o
 .debug_frame   0x00000248       0x78 UsrCode\Application\Buttons\Buttons.o
 .debug_frame   0x000002c0       0x38 Drivers\CMSIS\system_stm32f1xx.o
 .debug_frame   0x000002f8       0xc8 Application\User\stm32f1xx_it.o
 .debug_frame   0x000003c0       0x5c Application\User\main.o
 .debug_frame   0x0000041c       0x2c c:/program files (x86)/atollic/truestudio for arm lite 5.3.0/armtools/bin/../lib/gcc/arm-atollic-eabi/4.8.3/../../../../arm-atollic-eabi/lib/armv7-m\libc.a(lib_a-init.o)

Cross Reference Table

Symbol                                            File
ADC1_IRQHandler                                   Application\User\stm32f1xx_it.o
AHBPrescTable                                     Drivers\CMSIS\system_stm32f1xx.o
APBPrescTable                                     Drivers\CMSIS\system_stm32f1xx.o
BusFault_Handler                                  Application\User\stm32f1xx_it.o
Button_GetEvent                                   UsrCode\Application\Buttons\Buttons.o
Buttons_GenerateEvent                             UsrCode\Application\Buttons\Buttons.o
                                                  Application\User\main.o
Buttons_Init                                      UsrCode\Application\Buttons\Buttons.o
                                                  Application\User\main.o
Buttons_Perform                                   UsrCode\Application\Buttons\Buttons.o
                                                  Application\User\stm32f1xx_it.o
CEC_IRQHandler                                    Application\TrueSTUDIO\startup_stm32f100xb.o
DMA1_Channel1_IRQHandler                          Application\TrueSTUDIO\startup_stm32f100xb.o
DMA1_Channel2_IRQHandler                          Application\TrueSTUDIO\startup_stm32f100xb.o
DMA1_Channel3_IRQHandler                          Application\TrueSTUDIO\startup_stm32f100xb.o
DMA1_Channel4_IRQHandler                          Application\TrueSTUDIO\startup_stm32f100xb.o
DMA1_Channel5_IRQHandler                          Application\TrueSTUDIO\startup_stm32f100xb.o
DMA1_Channel6_IRQHandler                          Application\TrueSTUDIO\startup_stm32f100xb.o
DMA1_Channel7_IRQHandler                          Application\TrueSTUDIO\startup_stm32f100xb.o
Debouncer_Apply                                   UsrCode\Framework\Debouncer\Debouncer.o
                                                  UsrCode\Application\Buttons\Buttons.o
Debouncer_GetData                                 UsrCode\Framework\Debouncer\Debouncer.o
                                                  UsrCode\Application\Buttons\Buttons.o
Debouncer_Init                                    UsrCode\Framework\Debouncer\Debouncer.o
                                                  UsrCode\Application\Buttons\Buttons.o
DebugMon_Handler                                  Application\User\stm32f1xx_it.o
Default_Handler                                   Application\TrueSTUDIO\startup_stm32f100xb.o
Display_DisplayNumber                             UsrCode\Application\Display\Display.o
Display_Perform                                   UsrCode\Application\Display\Display.o
                                                  Application\User\main.o
EXTI0_IRQHandler                                  Application\TrueSTUDIO\startup_stm32f100xb.o
EXTI15_10_IRQHandler                              Application\TrueSTUDIO\startup_stm32f100xb.o
EXTI1_IRQHandler                                  Application\TrueSTUDIO\startup_stm32f100xb.o
EXTI2_IRQHandler                                  Application\TrueSTUDIO\startup_stm32f100xb.o
EXTI3_IRQHandler                                  Application\TrueSTUDIO\startup_stm32f100xb.o
EXTI4_IRQHandler                                  Application\TrueSTUDIO\startup_stm32f100xb.o
EXTI9_5_IRQHandler                                Application\TrueSTUDIO\startup_stm32f100xb.o
Error_Handler                                     Application\User\main.o
FLASH_IRQHandler                                  Application\TrueSTUDIO\startup_stm32f100xb.o
GPIO_ReadOutputDataBit                            UsrCode\Application\Buttons\Buttons.o
HAL_ADC_ConfigChannel                             Application\User\main.o
HAL_ADC_IRQHandler                                Application\User\stm32f1xx_it.o
HAL_ADC_Init                                      Application\User\main.o
HAL_ADC_MspDeInit                                 Application\User\stm32f1xx_hal_msp.o
HAL_ADC_MspInit                                   Application\User\stm32f1xx_hal_msp.o
HAL_GPIO_DeInit                                   Application\User\stm32f1xx_hal_msp.o
HAL_GPIO_Init                                     Application\User\main.o
                                                  Application\User\stm32f1xx_hal_msp.o
HAL_GPIO_ReadPin                                  UsrCode\Application\LEDs\LEDs.o
HAL_GPIO_WritePin                                 Application\User\main.o
                                                  UsrCode\Application\Display\Display.o
                                                  UsrCode\Application\LEDs\LEDs.o
                                                  UsrCode\Application\Relays\Relays.o
HAL_IncTick                                       Application\User\stm32f1xx_it.o
HAL_Init                                          Application\User\main.o
HAL_MspInit                                       Application\User\stm32f1xx_hal_msp.o
HAL_NVIC_DisableIRQ                               Application\User\stm32f1xx_hal_msp.o
HAL_NVIC_EnableIRQ                                Application\User\stm32f1xx_hal_msp.o
HAL_NVIC_SetPriority                              Application\User\main.o
                                                  Application\User\stm32f1xx_hal_msp.o
HAL_NVIC_SetPriorityGrouping                      Application\User\stm32f1xx_hal_msp.o
HAL_RCCEx_PeriphCLKConfig                         Application\User\main.o
HAL_RCC_ClockConfig                               Application\User\main.o
HAL_RCC_EnableCSS                                 Application\User\main.o
HAL_RCC_GetHCLKFreq                               Application\User\main.o
HAL_RCC_NMI_IRQHandler                            Application\User\stm32f1xx_it.o
HAL_RCC_OscConfig                                 Application\User\main.o
HAL_SYSTICK_CLKSourceConfig                       Application\User\main.o
HAL_SYSTICK_Config                                Application\User\main.o
HAL_SYSTICK_IRQHandler                            Application\User\stm32f1xx_it.o
HAL_UART_IRQHandler                               Application\User\stm32f1xx_it.o
HAL_UART_Init                                     Application\User\main.o
HAL_UART_MspDeInit                                Application\User\stm32f1xx_hal_msp.o
HAL_UART_MspInit                                  Application\User\stm32f1xx_hal_msp.o
HAL_WWDG_Init                                     Application\User\main.o
HAL_WWDG_MspDeInit                                Application\User\stm32f1xx_hal_msp.o
HAL_WWDG_MspInit                                  Application\User\stm32f1xx_hal_msp.o
HardFault_Handler                                 Application\User\stm32f1xx_it.o
I2C1_ER_IRQHandler                                Application\TrueSTUDIO\startup_stm32f100xb.o
I2C1_EV_IRQHandler                                Application\TrueSTUDIO\startup_stm32f100xb.o
I2C2_ER_IRQHandler                                Application\TrueSTUDIO\startup_stm32f100xb.o
I2C2_EV_IRQHandler                                Application\TrueSTUDIO\startup_stm32f100xb.o
LEDs_GetState                                     UsrCode\Application\LEDs\LEDs.o
                                                  Application\User\main.o
LEDs_Perform                                      UsrCode\Application\LEDs\LEDs.o
                                                  Application\User\main.o
LEDs_SetState                                     UsrCode\Application\LEDs\LEDs.o
                                                  Application\User\main.o
MemManage_Handler                                 Application\User\stm32f1xx_it.o
NMI_Handler                                       Application\User\stm32f1xx_it.o
PVD_IRQHandler                                    Application\TrueSTUDIO\startup_stm32f100xb.o
PendSV_Handler                                    Application\User\stm32f1xx_it.o
RCC_IRQHandler                                    Application\TrueSTUDIO\startup_stm32f100xb.o
RTC_Alarm_IRQHandler                              Application\TrueSTUDIO\startup_stm32f100xb.o
RTC_IRQHandler                                    Application\TrueSTUDIO\startup_stm32f100xb.o
Relays_CompressorSetState                         UsrCode\Application\Relays\Relays.o
Relays_Init                                       UsrCode\Application\Relays\Relays.o
                                                  Application\User\main.o
Relays_LightSetState                              UsrCode\Application\Relays\Relays.o
Relays_Perform                                    UsrCode\Application\Relays\Relays.o
                                                  Application\User\main.o
Reset_Handler                                     Application\TrueSTUDIO\startup_stm32f100xb.o
SPI1_IRQHandler                                   Application\TrueSTUDIO\startup_stm32f100xb.o
SVC_Handler                                       Application\User\stm32f1xx_it.o
SysTick_Handler                                   Application\User\stm32f1xx_it.o
SystemClock_Config                                Application\User\main.o
SystemCoreClock                                   Drivers\CMSIS\system_stm32f1xx.o
SystemCoreClockUpdate                             Drivers\CMSIS\system_stm32f1xx.o
SystemInit                                        Drivers\CMSIS\system_stm32f1xx.o
                                                  Application\TrueSTUDIO\startup_stm32f100xb.o
TAMPER_IRQHandler                                 Application\TrueSTUDIO\startup_stm32f100xb.o
TIM1_BRK_TIM15_IRQHandler                         Application\TrueSTUDIO\startup_stm32f100xb.o
TIM1_CC_IRQHandler                                Application\TrueSTUDIO\startup_stm32f100xb.o
TIM1_TRG_COM_TIM17_IRQHandler                     Application\TrueSTUDIO\startup_stm32f100xb.o
TIM1_UP_TIM16_IRQHandler                          Application\TrueSTUDIO\startup_stm32f100xb.o
TIM2_IRQHandler                                   Application\TrueSTUDIO\startup_stm32f100xb.o
TIM3_IRQHandler                                   Application\TrueSTUDIO\startup_stm32f100xb.o
TIM4_IRQHandler                                   Application\TrueSTUDIO\startup_stm32f100xb.o
TIM6_DAC_IRQHandler                               Application\TrueSTUDIO\startup_stm32f100xb.o
TIM7_IRQHandler                                   Application\TrueSTUDIO\startup_stm32f100xb.o
Task_Display_InitState                            UsrCode\Application\Display\Display.o
USART1_IRQHandler                                 Application\TrueSTUDIO\startup_stm32f100xb.o
USART2_IRQHandler                                 Application\User\stm32f1xx_it.o
USART3_IRQHandler                                 Application\TrueSTUDIO\startup_stm32f100xb.o
UsageFault_Handler                                Application\User\stm32f1xx_it.o
WWDG_IRQHandler                                   Application\TrueSTUDIO\startup_stm32f100xb.o
__deregister_frame_info                           c:/program files (x86)/atollic/truestudio for arm lite 5.3.0/armtools/bin/../lib/gcc/arm-atollic-eabi/4.8.3/armv7-m/crtbegin.o
__dso_handle                                      c:/program files (x86)/atollic/truestudio for arm lite 5.3.0/armtools/bin/../lib/gcc/arm-atollic-eabi/4.8.3/armv7-m/crtbegin.o
__init_array_end                                  c:/program files (x86)/atollic/truestudio for arm lite 5.3.0/armtools/bin/../lib/gcc/arm-atollic-eabi/4.8.3/../../../../arm-atollic-eabi/lib/armv7-m\libc.a(lib_a-init.o)
__init_array_start                                c:/program files (x86)/atollic/truestudio for arm lite 5.3.0/armtools/bin/../lib/gcc/arm-atollic-eabi/4.8.3/../../../../arm-atollic-eabi/lib/armv7-m\libc.a(lib_a-init.o)
__libc_init_array                                 c:/program files (x86)/atollic/truestudio for arm lite 5.3.0/armtools/bin/../lib/gcc/arm-atollic-eabi/4.8.3/../../../../arm-atollic-eabi/lib/armv7-m\libc.a(lib_a-init.o)
                                                  Application\TrueSTUDIO\startup_stm32f100xb.o
__preinit_array_end                               c:/program files (x86)/atollic/truestudio for arm lite 5.3.0/armtools/bin/../lib/gcc/arm-atollic-eabi/4.8.3/../../../../arm-atollic-eabi/lib/armv7-m\libc.a(lib_a-init.o)
__preinit_array_start                             c:/program files (x86)/atollic/truestudio for arm lite 5.3.0/armtools/bin/../lib/gcc/arm-atollic-eabi/4.8.3/../../../../arm-atollic-eabi/lib/armv7-m\libc.a(lib_a-init.o)
__register_frame_info                             c:/program files (x86)/atollic/truestudio for arm lite 5.3.0/armtools/bin/../lib/gcc/arm-atollic-eabi/4.8.3/armv7-m/crtbegin.o
_ebss                                             Application\TrueSTUDIO\startup_stm32f100xb.o
_edata                                            Application\TrueSTUDIO\startup_stm32f100xb.o
_estack                                           Application\TrueSTUDIO\startup_stm32f100xb.o
_fini                                             c:/program files (x86)/atollic/truestudio for arm lite 5.3.0/armtools/bin/../lib/gcc/arm-atollic-eabi/4.8.3/armv7-m/crti.o
_init                                             c:/program files (x86)/atollic/truestudio for arm lite 5.3.0/armtools/bin/../lib/gcc/arm-atollic-eabi/4.8.3/armv7-m/crti.o
                                                  c:/program files (x86)/atollic/truestudio for arm lite 5.3.0/armtools/bin/../lib/gcc/arm-atollic-eabi/4.8.3/../../../../arm-atollic-eabi/lib/armv7-m\libc.a(lib_a-init.o)
_sbss                                             Application\TrueSTUDIO\startup_stm32f100xb.o
_sdata                                            Application\TrueSTUDIO\startup_stm32f100xb.o
_sidata                                           Application\TrueSTUDIO\startup_stm32f100xb.o
b10msPassed                                       Application\User\main.o
                                                  Application\User\stm32f1xx_it.o
g_pfnVectors                                      Application\TrueSTUDIO\startup_stm32f100xb.o
hadc1                                             Application\User\main.o
                                                  Application\User\stm32f1xx_it.o
huart2                                            Application\User\main.o
                                                  Application\User\stm32f1xx_it.o
hwwdg                                             Application\User\main.o
kLEDs                                             UsrCode\Application\LEDs\LEDs.o
kRelays                                           UsrCode\Application\Relays\Relays.o
main                                              Application\User\main.o
                                                  Application\TrueSTUDIO\startup_stm32f100xb.o
tButtons                                          UsrCode\Application\Buttons\Buttons.o
