Archive member included because of file (symbol)

c:/program files (x86)/atollic/truestudio for arm lite 5.3.0/armtools/bin/../lib/gcc/arm-atollic-eabi/4.8.3/../../../../arm-atollic-eabi/lib/armv7-m\libc.a(lib_a-init.o)
                              Drivers\CMSIS\Device\ST\STM32F1xx\Source\Templates\gcc\startup_stm32f100xb.o (__libc_init_array)
c:/program files (x86)/atollic/truestudio for arm lite 5.3.0/armtools/bin/../lib/gcc/arm-atollic-eabi/4.8.3/../../../../arm-atollic-eabi/lib/armv7-m\libc.a(lib_a-memset.o)
                              Drivers\STM32F1xx_HAL_Driver\Src\stm32f1xx_hal_rcc.o (memset)
c:/program files (x86)/atollic/truestudio for arm lite 5.3.0/armtools/bin/../lib/gcc/arm-atollic-eabi/4.8.3/armv7-m\libgcc.a(_lshrdi3.o)
                              Drivers\STM32F1xx_HAL_Driver\Src\stm32f1xx_hal_flash.o (__aeabi_llsr)

Allocating common symbols
Common symbol       size              file

kCompressor         0x4               TrueSTUDIO\Coldenberg17\UsrCode\Application\Relays\Relays.o
tBuffer             0xc8              TrueSTUDIO\Coldenberg17\UsrCode\Application\Ntc\Ntc.o
kLEDs               0x3               TrueSTUDIO\Coldenberg17\UsrCode\Application\LEDs\LEDs.o
pFlash              0x20              Drivers\STM32F1xx_HAL_Driver\Src\stm32f1xx_hal_flash.o
kFilter             0xc               TrueSTUDIO\Coldenberg17\UsrCode\Application\Ntc\Ntc.o
kLogic              0x4               TrueSTUDIO\Coldenberg17\UsrCode\Application\Logic.o
hadc1               0x30              Src\main.o
tButtons            0x24              TrueSTUDIO\Coldenberg17\UsrCode\Application\Buttons\Buttons.o
kLedsManager        0x4               TrueSTUDIO\Coldenberg17\UsrCode\Managers\LedsManager\LedsManager.o
hwwdg               0x14              Src\main.o
oTempManager        0x4               TrueSTUDIO\Coldenberg17\UsrCode\Managers\TemperatureManager\TemperatureManager.o
huart2              0x40              Src\main.o

Discarded input sections

 .text          0x00000000        0x0 c:/program files (x86)/atollic/truestudio for arm lite 5.3.0/armtools/bin/../lib/gcc/arm-atollic-eabi/4.8.3/armv7-m/crti.o
 .data          0x00000000        0x0 c:/program files (x86)/atollic/truestudio for arm lite 5.3.0/armtools/bin/../lib/gcc/arm-atollic-eabi/4.8.3/armv7-m/crti.o
 .bss           0x00000000        0x0 c:/program files (x86)/atollic/truestudio for arm lite 5.3.0/armtools/bin/../lib/gcc/arm-atollic-eabi/4.8.3/armv7-m/crti.o
 .data          0x00000000        0x4 c:/program files (x86)/atollic/truestudio for arm lite 5.3.0/armtools/bin/../lib/gcc/arm-atollic-eabi/4.8.3/armv7-m/crtbegin.o
 .text          0x00000000        0x0 TrueSTUDIO\Coldenberg17\UsrCode\Managers\TemperatureManager\TemperatureManager.o
 .data          0x00000000        0x0 TrueSTUDIO\Coldenberg17\UsrCode\Managers\TemperatureManager\TemperatureManager.o
 .bss           0x00000000        0x0 TrueSTUDIO\Coldenberg17\UsrCode\Managers\TemperatureManager\TemperatureManager.o
 .text          0x00000000        0x0 TrueSTUDIO\Coldenberg17\UsrCode\Managers\LightManager\LightManager.o
 .data          0x00000000        0x0 TrueSTUDIO\Coldenberg17\UsrCode\Managers\LightManager\LightManager.o
 .bss           0x00000000        0x0 TrueSTUDIO\Coldenberg17\UsrCode\Managers\LightManager\LightManager.o
 .text          0x00000000        0x0 TrueSTUDIO\Coldenberg17\UsrCode\Managers\LedsManager\LedsManager.o
 .data          0x00000000        0x0 TrueSTUDIO\Coldenberg17\UsrCode\Managers\LedsManager\LedsManager.o
 .bss           0x00000000        0x0 TrueSTUDIO\Coldenberg17\UsrCode\Managers\LedsManager\LedsManager.o
 .text          0x00000000        0x0 TrueSTUDIO\Coldenberg17\UsrCode\Managers\BluetoothManager\BluetoothManager.o
 .data          0x00000000        0x0 TrueSTUDIO\Coldenberg17\UsrCode\Managers\BluetoothManager\BluetoothManager.o
 .bss           0x00000000        0x0 TrueSTUDIO\Coldenberg17\UsrCode\Managers\BluetoothManager\BluetoothManager.o
 .text          0x00000000        0x0 TrueSTUDIO\Coldenberg17\UsrCode\Framework\Flash\Flash.o
 .data          0x00000000        0x0 TrueSTUDIO\Coldenberg17\UsrCode\Framework\Flash\Flash.o
 .bss           0x00000000        0x0 TrueSTUDIO\Coldenberg17\UsrCode\Framework\Flash\Flash.o
 .text          0x00000000        0x0 TrueSTUDIO\Coldenberg17\UsrCode\Framework\FIR\FIR.o
 .data          0x00000000        0x0 TrueSTUDIO\Coldenberg17\UsrCode\Framework\FIR\FIR.o
 .bss           0x00000000        0x0 TrueSTUDIO\Coldenberg17\UsrCode\Framework\FIR\FIR.o
 .text          0x00000000        0x0 TrueSTUDIO\Coldenberg17\UsrCode\Framework\Debouncer\Debouncer.o
 .data          0x00000000        0x0 TrueSTUDIO\Coldenberg17\UsrCode\Framework\Debouncer\Debouncer.o
 .bss           0x00000000        0x0 TrueSTUDIO\Coldenberg17\UsrCode\Framework\Debouncer\Debouncer.o
 .text          0x00000000        0x0 TrueSTUDIO\Coldenberg17\UsrCode\Framework\Counter\Counter.o
[...]
Memory Configuration

Name             Origin             Length             Attributes
RAM              0x20000000         0x00002000         xrw
FLASH            0x08000000         0x00010000         xr
*default*        0x00000000         0xffffffff

Linker script and memory map

LOAD c:/program files (x86)/atollic/truestudio for arm lite 5.3.0/armtools/bin/../lib/gcc/arm-atollic-eabi/4.8.3/armv7-m/crti.o
LOAD c:/program files (x86)/atollic/truestudio for arm lite 5.3.0/armtools/bin/../lib/gcc/arm-atollic-eabi/4.8.3/armv7-m/crtbegin.o
LOAD TrueSTUDIO\Coldenberg17\UsrCode\Managers\TemperatureManager\TemperatureManager.o
LOAD TrueSTUDIO\Coldenberg17\UsrCode\Managers\LightManager\LightManager.o
LOAD TrueSTUDIO\Coldenberg17\UsrCode\Managers\LedsManager\LedsManager.o
LOAD TrueSTUDIO\Coldenberg17\UsrCode\Managers\BluetoothManager\BluetoothManager.o
LOAD TrueSTUDIO\Coldenberg17\UsrCode\Framework\Flash\Flash.o
LOAD TrueSTUDIO\Coldenberg17\UsrCode\Framework\FIR\FIR.o
LOAD TrueSTUDIO\Coldenberg17\UsrCode\Framework\Debouncer\Debouncer.o
LOAD TrueSTUDIO\Coldenberg17\UsrCode\Framework\Counter\Counter.o
LOAD TrueSTUDIO\Coldenberg17\UsrCode\Application\Relays\Relays.o
LOAD TrueSTUDIO\Coldenberg17\UsrCode\Application\Ntc\Ntc.o
LOAD TrueSTUDIO\Coldenberg17\UsrCode\Application\Logic.o
LOAD TrueSTUDIO\Coldenberg17\UsrCode\Application\LEDs\LEDs.o
LOAD TrueSTUDIO\Coldenberg17\UsrCode\Application\Display\Display.o
LOAD TrueSTUDIO\Coldenberg17\UsrCode\Application\Buttons\Buttons.o
LOAD Src\system_stm32f1xx.o
LOAD Src\stm32f1xx_it.o
LOAD Src\stm32f1xx_hal_msp.o
LOAD Src\main.o
LOAD Drivers\STM32F1xx_HAL_Driver\Src\stm32f1xx_hal_wwdg.o
LOAD Drivers\STM32F1xx_HAL_Driver\Src\stm32f1xx_hal_uart.o
LOAD Drivers\STM32F1xx_HAL_Driver\Src\stm32f1xx_hal_tim_ex.o
LOAD Drivers\STM32F1xx_HAL_Driver\Src\stm32f1xx_hal_tim.o
LOAD Drivers\STM32F1xx_HAL_Driver\Src\stm32f1xx_hal_rcc_ex.o
LOAD Drivers\STM32F1xx_HAL_Driver\Src\stm32f1xx_hal_rcc.o
LOAD Drivers\STM32F1xx_HAL_Driver\Src\stm32f1xx_hal_pwr.o
LOAD Drivers\STM32F1xx_HAL_Driver\Src\stm32f1xx_hal_gpio_ex.o
LOAD Drivers\STM32F1xx_HAL_Driver\Src\stm32f1xx_hal_gpio.o
LOAD Drivers\STM32F1xx_HAL_Driver\Src\stm32f1xx_hal_flash_ex.o
LOAD Drivers\STM32F1xx_HAL_Driver\Src\stm32f1xx_hal_flash.o
LOAD Drivers\STM32F1xx_HAL_Driver\Src\stm32f1xx_hal_dma.o
LOAD Drivers\STM32F1xx_HAL_Driver\Src\stm32f1xx_hal_cortex.o
LOAD Drivers\STM32F1xx_HAL_Driver\Src\stm32f1xx_hal_adc_ex.o
LOAD Drivers\STM32F1xx_HAL_Driver\Src\stm32f1xx_hal_adc.o
LOAD Drivers\STM32F1xx_HAL_Driver\Src\stm32f1xx_hal.o
LOAD Drivers\CMSIS\Device\ST\STM32F1xx\Source\Templates\gcc\startup_stm32f100xb.o
START GROUP
LOAD c:/program files (x86)/atollic/truestudio for arm lite 5.3.0/armtools/bin/../lib/gcc/arm-atollic-eabi/4.8.3/../../../../arm-atollic-eabi/lib/armv7-m\libc.a
LOAD c:/program files (x86)/atollic/truestudio for arm lite 5.3.0/armtools/bin/../lib/gcc/arm-atollic-eabi/4.8.3/../../../../arm-atollic-eabi/lib/armv7-m\libm.a
END GROUP
                0x00001000                malloc_getpagesize_P = 0x1000
START GROUP
LOAD c:/program files (x86)/atollic/truestudio for arm lite 5.3.0/armtools/bin/../lib/gcc/arm-atollic-eabi/4.8.3/armv7-m\libgcc.a
LOAD c:/program files (x86)/atollic/truestudio for arm lite 5.3.0/armtools/bin/../lib/gcc/arm-atollic-eabi/4.8.3/../../../../arm-atollic-eabi/lib/armv7-m\libc.a
END GROUP
LOAD c:/program files (x86)/atollic/truestudio for arm lite 5.3.0/armtools/bin/../lib/gcc/arm-atollic-eabi/4.8.3/armv7-m/crtend.o
LOAD c:/program files (x86)/atollic/truestudio for arm lite 5.3.0/armtools/bin/../lib/gcc/arm-atollic-eabi/4.8.3/armv7-m/crtn.o
                0x20002000                _estack = 0x20002000
                0x00000200                _Min_Heap_Size = 0x200
                0x00000400                _Min_Stack_Size = 0x400

.isr_vector     0x08000000      0x1d0
                0x08000000                . = ALIGN (0x4)
 *(.isr_vector)
 .isr_vector    0x08000000      0x1d0 Drivers\CMSIS\Device\ST\STM32F1xx\Source\Templates\gcc\startup_stm32f100xb.o
                0x08000000                g_pfnVectors
                0x080001d0                . = ALIGN (0x4)

.text           0x080001d0     0x29cc
                0x080001d0                . = ALIGN (0x4)
 *(.text)
 .text          0x080001d0       0x40 c:/program files (x86)/atollic/truestudio for arm lite 5.3.0/armtools/bin/../lib/gcc/arm-atollic-eabi/4.8.3/armv7-m/crtbegin.o
 .text          0x08000210       0x18 c:/program files (x86)/atollic/truestudio for arm lite 5.3.0/armtools/bin/../lib/gcc/arm-atollic-eabi/4.8.3/armv7-m\libgcc.a(_lshrdi3.o)
                0x08000210                __lshrdi3
                0x08000210                __aeabi_llsr
 *(.text*)
 .text.TemperatureManager_Perform
                0x08000228       0xdc TrueSTUDIO\Coldenberg17\UsrCode\Managers\TemperatureManager\TemperatureManager.o
                0x08000228                TemperatureManager_Perform
 .text.TemperatureManager_SetTemp
                0x08000304        0xc TrueSTUDIO\Coldenberg17\UsrCode\Managers\TemperatureManager\TemperatureManager.o
                0x08000304                TemperatureManager_SetTemp
 .text.TemperatureManager_GetTempTarget
                0x08000310        0xc TrueSTUDIO\Coldenberg17\UsrCode\Managers\TemperatureManager\TemperatureManager.o
                0x08000310                TemperatureManager_GetTempTarget
 .text.LightManager_Perform
                0x0800031c       0x48 TrueSTUDIO\Coldenberg17\UsrCode\Managers\LightManager\LightManager.o
                0x0800031c                LightManager_Perform
 .text.LedsManager_Perform
                0x08000364       0xb0 TrueSTUDIO\Coldenberg17\UsrCode\Managers\LedsManager\LedsManager.o
                0x08000364                LedsManager_Perform
 .text.LedsManager_SetBlink
                0x08000414       0x30 TrueSTUDIO\Coldenberg17\UsrCode\Managers\LedsManager\LedsManager.o
                0x08000414                LedsManager_SetBlink
 .text.LedsManager_SetAllOff
                0x08000444        0xc TrueSTUDIO\Coldenberg17\UsrCode\Managers\LedsManager\LedsManager.o
                0x08000444                LedsManager_SetAllOff
 .text.LedsManager_SetAllOn
                0x08000450        0xc TrueSTUDIO\Coldenberg17\UsrCode\Managers\LedsManager\LedsManager.o
                0x08000450                LedsManager_SetAllOn
 .text.BluetoothManager_Perform
                0x0800045c       0x38 TrueSTUDIO\Coldenberg17\UsrCode\Managers\BluetoothManager\BluetoothManager.o
                0x0800045c                BluetoothManager_Perform
 .text.Flash_SaveValue
                0x08000494       0x64 TrueSTUDIO\Coldenberg17\UsrCode\Framework\Flash\Flash.o
                0x08000494                Flash_SaveValue
 .text.Flash_GetLastValue
                0x080004f8       0x28 TrueSTUDIO\Coldenberg17\UsrCode\Framework\Flash\Flash.o
                0x080004f8                Flash_GetLastValue
 .text.FIR_Initialize
                0x08000520        0xc TrueSTUDIO\Coldenberg17\UsrCode\Framework\FIR\FIR.o
                0x08000520                FIR_Initialize
 .text.FIR_RegisterValue
                0x0800052c       0x38 TrueSTUDIO\Coldenberg17\UsrCode\Framework\FIR\FIR.o
                0x0800052c                FIR_RegisterValue
 .text.FIR_GetFilteredValue
                0x08000564        0x4 TrueSTUDIO\Coldenberg17\UsrCode\Framework\FIR\FIR.o
                0x08000564                FIR_GetFilteredValue
 .text.Debouncer_Init
                0x08000568        0xa TrueSTUDIO\Coldenberg17\UsrCode\Framework\Debouncer\Debouncer.o
                0x08000568                Debouncer_Init
 .text.Debouncer_Apply
                0x08000572       0x1c TrueSTUDIO\Coldenberg17\UsrCode\Framework\Debouncer\Debouncer.o
                0x08000572                Debouncer_Apply
 .text.Debouncer_GetData
                0x0800058e        0x4 TrueSTUDIO\Coldenberg17\UsrCode\Framework\Debouncer\Debouncer.o
                0x0800058e                Debouncer_GetData
 .text.Counter_SetTimeout
                0x08000592        0x4 TrueSTUDIO\Coldenberg17\UsrCode\Framework\Counter\Counter.o
                0x08000592                Counter_SetTimeout
 .text.Counter_TickTimeout
                0x08000596        0xa TrueSTUDIO\Coldenberg17\UsrCode\Framework\Counter\Counter.o
                0x08000596                Counter_TickTimeout
 .text.Counter_IsTimeoutExpired
                0x080005a0        0xc TrueSTUDIO\Coldenberg17\UsrCode\Framework\Counter\Counter.o
                0x080005a0                Counter_IsTimeoutExpired
 .text.Compressor_SetState
                0x080005ac       0x70 TrueSTUDIO\Coldenberg17\UsrCode\Application\Relays\Relays.o
 .text.Relays_Init
                0x0800061c       0x40 TrueSTUDIO\Coldenberg17\UsrCode\Application\Relays\Relays.o
                0x0800061c                Relays_Init
 .text.Relays_Perform
                0x0800065c       0x70 TrueSTUDIO\Coldenberg17\UsrCode\Application\Relays\Relays.o
                0x0800065c                Relays_Perform
 .text.Relays_CompressorSetState
                0x080006cc        0xc TrueSTUDIO\Coldenberg17\UsrCode\Application\Relays\Relays.o
                0x080006cc                Relays_CompressorSetState
 .text.Relays_LightSetState
                0x080006d8       0x14 TrueSTUDIO\Coldenberg17\UsrCode\Application\Relays\Relays.o
                0x080006d8                Relays_LightSetState
 .text.Ntc_Initialize
                0x080006ec       0x24 TrueSTUDIO\Coldenberg17\UsrCode\Application\Ntc\Ntc.o
                0x080006ec                Ntc_Initialize
 .text.Ntc_Perform
                0x08000710       0x28 TrueSTUDIO\Coldenberg17\UsrCode\Application\Ntc\Ntc.o
                0x08000710                Ntc_Perform
 .text.Ntc_GetValue
                0x08000738       0x2c TrueSTUDIO\Coldenberg17\UsrCode\Application\Ntc\Ntc.o
                0x08000738                Ntc_GetValue
 .text.Ntc_GetRawValue
                0x08000764        0xc TrueSTUDIO\Coldenberg17\UsrCode\Application\Ntc\Ntc.o
                0x08000764                Ntc_GetRawValue
 .text.Logic_Perform
                0x08000770      0x15c TrueSTUDIO\Coldenberg17\UsrCode\Application\Logic.o
                0x08000770                Logic_Perform
 .text.LEDs_Perform
                0x080008cc       0x3c TrueSTUDIO\Coldenberg17\UsrCode\Application\LEDs\LEDs.o
                0x080008cc                LEDs_Perform
 .text.LEDs_SetState
                0x08000908       0x24 TrueSTUDIO\Coldenberg17\UsrCode\Application\LEDs\LEDs.o
                0x08000908                LEDs_SetState
 .text.Display_9
                0x0800092c       0x58 TrueSTUDIO\Coldenberg17\UsrCode\Application\Display\Display.o
 .text.Display_8
                0x08000984       0x58 TrueSTUDIO\Coldenberg17\UsrCode\Application\Display\Display.o
 .text.Display_7
                0x080009dc       0x58 TrueSTUDIO\Coldenberg17\UsrCode\Application\Display\Display.o
 .text.Display_6
                0x08000a34       0x58 TrueSTUDIO\Coldenberg17\UsrCode\Application\Display\Display.o
 .text.Display_5
                0x08000a8c       0x58 TrueSTUDIO\Coldenberg17\UsrCode\Application\Display\Display.o
 .text.Display_4
                0x08000ae4       0x58 TrueSTUDIO\Coldenberg17\UsrCode\Application\Display\Display.o
 .text.Display_3
                0x08000b3c       0x58 TrueSTUDIO\Coldenberg17\UsrCode\Application\Display\Display.o
 .text.Display_2
                0x08000b94       0x58 TrueSTUDIO\Coldenberg17\UsrCode\Application\Display\Display.o
 .text.Display_1
                0x08000bec       0x58 TrueSTUDIO\Coldenberg17\UsrCode\Application\Display\Display.o
 .text.Display_0
                0x08000c44       0x58 TrueSTUDIO\Coldenberg17\UsrCode\Application\Display\Display.o
 .text.Display_Perform
                0x08000c9c       0x74 TrueSTUDIO\Coldenberg17\UsrCode\Application\Display\Display.o
                0x08000c9c                Display_Perform
 .text.Display_InitState
                0x08000d10       0x70 TrueSTUDIO\Coldenberg17\UsrCode\Application\Display\Display.o
                0x08000d10                Display_InitState
 .text.Display_DisplayNumber
                0x08000d80        0xc TrueSTUDIO\Coldenberg17\UsrCode\Application\Display\Display.o
                0x08000d80                Display_DisplayNumber
 .text.Buttons_Perform
                0x08000d8c       0x5c TrueSTUDIO\Coldenberg17\UsrCode\Application\Buttons\Buttons.o
                0x08000d8c                Buttons_Perform
 .text.Buttons_Init
                0x08000de8       0x40 TrueSTUDIO\Coldenberg17\UsrCode\Application\Buttons\Buttons.o
                0x08000de8                Buttons_Init
 .text.Buttons_GenerateEvent
                0x08000e28       0x50 TrueSTUDIO\Coldenberg17\UsrCode\Application\Buttons\Buttons.o
                0x08000e28                Buttons_GenerateEvent
 .text.Button_GetEvent
                0x08000e78       0x10 TrueSTUDIO\Coldenberg17\UsrCode\Application\Buttons\Buttons.o
                0x08000e78                Button_GetEvent
 .text.SystemInit
                0x08000e88       0x50 Src\system_stm32f1xx.o
                0x08000e88                SystemInit
 .text.NMI_Handler
                0x08000ed8        0x4 Src\stm32f1xx_it.o
                0x08000ed8                NMI_Handler
 .text.HardFault_Handler
                0x08000edc        0x2 Src\stm32f1xx_it.o
                0x08000edc                HardFault_Handler
 .text.MemManage_Handler
                0x08000ede        0x2 Src\stm32f1xx_it.o
                0x08000ede                MemManage_Handler
 .text.BusFault_Handler
                0x08000ee0        0x2 Src\stm32f1xx_it.o
                0x08000ee0                BusFault_Handler
 .text.UsageFault_Handler
                0x08000ee2        0x2 Src\stm32f1xx_it.o
                0x08000ee2                UsageFault_Handler
 .text.SVC_Handler
                0x08000ee4        0x2 Src\stm32f1xx_it.o
                0x08000ee4                SVC_Handler
 .text.DebugMon_Handler
                0x08000ee6        0x2 Src\stm32f1xx_it.o
                0x08000ee6                DebugMon_Handler
 .text.PendSV_Handler
                0x08000ee8        0x2 Src\stm32f1xx_it.o
                0x08000ee8                PendSV_Handler
 *fill*         0x08000eea        0x2 
 .text.SysTick_Handler
                0x08000eec       0x48 Src\stm32f1xx_it.o
                0x08000eec                SysTick_Handler
 .text.ADC1_IRQHandler
                0x08000f34        0xc Src\stm32f1xx_it.o
                0x08000f34                ADC1_IRQHandler
 .text.USART2_IRQHandler
                0x08000f40        0xc Src\stm32f1xx_it.o
                0x08000f40                USART2_IRQHandler
 .text.HAL_MspInit
                0x08000f4c       0x8c Src\stm32f1xx_hal_msp.o
                0x08000f4c                HAL_MspInit
 .text.HAL_ADC_MspInit
                0x08000fd8       0x50 Src\stm32f1xx_hal_msp.o
                0x08000fd8                HAL_ADC_MspInit
 .text.HAL_UART_MspInit
                0x08001028       0x68 Src\stm32f1xx_hal_msp.o
                0x08001028                HAL_UART_MspInit
 .text.HAL_WWDG_MspInit
                0x08001090       0x28 Src\stm32f1xx_hal_msp.o
                0x08001090                HAL_WWDG_MspInit
 .text.SystemClock_Config
                0x080010b8       0x78 Src\main.o
                0x080010b8                SystemClock_Config
 .text.startup.main
                0x08001130      0x188 Src\main.o
                0x08001130                main
 .text.HAL_WWDG_Init
                0x080012b8       0x46 Drivers\STM32F1xx_HAL_Driver\Src\stm32f1xx_hal_wwdg.o
                0x080012b8                HAL_WWDG_Init
 *fill*         0x080012fe        0x2 
 .text.UART_SetConfig
                0x08001300      0x130 Drivers\STM32F1xx_HAL_Driver\Src\stm32f1xx_hal_uart.o
 .text.HAL_UART_Init
                0x08001430       0x58 Drivers\STM32F1xx_HAL_Driver\Src\stm32f1xx_hal_uart.o
                0x08001430                HAL_UART_Init
 .text.HAL_UART_Transmit_IT
                0x08001488       0x54 Drivers\STM32F1xx_HAL_Driver\Src\stm32f1xx_hal_uart.o
                0x08001488                HAL_UART_Transmit_IT
 .text.HAL_UART_TxCpltCallback
                0x080014dc        0x2 Drivers\STM32F1xx_HAL_Driver\Src\stm32f1xx_hal_uart.o
                0x080014dc                HAL_UART_TxCpltCallback
 .text.HAL_UART_RxCpltCallback
                0x080014de        0x2 Drivers\STM32F1xx_HAL_Driver\Src\stm32f1xx_hal_uart.o
                0x080014de                HAL_UART_RxCpltCallback
 .text.HAL_UART_ErrorCallback
                0x080014e0        0x2 Drivers\STM32F1xx_HAL_Driver\Src\stm32f1xx_hal_uart.o
                0x080014e0                HAL_UART_ErrorCallback
 .text.HAL_UART_IRQHandler
                0x080014e2      0x184 Drivers\STM32F1xx_HAL_Driver\Src\stm32f1xx_hal_uart.o
                0x080014e2                HAL_UART_IRQHandler
 *fill*         0x08001666        0x2 
 .text.HAL_RCCEx_PeriphCLKConfig
                0x08001668      0x108 Drivers\STM32F1xx_HAL_Driver\Src\stm32f1xx_hal_rcc_ex.o
                0x08001668                HAL_RCCEx_PeriphCLKConfig
 .text.HAL_RCCEx_GetPeriphCLKFreq
                0x08001770       0x7c Drivers\STM32F1xx_HAL_Driver\Src\stm32f1xx_hal_rcc_ex.o
                0x08001770                HAL_RCCEx_GetPeriphCLKFreq
 .text.HAL_RCC_OscConfig
                0x080017ec      0x4dc Drivers\STM32F1xx_HAL_Driver\Src\stm32f1xx_hal_rcc.o
                0x080017ec                HAL_RCC_OscConfig
 .text.HAL_RCC_EnableCSS
                0x08001cc8       0x1c Drivers\STM32F1xx_HAL_Driver\Src\stm32f1xx_hal_rcc.o
                0x08001cc8                HAL_RCC_EnableCSS
 .text.HAL_RCC_GetSysClockFreq
                0x08001ce4       0xb0 Drivers\STM32F1xx_HAL_Driver\Src\stm32f1xx_hal_rcc.o
                0x08001ce4                HAL_RCC_GetSysClockFreq
 .text.HAL_RCC_ClockConfig
                0x08001d94      0x130 Drivers\STM32F1xx_HAL_Driver\Src\stm32f1xx_hal_rcc.o
                0x08001d94                HAL_RCC_ClockConfig
 .text.HAL_RCC_GetHCLKFreq
                0x08001ec4        0xc Drivers\STM32F1xx_HAL_Driver\Src\stm32f1xx_hal_rcc.o
                0x08001ec4                HAL_RCC_GetHCLKFreq
 .text.HAL_RCC_GetPCLK1Freq
                0x08001ed0       0x30 Drivers\STM32F1xx_HAL_Driver\Src\stm32f1xx_hal_rcc.o
                0x08001ed0                HAL_RCC_GetPCLK1Freq
 .text.HAL_RCC_GetPCLK2Freq
                0x08001f00       0x30 Drivers\STM32F1xx_HAL_Driver\Src\stm32f1xx_hal_rcc.o
                0x08001f00                HAL_RCC_GetPCLK2Freq
 .text.HAL_RCC_CSSCallback
                0x08001f30        0x2 Drivers\STM32F1xx_HAL_Driver\Src\stm32f1xx_hal_rcc.o
                0x08001f30                HAL_RCC_CSSCallback
 *fill*         0x08001f32        0x2 
 .text.HAL_RCC_NMI_IRQHandler
                0x08001f34       0x20 Drivers\STM32F1xx_HAL_Driver\Src\stm32f1xx_hal_rcc.o
                0x08001f34                HAL_RCC_NMI_IRQHandler
 .text.HAL_GPIO_Init
                0x08001f54      0x184 Drivers\STM32F1xx_HAL_Driver\Src\stm32f1xx_hal_gpio.o
                0x08001f54                HAL_GPIO_Init
 .text.HAL_GPIO_ReadPin
                0x080020d8        0xc Drivers\STM32F1xx_HAL_Driver\Src\stm32f1xx_hal_gpio.o
                0x080020d8                HAL_GPIO_ReadPin
 .text.HAL_GPIO_WritePin
                0x080020e4        0x8 Drivers\STM32F1xx_HAL_Driver\Src\stm32f1xx_hal_gpio.o
                0x080020e4                HAL_GPIO_WritePin
 .text.FLASH_MassErase.isra.0
                0x080020ec       0x24 Drivers\STM32F1xx_HAL_Driver\Src\stm32f1xx_hal_flash_ex.o
 .text.FLASH_PageErase
                0x08002110       0x24 Drivers\STM32F1xx_HAL_Driver\Src\stm32f1xx_hal_flash_ex.o
                0x08002110                FLASH_PageErase
 .text.HAL_FLASHEx_Erase
                0x08002134       0x9c Drivers\STM32F1xx_HAL_Driver\Src\stm32f1xx_hal_flash_ex.o
                0x08002134                HAL_FLASHEx_Erase
 .text.FLASH_SetErrorCode
                0x080021d0       0x50 Drivers\STM32F1xx_HAL_Driver\Src\stm32f1xx_hal_flash.o
 .text.HAL_FLASH_Unlock
                0x08002220       0x24 Drivers\STM32F1xx_HAL_Driver\Src\stm32f1xx_hal_flash.o
                0x08002220                HAL_FLASH_Unlock
 .text.HAL_FLASH_Lock
                0x08002244       0x14 Drivers\STM32F1xx_HAL_Driver\Src\stm32f1xx_hal_flash.o
                0x08002244                HAL_FLASH_Lock
 .text.FLASH_WaitForLastOperation
                0x08002258       0x54 Drivers\STM32F1xx_HAL_Driver\Src\stm32f1xx_hal_flash.o
                0x08002258                FLASH_WaitForLastOperation
 .text.HAL_FLASH_Program
                0x080022ac       0x90 Drivers\STM32F1xx_HAL_Driver\Src\stm32f1xx_hal_flash.o
                0x080022ac                HAL_FLASH_Program
 .text.HAL_NVIC_SetPriorityGrouping
                0x0800233c       0x24 Drivers\STM32F1xx_HAL_Driver\Src\stm32f1xx_hal_cortex.o
                0x0800233c                HAL_NVIC_SetPriorityGrouping
 .text.HAL_NVIC_SetPriority
                0x08002360       0x64 Drivers\STM32F1xx_HAL_Driver\Src\stm32f1xx_hal_cortex.o
                0x08002360                HAL_NVIC_SetPriority
 .text.HAL_NVIC_EnableIRQ
                0x080023c4       0x18 Drivers\STM32F1xx_HAL_Driver\Src\stm32f1xx_hal_cortex.o
                0x080023c4                HAL_NVIC_EnableIRQ
 .text.HAL_SYSTICK_Config
                0x080023dc       0x2c Drivers\STM32F1xx_HAL_Driver\Src\stm32f1xx_hal_cortex.o
                0x080023dc                HAL_SYSTICK_Config
 .text.HAL_SYSTICK_CLKSourceConfig
                0x08002408       0x18 Drivers\STM32F1xx_HAL_Driver\Src\stm32f1xx_hal_cortex.o
                0x08002408                HAL_SYSTICK_CLKSourceConfig
 .text.HAL_SYSTICK_Callback
                0x08002420        0x2 Drivers\STM32F1xx_HAL_Driver\Src\stm32f1xx_hal_cortex.o
                0x08002420                HAL_SYSTICK_Callback
 .text.HAL_SYSTICK_IRQHandler
                0x08002422        0x8 Drivers\STM32F1xx_HAL_Driver\Src\stm32f1xx_hal_cortex.o
                0x08002422                HAL_SYSTICK_IRQHandler
 .text.HAL_ADCEx_InjectedConvCpltCallback
                0x0800242a        0x2 Drivers\STM32F1xx_HAL_Driver\Src\stm32f1xx_hal_adc_ex.o
                0x0800242a                HAL_ADCEx_InjectedConvCpltCallback
 .text.HAL_ADC_PollForConversion
                0x0800242c      0x14c Drivers\STM32F1xx_HAL_Driver\Src\stm32f1xx_hal_adc.o
                0x0800242c                HAL_ADC_PollForConversion
 .text.HAL_ADC_GetValue
                0x08002578        0x6 Drivers\STM32F1xx_HAL_Driver\Src\stm32f1xx_hal_adc.o
                0x08002578                HAL_ADC_GetValue
 .text.HAL_ADC_ConvCpltCallback
                0x0800257e        0x2 Drivers\STM32F1xx_HAL_Driver\Src\stm32f1xx_hal_adc.o
                0x0800257e                HAL_ADC_ConvCpltCallback
 .text.HAL_ADC_LevelOutOfWindowCallback
                0x08002580        0x2 Drivers\STM32F1xx_HAL_Driver\Src\stm32f1xx_hal_adc.o
                0x08002580                HAL_ADC_LevelOutOfWindowCallback
 .text.HAL_ADC_IRQHandler
                0x08002582       0xec Drivers\STM32F1xx_HAL_Driver\Src\stm32f1xx_hal_adc.o
                0x08002582                HAL_ADC_IRQHandler
 *fill*         0x0800266e        0x2 
 .text.HAL_ADC_ConfigChannel
                0x08002670      0x198 Drivers\STM32F1xx_HAL_Driver\Src\stm32f1xx_hal_adc.o
                0x08002670                HAL_ADC_ConfigChannel
 .text.ADC_Enable
                0x08002808       0x70 Drivers\STM32F1xx_HAL_Driver\Src\stm32f1xx_hal_adc.o
                0x08002808                ADC_Enable
 .text.HAL_ADC_Start
                0x08002878       0x8a Drivers\STM32F1xx_HAL_Driver\Src\stm32f1xx_hal_adc.o
                0x08002878                HAL_ADC_Start
 .text.ADC_ConversionStop_Disable
                0x08002902       0x44 Drivers\STM32F1xx_HAL_Driver\Src\stm32f1xx_hal_adc.o
                0x08002902                ADC_ConversionStop_Disable
 *fill*         0x08002946        0x2 
 .text.HAL_ADC_Init
                0x08002948      0x128 Drivers\STM32F1xx_HAL_Driver\Src\stm32f1xx_hal_adc.o
                0x08002948                HAL_ADC_Init
 .text.HAL_InitTick
                0x08002a70       0x24 Drivers\STM32F1xx_HAL_Driver\Src\stm32f1xx_hal.o
                0x08002a70                HAL_InitTick
 .text.HAL_Init
                0x08002a94       0x16 Drivers\STM32F1xx_HAL_Driver\Src\stm32f1xx_hal.o
                0x08002a94                HAL_Init
 *fill*         0x08002aaa        0x2 
 .text.HAL_IncTick
                0x08002aac       0x10 Drivers\STM32F1xx_HAL_Driver\Src\stm32f1xx_hal.o
                0x08002aac                HAL_IncTick
 .text.HAL_GetTick
                0x08002abc        0xc Drivers\STM32F1xx_HAL_Driver\Src\stm32f1xx_hal.o
                0x08002abc                HAL_GetTick
 .text.HAL_Delay
                0x08002ac8       0x1a Drivers\STM32F1xx_HAL_Driver\Src\stm32f1xx_hal.o
                0x08002ac8                HAL_Delay
 *fill*         0x08002ae2        0x2 
 .text.Reset_Handler
                0x08002ae4       0x50 Drivers\CMSIS\Device\ST\STM32F1xx\Source\Templates\gcc\startup_stm32f100xb.o
                0x08002ae4                Reset_Handler
 .text.Default_Handler
                0x08002b34        0x4 Drivers\CMSIS\Device\ST\STM32F1xx\Source\Templates\gcc\startup_stm32f100xb.o
                0x08002b34                RTC_Alarm_IRQHandler
                0x08002b34                EXTI2_IRQHandler
                0x08002b34                TIM1_CC_IRQHandler
                0x08002b34                PVD_IRQHandler
                0x08002b34                EXTI3_IRQHandler
                0x08002b34                EXTI0_IRQHandler
                0x08002b34                TIM1_UP_TIM16_IRQHandler
                0x08002b34                SPI1_IRQHandler
                0x08002b34                TAMPER_IRQHandler
                0x08002b34                TIM6_DAC_IRQHandler
                0x08002b34                DMA1_Channel4_IRQHandler
                0x08002b34                USART3_IRQHandler
                0x08002b34                RTC_IRQHandler
                0x08002b34                DMA1_Channel7_IRQHandler
                0x08002b34                TIM4_IRQHandler
                0x08002b34                I2C1_EV_IRQHandler
                0x08002b34                DMA1_Channel6_IRQHandler
                0x08002b34                TIM3_IRQHandler
                0x08002b34                RCC_IRQHandler
                0x08002b34                DMA1_Channel1_IRQHandler
                0x08002b34                Default_Handler
                0x08002b34                CEC_IRQHandler
                0x08002b34                EXTI15_10_IRQHandler
                0x08002b34                TIM7_IRQHandler
                0x08002b34                EXTI9_5_IRQHandler
                0x08002b34                DMA1_Channel5_IRQHandler
                0x08002b34                EXTI4_IRQHandler
                0x08002b34                TIM1_TRG_COM_TIM17_IRQHandler
                0x08002b34                DMA1_Channel3_IRQHandler
                0x08002b34                WWDG_IRQHandler
                0x08002b34                TIM2_IRQHandler
                0x08002b34                EXTI1_IRQHandler
                0x08002b34                DMA1_Channel2_IRQHandler
                0x08002b34                FLASH_IRQHandler
                0x08002b34                USART1_IRQHandler
                0x08002b34                I2C1_ER_IRQHandler
                0x08002b34                TIM1_BRK_TIM15_IRQHandler
 .text.__libc_init_array
                0x08002b38       0x4c c:/program files (x86)/atollic/truestudio for arm lite 5.3.0/armtools/bin/../lib/gcc/arm-atollic-eabi/4.8.3/../../../../arm-atollic-eabi/lib/armv7-m\libc.a(lib_a-init.o)
                0x08002b38                __libc_init_array
 *(.glue_7)
 .glue_7        0x00000000        0x0 linker stubs
 *(.glue_7t)
 .glue_7t       0x00000000        0x0 linker stubs
 *(.eh_frame)
 .eh_frame      0x08002b84        0x0 c:/program files (x86)/atollic/truestudio for arm lite 5.3.0/armtools/bin/../lib/gcc/arm-atollic-eabi/4.8.3/armv7-m/crtbegin.o
 *(.init)
 .init          0x08002b84        0x4 c:/program files (x86)/atollic/truestudio for arm lite 5.3.0/armtools/bin/../lib/gcc/arm-atollic-eabi/4.8.3/armv7-m/crti.o
                0x08002b84                _init
 .init          0x08002b88        0x8 c:/program files (x86)/atollic/truestudio for arm lite 5.3.0/armtools/bin/../lib/gcc/arm-atollic-eabi/4.8.3/armv7-m/crtn.o
 *(.fini)
 .fini          0x08002b90        0x4 c:/program files (x86)/atollic/truestudio for arm lite 5.3.0/armtools/bin/../lib/gcc/arm-atollic-eabi/4.8.3/armv7-m/crti.o
                0x08002b90                _fini
 .fini          0x08002b94        0x8 c:/program files (x86)/atollic/truestudio for arm lite 5.3.0/armtools/bin/../lib/gcc/arm-atollic-eabi/4.8.3/armv7-m/crtn.o
                0x08002b9c                . = ALIGN (0x4)
                0x08002b9c                _etext = .

.vfp11_veneer   0x08002b9c        0x0
 .vfp11_veneer  0x00000000        0x0 linker stubs

.v4_bx          0x08002b9c        0x0
 .v4_bx         0x00000000        0x0 linker stubs

.iplt           0x08002b9c        0x0
 .iplt          0x00000000        0x0 c:/program files (x86)/atollic/truestudio for arm lite 5.3.0/armtools/bin/../lib/gcc/arm-atollic-eabi/4.8.3/armv7-m/crtbegin.o

.rodata         0x08002b9c       0x60
                0x08002b9c                . = ALIGN (0x4)
 *(.rodata)
 .rodata        0x08002b9c       0x20 Drivers\STM32F1xx_HAL_Driver\Src\stm32f1xx_hal_rcc.o
 *(.rodata*)
 .rodata.DigitTable
                0x08002bbc       0x28 TrueSTUDIO\Coldenberg17\UsrCode\Application\Display\Display.o
 .rodata.AHBPrescTable
                0x08002be4       0x10 Src\system_stm32f1xx.o
                0x08002be4                AHBPrescTable
 .rodata.APBPrescTable
                0x08002bf4        0x8 Src\system_stm32f1xx.o
                0x08002bf4                APBPrescTable
                0x08002bfc                . = ALIGN (0x4)

.rel.dyn        0x08002bfc        0x0
 .rel.iplt      0x00000000        0x0 c:/program files (x86)/atollic/truestudio for arm lite 5.3.0/armtools/bin/../lib/gcc/arm-atollic-eabi/4.8.3/armv7-m/crtbegin.o

.ARM.extab
 *(.ARM.extab* .gnu.linkonce.armextab.*)

.ARM            0x08002bfc        0x0
                0x08002bfc                __exidx_start = .
 *(.ARM.exidx*)
                0x08002bfc                __exidx_end = .

.preinit_array  0x08002bfc        0x0
                0x08002bfc                PROVIDE (__preinit_array_start, .)
 *(.preinit_array*)
                0x08002bfc                PROVIDE (__preinit_array_end, .)

.init_array     0x08002bfc        0x4
                0x08002bfc                PROVIDE (__init_array_start, .)
 *(SORT(.init_array.*))
 *(.init_array*)
 .init_array    0x08002bfc        0x4 c:/program files (x86)/atollic/truestudio for arm lite 5.3.0/armtools/bin/../lib/gcc/arm-atollic-eabi/4.8.3/armv7-m/crtbegin.o
                0x08002c00                PROVIDE (__init_array_end, .)

.fini_array     0x08002c00        0x4
                0x08002c00                PROVIDE (__fini_array_start, .)
 *(SORT(.fini_array.*))
 *(.fini_array*)
 .fini_array    0x08002c00        0x4 c:/program files (x86)/atollic/truestudio for arm lite 5.3.0/armtools/bin/../lib/gcc/arm-atollic-eabi/4.8.3/armv7-m/crtbegin.o
                0x08002c04                PROVIDE (__fini_array_end, .)
                0x08002c04                _sidata = LOADADDR (.data)

.data           0x20000000       0x5c load address 0x08002c04
                0x20000000                . = ALIGN (0x4)
                0x20000000                _sdata = .
 *(.data)
 *(.data*)
 .data.EraseInitStruct
                0x20000000       0x10 TrueSTUDIO\Coldenberg17\UsrCode\Framework\Flash\Flash.o
 .data.u32Address
                0x20000010        0x4 TrueSTUDIO\Coldenberg17\UsrCode\Framework\Flash\Flash.o
 .data.tempTable
                0x20000014       0x40 TrueSTUDIO\Coldenberg17\UsrCode\Application\Ntc\Ntc.o
                0x20000014                tempTable
 .data.uNewTemp
                0x20000054        0x2 TrueSTUDIO\Coldenberg17\UsrCode\Application\Logic.o
                0x20000054                uNewTemp
 .data.u16RestoredTemp.6455
                0x20000056        0x2 TrueSTUDIO\Coldenberg17\UsrCode\Application\Logic.o
 .data.SystemCoreClock
                0x20000058        0x4 Src\system_stm32f1xx.o
                0x20000058                SystemCoreClock
                0x2000005c                . = ALIGN (0x4)
                0x2000005c                _edata = .

.igot.plt       0x2000005c        0x0 load address 0x08002c60
 .igot.plt      0x00000000        0x0 c:/program files (x86)/atollic/truestudio for arm lite 5.3.0/armtools/bin/../lib/gcc/arm-atollic-eabi/4.8.3/armv7-m/crtbegin.o
                0x2000005c                . = ALIGN (0x4)

.bss            0x20000060      0x1e0 load address 0x08002c60
                0x20000060                _sbss = .
                0x20000060                __bss_start__ = _sbss
 *(.bss)
 .bss           0x20000060       0x1c c:/program files (x86)/atollic/truestudio for arm lite 5.3.0/armtools/bin/../lib/gcc/arm-atollic-eabi/4.8.3/armv7-m/crtbegin.o
 *(.bss*)
 .bss.u16LightTimer
                0x2000007c        0x2 TrueSTUDIO\Coldenberg17\UsrCode\Managers\LightManager\LightManager.o
                0x2000007c                u16LightTimer
 .bss.u8AdcValue
                0x2000007e        0x1 TrueSTUDIO\Coldenberg17\UsrCode\Managers\BluetoothManager\BluetoothManager.o
                0x2000007e                u8AdcValue
 .bss.u8DisplayNumber
                0x2000007f        0x1 TrueSTUDIO\Coldenberg17\UsrCode\Application\Display\Display.o
 .bss.bDig1.6417
                0x20000080        0x1 TrueSTUDIO\Coldenberg17\UsrCode\Application\Display\Display.o
 .bss.u8Counter.6424
                0x20000081        0x1 TrueSTUDIO\Coldenberg17\UsrCode\Application\Buttons\Buttons.o
 .bss.u16Counter1ms.6452
                0x20000082        0x2 Src\stm32f1xx_it.o
 .bss.b10msPassed
                0x20000084        0x1 Src\main.o
                0x20000084                b10msPassed
 .bss.b100msPassed
                0x20000085        0x1 Src\main.o
                0x20000085                b100msPassed
 *fill*         0x20000086        0x2 
 .bss.uwTick    0x20000088        0x4 Drivers\STM32F1xx_HAL_Driver\Src\stm32f1xx_hal.o
 *(COMMON)
 COMMON         0x2000008c        0x4 TrueSTUDIO\Coldenberg17\UsrCode\Managers\TemperatureManager\TemperatureManager.o
                0x2000008c                oTempManager
 COMMON         0x20000090        0x4 TrueSTUDIO\Coldenberg17\UsrCode\Managers\LedsManager\LedsManager.o
                0x20000090                kLedsManager
 COMMON         0x20000094        0x4 TrueSTUDIO\Coldenberg17\UsrCode\Application\Relays\Relays.o
                0x20000094                kCompressor
 COMMON         0x20000098       0xd4 TrueSTUDIO\Coldenberg17\UsrCode\Application\Ntc\Ntc.o
                0x20000098                tBuffer
                0x20000160                kFilter
 COMMON         0x2000016c        0x4 TrueSTUDIO\Coldenberg17\UsrCode\Application\Logic.o
                0x2000016c                kLogic
 COMMON         0x20000170        0x3 TrueSTUDIO\Coldenberg17\UsrCode\Application\LEDs\LEDs.o
                0x20000170                kLEDs
 *fill*         0x20000173        0x1 
 COMMON         0x20000174       0x24 TrueSTUDIO\Coldenberg17\UsrCode\Application\Buttons\Buttons.o
                0x20000174                tButtons
 COMMON         0x20000198       0x84 Src\main.o
                0x20000198                hadc1
                0x200001c8                hwwdg
                0x200001dc                huart2
 *fill*         0x2000021c        0x4 
 COMMON         0x20000220       0x20 Drivers\STM32F1xx_HAL_Driver\Src\stm32f1xx_hal_flash.o
                0x20000220                pFlash
                0x20000240                . = ALIGN (0x4)
                0x20000240                _ebss = .
                0x20000240                __bss_end__ = _ebss

._user_heap_stack
                0x20000240      0x600 load address 0x08002c60
                0x20000240                . = ALIGN (0x4)
                0x20000240                PROVIDE (end, .)
                0x20000240                PROVIDE (_end, .)
                0x20000440                . = (. + _Min_Heap_Size)
 *fill*         0x20000240      0x200 
                0x20000840                . = (. + _Min_Stack_Size)
 *fill*         0x20000440      0x400 
                0x20000840                . = ALIGN (0x4)

/DISCARD/
 libc.a(*)
 libm.a(*)
 libgcc.a(*)

.ARM.attributes
                0x00000000       0x29
 *(.ARM.attributes)
 .ARM.attributes
                0x00000000       0x1d c:/program files (x86)/atollic/truestudio for arm lite 5.3.0/armtools/bin/../lib/gcc/arm-atollic-eabi/4.8.3/armv7-m/crti.o
 .ARM.attributes
                0x0000001d       0x2d c:/program files (x86)/atollic/truestudio for arm lite 5.3.0/armtools/bin/../lib/gcc/arm-atollic-eabi/4.8.3/armv7-m/crtbegin.o
 .ARM.attributes
                0x0000004a       0x33 TrueSTUDIO\Coldenberg17\UsrCode\Managers\TemperatureManager\TemperatureManager.o
 .ARM.attributes
                0x0000007d       0x33 TrueSTUDIO\Coldenberg17\UsrCode\Managers\LightManager\LightManager.o
 .ARM.attributes
                0x000000b0       0x33 TrueSTUDIO\Coldenberg17\UsrCode\Managers\LedsManager\LedsManager.o
 .ARM.attributes
                0x000000e3       0x33 TrueSTUDIO\Coldenberg17\UsrCode\Managers\BluetoothManager\BluetoothManager.o
 .ARM.attributes
                0x00000116       0x33 TrueSTUDIO\Coldenberg17\UsrCode\Framework\Flash\Flash.o
 .ARM.attributes
                0x00000149       0x33 TrueSTUDIO\Coldenberg17\UsrCode\Framework\FIR\FIR.o
 .ARM.attributes
                0x0000017c       0x33 TrueSTUDIO\Coldenberg17\UsrCode\Framework\Debouncer\Debouncer.o
 .ARM.attributes
                0x000001af       0x33 TrueSTUDIO\Coldenberg17\UsrCode\Framework\Counter\Counter.o
 .ARM.attributes
                0x000001e2       0x33 TrueSTUDIO\Coldenberg17\UsrCode\Application\Relays\Relays.o
 .ARM.attributes
                0x00000215       0x33 TrueSTUDIO\Coldenberg17\UsrCode\Application\Ntc\Ntc.o
 .ARM.attributes
                0x00000248       0x33 TrueSTUDIO\Coldenberg17\UsrCode\Application\Logic.o
 .ARM.attributes
                0x0000027b       0x33 TrueSTUDIO\Coldenberg17\UsrCode\Application\LEDs\LEDs.o
 .ARM.attributes
                0x000002ae       0x33 TrueSTUDIO\Coldenberg17\UsrCode\Application\Display\Display.o
 .ARM.attributes
                0x000002e1       0x33 TrueSTUDIO\Coldenberg17\UsrCode\Application\Buttons\Buttons.o
 .ARM.attributes
                0x00000314       0x33 Src\system_stm32f1xx.o
 .ARM.attributes
                0x00000347       0x33 Src\stm32f1xx_it.o
 .ARM.attributes
                0x0000037a       0x33 Src\stm32f1xx_hal_msp.o
 .ARM.attributes
                0x000003ad       0x33 Src\main.o
 .ARM.attributes
                0x000003e0       0x33 Drivers\STM32F1xx_HAL_Driver\Src\stm32f1xx_hal_wwdg.o
 .ARM.attributes
                0x00000413       0x33 Drivers\STM32F1xx_HAL_Driver\Src\stm32f1xx_hal_uart.o
 .ARM.attributes
                0x00000446       0x33 Drivers\STM32F1xx_HAL_Driver\Src\stm32f1xx_hal_rcc_ex.o
 .ARM.attributes
                0x00000479       0x33 Drivers\STM32F1xx_HAL_Driver\Src\stm32f1xx_hal_rcc.o
 .ARM.attributes
                0x000004ac       0x33 Drivers\STM32F1xx_HAL_Driver\Src\stm32f1xx_hal_gpio.o
 .ARM.attributes
                0x000004df       0x33 Drivers\STM32F1xx_HAL_Driver\Src\stm32f1xx_hal_flash_ex.o
 .ARM.attributes
                0x00000512       0x33 Drivers\STM32F1xx_HAL_Driver\Src\stm32f1xx_hal_flash.o
 .ARM.attributes
                0x00000545       0x33 Drivers\STM32F1xx_HAL_Driver\Src\stm32f1xx_hal_cortex.o
 .ARM.attributes
                0x00000578       0x33 Drivers\STM32F1xx_HAL_Driver\Src\stm32f1xx_hal_adc_ex.o
 .ARM.attributes
                0x000005ab       0x33 Drivers\STM32F1xx_HAL_Driver\Src\stm32f1xx_hal_adc.o
 .ARM.attributes
                0x000005de       0x33 Drivers\STM32F1xx_HAL_Driver\Src\stm32f1xx_hal.o
 .ARM.attributes
                0x00000611       0x21 Drivers\CMSIS\Device\ST\STM32F1xx\Source\Templates\gcc\startup_stm32f100xb.o
 .ARM.attributes
                0x00000632       0x2d c:/program files (x86)/atollic/truestudio for arm lite 5.3.0/armtools/bin/../lib/gcc/arm-atollic-eabi/4.8.3/../../../../arm-atollic-eabi/lib/armv7-m\libc.a(lib_a-init.o)
 .ARM.attributes
                0x0000065f       0x1d c:/program files (x86)/atollic/truestudio for arm lite 5.3.0/armtools/bin/../lib/gcc/arm-atollic-eabi/4.8.3/armv7-m\libgcc.a(_lshrdi3.o)
 .ARM.attributes
                0x0000067c       0x1d c:/program files (x86)/atollic/truestudio for arm lite 5.3.0/armtools/bin/../lib/gcc/arm-atollic-eabi/4.8.3/armv7-m/crtn.o
OUTPUT(Coldenberg17.elf elf32-littlearm)

.debug_info     0x00000000     0xd98c
 .debug_info    0x00000000      0x410 TrueSTUDIO\Coldenberg17\UsrCode\Managers\TemperatureManager\TemperatureManager.o
 .debug_info    0x00000410      0x22f TrueSTUDIO\Coldenberg17\UsrCode\Managers\LightManager\LightManager.o
 .debug_info    0x0000063f      0x3af TrueSTUDIO\Coldenberg17\UsrCode\Managers\LedsManager\LedsManager.o
 .debug_info    0x000009ee      0x5f7 TrueSTUDIO\Coldenberg17\UsrCode\Managers\BluetoothManager\BluetoothManager.o
 .debug_info    0x00000fe5      0x2a9 TrueSTUDIO\Coldenberg17\UsrCode\Framework\Flash\Flash.o
 .debug_info    0x0000128e      0x1de TrueSTUDIO\Coldenberg17\UsrCode\Framework\FIR\FIR.o
 .debug_info    0x0000146c      0x162 TrueSTUDIO\Coldenberg17\UsrCode\Framework\Debouncer\Debouncer.o
 .debug_info    0x000015ce      0x167 TrueSTUDIO\Coldenberg17\UsrCode\Framework\Counter\Counter.o
 .debug_info    0x00001735      0x494 TrueSTUDIO\Coldenberg17\UsrCode\Application\Relays\Relays.o
 .debug_info    0x00001bc9      0x6de TrueSTUDIO\Coldenberg17\UsrCode\Application\Ntc\Ntc.o
 .debug_info    0x000022a7      0x4fa TrueSTUDIO\Coldenberg17\UsrCode\Application\Logic.o
 .debug_info    0x000027a1      0x2b8 TrueSTUDIO\Coldenberg17\UsrCode\Application\LEDs\LEDs.o
 .debug_info    0x00002a59      0xdba TrueSTUDIO\Coldenberg17\UsrCode\Application\Display\Display.o
 .debug_info    0x00003813      0x451 TrueSTUDIO\Coldenberg17\UsrCode\Application\Buttons\Buttons.o
 .debug_info    0x00003c64      0x3d7 Src\system_stm32f1xx.o
 .debug_info    0x0000403b      0x7e6 Src\stm32f1xx_it.o
 .debug_info    0x00004821      0xe3a Src\stm32f1xx_hal_msp.o
 .debug_info    0x0000565b     0x118d Src\main.o
 .debug_info    0x000067e8      0x3e7 Drivers\STM32F1xx_HAL_Driver\Src\stm32f1xx_hal_wwdg.o
 .debug_info    0x00006bcf     0x10f6 Drivers\STM32F1xx_HAL_Driver\Src\stm32f1xx_hal_uart.o
 .debug_info    0x00007cc5      0x4b2 Drivers\STM32F1xx_HAL_Driver\Src\stm32f1xx_hal_rcc_ex.o
 .debug_info    0x00008177     0x126e Drivers\STM32F1xx_HAL_Driver\Src\stm32f1xx_hal_rcc.o
 .debug_info    0x000093e5      0x616 Drivers\STM32F1xx_HAL_Driver\Src\stm32f1xx_hal_gpio.o
 .debug_info    0x000099fb      0xbb2 Drivers\STM32F1xx_HAL_Driver\Src\stm32f1xx_hal_flash_ex.o
 .debug_info    0x0000a5ad      0x60c Drivers\STM32F1xx_HAL_Driver\Src\stm32f1xx_hal_flash.o
 .debug_info    0x0000abb9      0xc03 Drivers\STM32F1xx_HAL_Driver\Src\stm32f1xx_hal_cortex.o
 .debug_info    0x0000b7bc      0xa76 Drivers\STM32F1xx_HAL_Driver\Src\stm32f1xx_hal_adc_ex.o
 .debug_info    0x0000c232     0x1088 Drivers\STM32F1xx_HAL_Driver\Src\stm32f1xx_hal_adc.o
 .debug_info    0x0000d2ba      0x636 Drivers\STM32F1xx_HAL_Driver\Src\stm32f1xx_hal.o
 .debug_info    0x0000d8f0       0x9c Drivers\CMSIS\Device\ST\STM32F1xx\Source\Templates\gcc\startup_stm32f100xb.o

.debug_abbrev   0x00000000     0x3536
 .debug_abbrev  0x00000000      0x194 TrueSTUDIO\Coldenberg17\UsrCode\Managers\TemperatureManager\TemperatureManager.o
 .debug_abbrev  0x00000194      0x100 TrueSTUDIO\Coldenberg17\UsrCode\Managers\LightManager\LightManager.o
 .debug_abbrev  0x00000294      0x13f TrueSTUDIO\Coldenberg17\UsrCode\Managers\LedsManager\LedsManager.o
 .debug_abbrev  0x000003d3      0x17e TrueSTUDIO\Coldenberg17\UsrCode\Managers\BluetoothManager\BluetoothManager.o
 .debug_abbrev  0x00000551      0x156 TrueSTUDIO\Coldenberg17\UsrCode\Framework\Flash\Flash.o
 .debug_abbrev  0x000006a7       0xd7 TrueSTUDIO\Coldenberg17\UsrCode\Framework\FIR\FIR.o
 .debug_abbrev  0x0000077e       0xb0 TrueSTUDIO\Coldenberg17\UsrCode\Framework\Debouncer\Debouncer.o
 .debug_abbrev  0x0000082e       0xd6 TrueSTUDIO\Coldenberg17\UsrCode\Framework\Counter\Counter.o
 .debug_abbrev  0x00000904      0x1a3 TrueSTUDIO\Coldenberg17\UsrCode\Application\Relays\Relays.o
 .debug_abbrev  0x00000aa7      0x205 TrueSTUDIO\Coldenberg17\UsrCode\Application\Ntc\Ntc.o
 .debug_abbrev  0x00000cac      0x18f TrueSTUDIO\Coldenberg17\UsrCode\Application\Logic.o
 .debug_abbrev  0x00000e3b      0x17e TrueSTUDIO\Coldenberg17\UsrCode\Application\LEDs\LEDs.o
 .debug_abbrev  0x00000fb9      0x1bf TrueSTUDIO\Coldenberg17\UsrCode\Application\Display\Display.o
 .debug_abbrev  0x00001178      0x1f4 TrueSTUDIO\Coldenberg17\UsrCode\Application\Buttons\Buttons.o
 .debug_abbrev  0x0000136c      0x101 Src\system_stm32f1xx.o
 .debug_abbrev  0x0000146d      0x186 Src\stm32f1xx_it.o
 .debug_abbrev  0x000015f3      0x1b8 Src\stm32f1xx_hal_msp.o
 .debug_abbrev  0x000017ab      0x29b Src\main.o
 .debug_abbrev  0x00001a46      0x17b Drivers\STM32F1xx_HAL_Driver\Src\stm32f1xx_hal_wwdg.o
 .debug_abbrev  0x00001bc1      0x2b4 Drivers\STM32F1xx_HAL_Driver\Src\stm32f1xx_hal_uart.o
 .debug_abbrev  0x00001e75      0x20d Drivers\STM32F1xx_HAL_Driver\Src\stm32f1xx_hal_rcc_ex.o
 .debug_abbrev  0x00002082      0x328 Drivers\STM32F1xx_HAL_Driver\Src\stm32f1xx_hal_rcc.o
 .debug_abbrev  0x000023aa      0x1c8 Drivers\STM32F1xx_HAL_Driver\Src\stm32f1xx_hal_gpio.o
 .debug_abbrev  0x00002572      0x2c2 Drivers\STM32F1xx_HAL_Driver\Src\stm32f1xx_hal_flash_ex.o
 .debug_abbrev  0x00002834      0x274 Drivers\STM32F1xx_HAL_Driver\Src\stm32f1xx_hal_flash.o
 .debug_abbrev  0x00002aa8      0x29f Drivers\STM32F1xx_HAL_Driver\Src\stm32f1xx_hal_cortex.o
 .debug_abbrev  0x00002d47      0x2a3 Drivers\STM32F1xx_HAL_Driver\Src\stm32f1xx_hal_adc_ex.o
 .debug_abbrev  0x00002fea      0x2e5 Drivers\STM32F1xx_HAL_Driver\Src\stm32f1xx_hal_adc.o
 .debug_abbrev  0x000032cf      0x255 Drivers\STM32F1xx_HAL_Driver\Src\stm32f1xx_hal.o
 .debug_abbrev  0x00003524       0x12 Drivers\CMSIS\Device\ST\STM32F1xx\Source\Templates\gcc\startup_stm32f100xb.o

.debug_loc      0x00000000     0x4625
 .debug_loc     0x00000000      0x12c TrueSTUDIO\Coldenberg17\UsrCode\Managers\TemperatureManager\TemperatureManager.o
 .debug_loc     0x0000012c      0x10b TrueSTUDIO\Coldenberg17\UsrCode\Framework\Flash\Flash.o
 .debug_loc     0x00000237       0xba TrueSTUDIO\Coldenberg17\UsrCode\Framework\FIR\FIR.o
 .debug_loc     0x000002f1       0x21 TrueSTUDIO\Coldenberg17\UsrCode\Framework\Debouncer\Debouncer.o
 .debug_loc     0x00000312       0x21 TrueSTUDIO\Coldenberg17\UsrCode\Framework\Counter\Counter.o
 .debug_loc     0x00000333       0x74 TrueSTUDIO\Coldenberg17\UsrCode\Application\Relays\Relays.o
 .debug_loc     0x000003a7       0x3d TrueSTUDIO\Coldenberg17\UsrCode\Application\Ntc\Ntc.o
 .debug_loc     0x000003e4       0x78 TrueSTUDIO\Coldenberg17\UsrCode\Application\Logic.o
 .debug_loc     0x0000045c       0xa2 TrueSTUDIO\Coldenberg17\UsrCode\Application\LEDs\LEDs.o
 .debug_loc     0x000004fe       0x85 TrueSTUDIO\Coldenberg17\UsrCode\Application\Display\Display.o
 .debug_loc     0x00000583       0x35 TrueSTUDIO\Coldenberg17\UsrCode\Application\Buttons\Buttons.o
 .debug_loc     0x000005b8       0xe6 Src\system_stm32f1xx.o
 .debug_loc     0x0000069e       0x9a Src\stm32f1xx_hal_msp.o
 .debug_loc     0x00000738      0x144 Drivers\STM32F1xx_HAL_Driver\Src\stm32f1xx_hal_wwdg.o
 .debug_loc     0x0000087c      0xd9e Drivers\STM32F1xx_HAL_Driver\Src\stm32f1xx_hal_uart.o
 .debug_loc     0x0000161a      0x2b2 Drivers\STM32F1xx_HAL_Driver\Src\stm32f1xx_hal_rcc_ex.o
 .debug_loc     0x000018cc      0xa6c Drivers\STM32F1xx_HAL_Driver\Src\stm32f1xx_hal_rcc.o
 .debug_loc     0x00002338      0x329 Drivers\STM32F1xx_HAL_Driver\Src\stm32f1xx_hal_gpio.o
 .debug_loc     0x00002661      0x6d2 Drivers\STM32F1xx_HAL_Driver\Src\stm32f1xx_hal_flash_ex.o
 .debug_loc     0x00002d33      0x2f3 Drivers\STM32F1xx_HAL_Driver\Src\stm32f1xx_hal_flash.o
 .debug_loc     0x00003026      0x443 Drivers\STM32F1xx_HAL_Driver\Src\stm32f1xx_hal_cortex.o
 .debug_loc     0x00003469      0x666 Drivers\STM32F1xx_HAL_Driver\Src\stm32f1xx_hal_adc_ex.o
 .debug_loc     0x00003acf      0xadb Drivers\STM32F1xx_HAL_Driver\Src\stm32f1xx_hal_adc.o
 .debug_loc     0x000045aa       0x7b Drivers\STM32F1xx_HAL_Driver\Src\stm32f1xx_hal.o

.debug_aranges  0x00000000      0xa40
 .debug_aranges
                0x00000000       0x30 TrueSTUDIO\Coldenberg17\UsrCode\Managers\TemperatureManager\TemperatureManager.o
 .debug_aranges
                0x00000030       0x20 TrueSTUDIO\Coldenberg17\UsrCode\Managers\LightManager\LightManager.o
 .debug_aranges
                0x00000050       0x38 TrueSTUDIO\Coldenberg17\UsrCode\Managers\LedsManager\LedsManager.o
 .debug_aranges
                0x00000088       0x20 TrueSTUDIO\Coldenberg17\UsrCode\Managers\BluetoothManager\BluetoothManager.o
 .debug_aranges
                0x000000a8       0x28 TrueSTUDIO\Coldenberg17\UsrCode\Framework\Flash\Flash.o
 .debug_aranges
                0x000000d0       0x30 TrueSTUDIO\Coldenberg17\UsrCode\Framework\FIR\FIR.o
 .debug_aranges
                0x00000100       0x30 TrueSTUDIO\Coldenberg17\UsrCode\Framework\Debouncer\Debouncer.o
 .debug_aranges
                0x00000130       0x30 TrueSTUDIO\Coldenberg17\UsrCode\Framework\Counter\Counter.o
 .debug_aranges
                0x00000160       0x40 TrueSTUDIO\Coldenberg17\UsrCode\Application\Relays\Relays.o
 .debug_aranges
                0x000001a0       0x38 TrueSTUDIO\Coldenberg17\UsrCode\Application\Ntc\Ntc.o
 .debug_aranges
                0x000001d8       0x20 TrueSTUDIO\Coldenberg17\UsrCode\Application\Logic.o
 .debug_aranges
                0x000001f8       0x30 TrueSTUDIO\Coldenberg17\UsrCode\Application\LEDs\LEDs.o
 .debug_aranges
                0x00000228       0x80 TrueSTUDIO\Coldenberg17\UsrCode\Application\Display\Display.o
 .debug_aranges
                0x000002a8       0x38 TrueSTUDIO\Coldenberg17\UsrCode\Application\Buttons\Buttons.o
 .debug_aranges
                0x000002e0       0x28 Src\system_stm32f1xx.o
 .debug_aranges
                0x00000308       0x70 Src\stm32f1xx_it.o
 .debug_aranges
                0x00000378       0x50 Src\stm32f1xx_hal_msp.o
 .debug_aranges
                0x000003c8       0x30 Src\main.o
 .debug_aranges
                0x000003f8       0x68 Drivers\STM32F1xx_HAL_Driver\Src\stm32f1xx_hal_wwdg.o
 .debug_aranges
                0x00000460      0x138 Drivers\STM32F1xx_HAL_Driver\Src\stm32f1xx_hal_uart.o
 .debug_aranges
                0x00000598       0x30 Drivers\STM32F1xx_HAL_Driver\Src\stm32f1xx_hal_rcc_ex.o
 .debug_aranges
                0x000005c8       0x88 Drivers\STM32F1xx_HAL_Driver\Src\stm32f1xx_hal_rcc.o
 .debug_aranges
                0x00000650       0x58 Drivers\STM32F1xx_HAL_Driver\Src\stm32f1xx_hal_gpio.o
 .debug_aranges
                0x000006a8       0x60 Drivers\STM32F1xx_HAL_Driver\Src\stm32f1xx_hal_flash_ex.o
 .debug_aranges
                0x00000708       0x80 Drivers\STM32F1xx_HAL_Driver\Src\stm32f1xx_hal_flash.o
 .debug_aranges
                0x00000788       0x90 Drivers\STM32F1xx_HAL_Driver\Src\stm32f1xx_hal_cortex.o
 .debug_aranges
                0x00000818       0x60 Drivers\STM32F1xx_HAL_Driver\Src\stm32f1xx_hal_adc_ex.o
 .debug_aranges
                0x00000878       0xf0 Drivers\STM32F1xx_HAL_Driver\Src\stm32f1xx_hal_adc.o
 .debug_aranges
                0x00000968       0xb0 Drivers\STM32F1xx_HAL_Driver\Src\stm32f1xx_hal.o
 .debug_aranges
                0x00000a18       0x28 Drivers\CMSIS\Device\ST\STM32F1xx\Source\Templates\gcc\startup_stm32f100xb.o

.debug_ranges   0x00000000      0xd48
 .debug_ranges  0x00000000       0x20 TrueSTUDIO\Coldenberg17\UsrCode\Managers\TemperatureManager\TemperatureManager.o
 .debug_ranges  0x00000020       0x10 TrueSTUDIO\Coldenberg17\UsrCode\Managers\LightManager\LightManager.o
 .debug_ranges  0x00000030       0x28 TrueSTUDIO\Coldenberg17\UsrCode\Managers\LedsManager\LedsManager.o
 .debug_ranges  0x00000058       0x10 TrueSTUDIO\Coldenberg17\UsrCode\Managers\BluetoothManager\BluetoothManager.o
 .debug_ranges  0x00000068       0x18 TrueSTUDIO\Coldenberg17\UsrCode\Framework\Flash\Flash.o
 .debug_ranges  0x00000080       0x20 TrueSTUDIO\Coldenberg17\UsrCode\Framework\FIR\FIR.o
 .debug_ranges  0x000000a0       0x20 TrueSTUDIO\Coldenberg17\UsrCode\Framework\Debouncer\Debouncer.o
 .debug_ranges  0x000000c0       0x20 TrueSTUDIO\Coldenberg17\UsrCode\Framework\Counter\Counter.o
 .debug_ranges  0x000000e0       0x30 TrueSTUDIO\Coldenberg17\UsrCode\Application\Relays\Relays.o
 .debug_ranges  0x00000110       0x28 TrueSTUDIO\Coldenberg17\UsrCode\Application\Ntc\Ntc.o
 .debug_ranges  0x00000138       0x10 TrueSTUDIO\Coldenberg17\UsrCode\Application\Logic.o
 .debug_ranges  0x00000148       0x20 TrueSTUDIO\Coldenberg17\UsrCode\Application\LEDs\LEDs.o
 .debug_ranges  0x00000168       0x88 TrueSTUDIO\Coldenberg17\UsrCode\Application\Display\Display.o
 .debug_ranges  0x000001f0       0x40 TrueSTUDIO\Coldenberg17\UsrCode\Application\Buttons\Buttons.o
 .debug_ranges  0x00000230       0x18 Src\system_stm32f1xx.o
 .debug_ranges  0x00000248       0x60 Src\stm32f1xx_it.o
 .debug_ranges  0x000002a8       0xa0 Src\stm32f1xx_hal_msp.o
 .debug_ranges  0x00000348       0xb0 Src\main.o
 .debug_ranges  0x000003f8       0x58 Drivers\STM32F1xx_HAL_Driver\Src\stm32f1xx_hal_wwdg.o
 .debug_ranges  0x00000450      0x140 Drivers\STM32F1xx_HAL_Driver\Src\stm32f1xx_hal_uart.o
 .debug_ranges  0x00000590       0x50 Drivers\STM32F1xx_HAL_Driver\Src\stm32f1xx_hal_rcc_ex.o
 .debug_ranges  0x000005e0      0x1f0 Drivers\STM32F1xx_HAL_Driver\Src\stm32f1xx_hal_rcc.o
 .debug_ranges  0x000007d0       0x48 Drivers\STM32F1xx_HAL_Driver\Src\stm32f1xx_hal_gpio.o
 .debug_ranges  0x00000818       0xb0 Drivers\STM32F1xx_HAL_Driver\Src\stm32f1xx_hal_flash_ex.o
 .debug_ranges  0x000008c8       0xb8 Drivers\STM32F1xx_HAL_Driver\Src\stm32f1xx_hal_flash.o
 .debug_ranges  0x00000980       0xe8 Drivers\STM32F1xx_HAL_Driver\Src\stm32f1xx_hal_cortex.o
 .debug_ranges  0x00000a68       0xb0 Drivers\STM32F1xx_HAL_Driver\Src\stm32f1xx_hal_adc_ex.o
 .debug_ranges  0x00000b18      0x170 Drivers\STM32F1xx_HAL_Driver\Src\stm32f1xx_hal_adc.o
 .debug_ranges  0x00000c88       0xa0 Drivers\STM32F1xx_HAL_Driver\Src\stm32f1xx_hal.o
 .debug_ranges  0x00000d28       0x20 Drivers\CMSIS\Device\ST\STM32F1xx\Source\Templates\gcc\startup_stm32f100xb.o

.debug_line     0x00000000     0x6e4e
 .debug_line    0x00000000      0x316 TrueSTUDIO\Coldenberg17\UsrCode\Managers\TemperatureManager\TemperatureManager.o
 .debug_line    0x00000316      0x2b1 TrueSTUDIO\Coldenberg17\UsrCode\Managers\LightManager\LightManager.o
 .debug_line    0x000005c7      0x289 TrueSTUDIO\Coldenberg17\UsrCode\Managers\LedsManager\LedsManager.o
 .debug_line    0x00000850      0x2ac TrueSTUDIO\Coldenberg17\UsrCode\Managers\BluetoothManager\BluetoothManager.o
 .debug_line    0x00000afc      0x221 TrueSTUDIO\Coldenberg17\UsrCode\Framework\Flash\Flash.o
 .debug_line    0x00000d1d      0x1b2 TrueSTUDIO\Coldenberg17\UsrCode\Framework\FIR\FIR.o
 .debug_line    0x00000ecf      0x191 TrueSTUDIO\Coldenberg17\UsrCode\Framework\Debouncer\Debouncer.o
 .debug_line    0x00001060      0x1a3 TrueSTUDIO\Coldenberg17\UsrCode\Framework\Counter\Counter.o
 .debug_line    0x00001203      0x2d2 TrueSTUDIO\Coldenberg17\UsrCode\Application\Relays\Relays.o
 .debug_line    0x000014d5      0x2b8 TrueSTUDIO\Coldenberg17\UsrCode\Application\Ntc\Ntc.o
 .debug_line    0x0000178d      0x457 TrueSTUDIO\Coldenberg17\UsrCode\Application\Logic.o
 .debug_line    0x00001be4      0x265 TrueSTUDIO\Coldenberg17\UsrCode\Application\LEDs\LEDs.o
 .debug_line    0x00001e49      0x337 TrueSTUDIO\Coldenberg17\UsrCode\Application\Display\Display.o
 .debug_line    0x00002180      0x2e3 TrueSTUDIO\Coldenberg17\UsrCode\Application\Buttons\Buttons.o
 .debug_line    0x00002463      0x1cc Src\system_stm32f1xx.o
 .debug_line    0x0000262f      0x309 Src\stm32f1xx_it.o
 .debug_line    0x00002938      0x31c Src\stm32f1xx_hal_msp.o
 .debug_line    0x00002c54      0x75e Src\main.o
 .debug_line    0x000033b2      0x343 Drivers\STM32F1xx_HAL_Driver\Src\stm32f1xx_hal_wwdg.o
 .debug_line    0x000036f5      0x9e5 Drivers\STM32F1xx_HAL_Driver\Src\stm32f1xx_hal_uart.o
 .debug_line    0x000040da      0x358 Drivers\STM32F1xx_HAL_Driver\Src\stm32f1xx_hal_rcc_ex.o
 .debug_line    0x00004432      0x7ba Drivers\STM32F1xx_HAL_Driver\Src\stm32f1xx_hal_rcc.o
 .debug_line    0x00004bec      0x3af Drivers\STM32F1xx_HAL_Driver\Src\stm32f1xx_hal_gpio.o
 .debug_line    0x00004f9b      0x4a0 Drivers\STM32F1xx_HAL_Driver\Src\stm32f1xx_hal_flash_ex.o
 .debug_line    0x0000543b      0x463 Drivers\STM32F1xx_HAL_Driver\Src\stm32f1xx_hal_flash.o
 .debug_line    0x0000589e      0x379 Drivers\STM32F1xx_HAL_Driver\Src\stm32f1xx_hal_cortex.o
 .debug_line    0x00005c17      0x5a3 Drivers\STM32F1xx_HAL_Driver\Src\stm32f1xx_hal_adc_ex.o
 .debug_line    0x000061ba      0x867 Drivers\STM32F1xx_HAL_Driver\Src\stm32f1xx_hal_adc.o
 .debug_line    0x00006a21      0x381 Drivers\STM32F1xx_HAL_Driver\Src\stm32f1xx_hal.o
 .debug_line    0x00006da2       0xac Drivers\CMSIS\Device\ST\STM32F1xx\Source\Templates\gcc\startup_stm32f100xb.o

.debug_str      0x00000000     0x323d
 .debug_str     0x00000000      0x32b TrueSTUDIO\Coldenberg17\UsrCode\Managers\TemperatureManager\TemperatureManager.o
                                0x386 (size before relaxing)
 .debug_str     0x0000032b      0x12d TrueSTUDIO\Coldenberg17\UsrCode\Managers\LightManager\LightManager.o
                                0x2f7 (size before relaxing)
 .debug_str     0x00000458      0x145 TrueSTUDIO\Coldenberg17\UsrCode\Managers\LedsManager\LedsManager.o
                                0x315 (size before relaxing)
 .debug_str     0x0000059d      0x44c TrueSTUDIO\Coldenberg17\UsrCode\Managers\BluetoothManager\BluetoothManager.o
                                0x625 (size before relaxing)
 .debug_str     0x000009e9      0x14c TrueSTUDIO\Coldenberg17\UsrCode\Framework\Flash\Flash.o
                                0x325 (size before relaxing)
 .debug_str     0x00000b35       0xd6 TrueSTUDIO\Coldenberg17\UsrCode\Framework\FIR\FIR.o
                                0x27a (size before relaxing)
 .debug_str     0x00000c0b       0xdc TrueSTUDIO\Coldenberg17\UsrCode\Framework\Debouncer\Debouncer.o
                                0x23d (size before relaxing)
 .debug_str     0x00000ce7       0x4d TrueSTUDIO\Coldenberg17\UsrCode\Framework\Counter\Counter.o
                                0x222 (size before relaxing)
 .debug_str     0x00000d34      0x116 TrueSTUDIO\Coldenberg17\UsrCode\Application\Relays\Relays.o
                                0x375 (size before relaxing)
 .debug_str     0x00000e4a      0x18f TrueSTUDIO\Coldenberg17\UsrCode\Application\Ntc\Ntc.o
                                0x5f0 (size before relaxing)
 .debug_str     0x00000fd9       0xf7 TrueSTUDIO\Coldenberg17\UsrCode\Application\Logic.o
                                0x451 (size before relaxing)
 .debug_str     0x000010d0       0x91 TrueSTUDIO\Coldenberg17\UsrCode\Application\LEDs\LEDs.o
                                0x2cf (size before relaxing)
 .debug_str     0x00001161      0x123 TrueSTUDIO\Coldenberg17\UsrCode\Application\Display\Display.o
                                0x33c (size before relaxing)
 .debug_str     0x00001284       0xcb TrueSTUDIO\Coldenberg17\UsrCode\Application\Buttons\Buttons.o
                                0x401 (size before relaxing)
 .debug_str     0x0000134f      0x12a Src\system_stm32f1xx.o
                                0x2c0 (size before relaxing)
 .debug_str     0x00001479      0x150 Src\stm32f1xx_it.o
                                0x758 (size before relaxing)
 .debug_str     0x000015c9      0x4ee Src\stm32f1xx_hal_msp.o
                                0xb51 (size before relaxing)
 .debug_str     0x00001ab7      0x2ea Src\main.o
                                0xee4 (size before relaxing)
 .debug_str     0x00001da1       0xb9 Drivers\STM32F1xx_HAL_Driver\Src\stm32f1xx_hal_wwdg.o
                                0x3be (size before relaxing)
 .debug_str     0x00001e5a      0x3a5 Drivers\STM32F1xx_HAL_Driver\Src\stm32f1xx_hal_uart.o
                                0x983 (size before relaxing)
 .debug_str     0x000021ff       0xb1 Drivers\STM32F1xx_HAL_Driver\Src\stm32f1xx_hal_rcc_ex.o
                                0x395 (size before relaxing)
 .debug_str     0x000022b0      0x15b Drivers\STM32F1xx_HAL_Driver\Src\stm32f1xx_hal_rcc.o
                                0x5f6 (size before relaxing)
 .debug_str     0x0000240b      0x102 Drivers\STM32F1xx_HAL_Driver\Src\stm32f1xx_hal_gpio.o
                                0x411 (size before relaxing)
 .debug_str     0x0000250d      0x39c Drivers\STM32F1xx_HAL_Driver\Src\stm32f1xx_hal_flash_ex.o
                                0x658 (size before relaxing)
 .debug_str     0x000028a9      0x162 Drivers\STM32F1xx_HAL_Driver\Src\stm32f1xx_hal_flash.o
                                0x52e (size before relaxing)
 .debug_str     0x00002a0b      0x227 Drivers\STM32F1xx_HAL_Driver\Src\stm32f1xx_hal_cortex.o
                                0x88d (size before relaxing)
 .debug_str     0x00002c32      0x291 Drivers\STM32F1xx_HAL_Driver\Src\stm32f1xx_hal_adc_ex.o
                                0x783 (size before relaxing)
 .debug_str     0x00002ec3      0x1ff Drivers\STM32F1xx_HAL_Driver\Src\stm32f1xx_hal_adc.o
                                0x8b6 (size before relaxing)
 .debug_str     0x000030c2      0x17b Drivers\STM32F1xx_HAL_Driver\Src\stm32f1xx_hal.o
                                0x720 (size before relaxing)

.comment        0x00000000       0x83
 .comment       0x00000000       0x83 TrueSTUDIO\Coldenberg17\UsrCode\Managers\TemperatureManager\TemperatureManager.o
                                 0x84 (size before relaxing)
 .comment       0x00000000       0x84 TrueSTUDIO\Coldenberg17\UsrCode\Managers\LightManager\LightManager.o
 .comment       0x00000000       0x84 TrueSTUDIO\Coldenberg17\UsrCode\Managers\LedsManager\LedsManager.o
 .comment       0x00000000       0x84 TrueSTUDIO\Coldenberg17\UsrCode\Managers\BluetoothManager\BluetoothManager.o
 .comment       0x00000000       0x84 TrueSTUDIO\Coldenberg17\UsrCode\Framework\Flash\Flash.o
 .comment       0x00000000       0x84 TrueSTUDIO\Coldenberg17\UsrCode\Framework\FIR\FIR.o
 .comment       0x00000000       0x84 TrueSTUDIO\Coldenberg17\UsrCode\Framework\Debouncer\Debouncer.o
 .comment       0x00000000       0x84 TrueSTUDIO\Coldenberg17\UsrCode\Framework\Counter\Counter.o
 .comment       0x00000000       0x84 TrueSTUDIO\Coldenberg17\UsrCode\Application\Relays\Relays.o
 .comment       0x00000000       0x84 TrueSTUDIO\Coldenberg17\UsrCode\Application\Ntc\Ntc.o
 .comment       0x00000000       0x84 TrueSTUDIO\Coldenberg17\UsrCode\Application\Logic.o
 .comment       0x00000000       0x84 TrueSTUDIO\Coldenberg17\UsrCode\Application\LEDs\LEDs.o
 .comment       0x00000000       0x84 TrueSTUDIO\Coldenberg17\UsrCode\Application\Display\Display.o
 .comment       0x00000000       0x84 TrueSTUDIO\Coldenberg17\UsrCode\Application\Buttons\Buttons.o
 .comment       0x00000000       0x84 Src\system_stm32f1xx.o
 .comment       0x00000000       0x84 Src\stm32f1xx_it.o
 .comment       0x00000000       0x84 Src\stm32f1xx_hal_msp.o
 .comment       0x00000000       0x84 Src\main.o
 .comment       0x00000000       0x84 Drivers\STM32F1xx_HAL_Driver\Src\stm32f1xx_hal_wwdg.o
 .comment       0x00000000       0x84 Drivers\STM32F1xx_HAL_Driver\Src\stm32f1xx_hal_uart.o
 .comment       0x00000000       0x84 Drivers\STM32F1xx_HAL_Driver\Src\stm32f1xx_hal_rcc_ex.o
 .comment       0x00000000       0x84 Drivers\STM32F1xx_HAL_Driver\Src\stm32f1xx_hal_rcc.o
 .comment       0x00000000       0x84 Drivers\STM32F1xx_HAL_Driver\Src\stm32f1xx_hal_gpio.o
 .comment       0x00000000       0x84 Drivers\STM32F1xx_HAL_Driver\Src\stm32f1xx_hal_flash_ex.o
 .comment       0x00000000       0x84 Drivers\STM32F1xx_HAL_Driver\Src\stm32f1xx_hal_flash.o
 .comment       0x00000000       0x84 Drivers\STM32F1xx_HAL_Driver\Src\stm32f1xx_hal_cortex.o
 .comment       0x00000000       0x84 Drivers\STM32F1xx_HAL_Driver\Src\stm32f1xx_hal_adc_ex.o
 .comment       0x00000000       0x84 Drivers\STM32F1xx_HAL_Driver\Src\stm32f1xx_hal_adc.o
 .comment       0x00000000       0x84 Drivers\STM32F1xx_HAL_Driver\Src\stm32f1xx_hal.o

.debug_frame    0x00000000     0x15b8
 .debug_frame   0x00000000       0x50 TrueSTUDIO\Coldenberg17\UsrCode\Managers\TemperatureManager\TemperatureManager.o
 .debug_frame   0x00000050       0x28 TrueSTUDIO\Coldenberg17\UsrCode\Managers\LightManager\LightManager.o
 .debug_frame   0x00000078       0x60 TrueSTUDIO\Coldenberg17\UsrCode\Managers\LedsManager\LedsManager.o
 .debug_frame   0x000000d8       0x28 TrueSTUDIO\Coldenberg17\UsrCode\Managers\BluetoothManager\BluetoothManager.o
 .debug_frame   0x00000100       0x40 TrueSTUDIO\Coldenberg17\UsrCode\Framework\Flash\Flash.o
 .debug_frame   0x00000140       0x4c TrueSTUDIO\Coldenberg17\UsrCode\Framework\FIR\FIR.o
 .debug_frame   0x0000018c       0x40 TrueSTUDIO\Coldenberg17\UsrCode\Framework\Debouncer\Debouncer.o
 .debug_frame   0x000001cc       0x40 TrueSTUDIO\Coldenberg17\UsrCode\Framework\Counter\Counter.o
 .debug_frame   0x0000020c       0x84 TrueSTUDIO\Coldenberg17\UsrCode\Application\Relays\Relays.o
 .debug_frame   0x00000290       0x68 TrueSTUDIO\Coldenberg17\UsrCode\Application\Ntc\Ntc.o
 .debug_frame   0x000002f8       0x2c TrueSTUDIO\Coldenberg17\UsrCode\Application\Logic.o
 .debug_frame   0x00000324       0x50 TrueSTUDIO\Coldenberg17\UsrCode\Application\LEDs\LEDs.o
 .debug_frame   0x00000374      0x148 TrueSTUDIO\Coldenberg17\UsrCode\Application\Display\Display.o
 .debug_frame   0x000004bc       0x78 TrueSTUDIO\Coldenberg17\UsrCode\Application\Buttons\Buttons.o
 .debug_frame   0x00000534       0x38 Src\system_stm32f1xx.o
 .debug_frame   0x0000056c       0xc8 Src\stm32f1xx_it.o
 .debug_frame   0x00000634       0xc0 Src\stm32f1xx_hal_msp.o
 .debug_frame   0x000006f4       0x5c Src\main.o
 .debug_frame   0x00000750       0xc8 Drivers\STM32F1xx_HAL_Driver\Src\stm32f1xx_hal_wwdg.o
 .debug_frame   0x00000818      0x314 Drivers\STM32F1xx_HAL_Driver\Src\stm32f1xx_hal_uart.o
 .debug_frame   0x00000b2c       0x58 Drivers\STM32F1xx_HAL_Driver\Src\stm32f1xx_hal_rcc_ex.o
 .debug_frame   0x00000b84      0x12c Drivers\STM32F1xx_HAL_Driver\Src\stm32f1xx_hal_rcc.o
 .debug_frame   0x00000cb0       0xc0 Drivers\STM32F1xx_HAL_Driver\Src\stm32f1xx_hal_gpio.o
 .debug_frame   0x00000d70       0xe8 Drivers\STM32F1xx_HAL_Driver\Src\stm32f1xx_hal_flash_ex.o
 .debug_frame   0x00000e58      0x124 Drivers\STM32F1xx_HAL_Driver\Src\stm32f1xx_hal_flash.o
 .debug_frame   0x00000f7c      0x120 Drivers\STM32F1xx_HAL_Driver\Src\stm32f1xx_hal_cortex.o
 .debug_frame   0x0000109c       0xfc Drivers\STM32F1xx_HAL_Driver\Src\stm32f1xx_hal_adc_ex.o
 .debug_frame   0x00001198      0x290 Drivers\STM32F1xx_HAL_Driver\Src\stm32f1xx_hal_adc.o
 .debug_frame   0x00001428      0x164 Drivers\STM32F1xx_HAL_Driver\Src\stm32f1xx_hal.o
 .debug_frame   0x0000158c       0x2c c:/program files (x86)/atollic/truestudio for arm lite 5.3.0/armtools/bin/../lib/gcc/arm-atollic-eabi/4.8.3/../../../../arm-atollic-eabi/lib/armv7-m\libc.a(lib_a-init.o)

Cross Reference Table

Symbol                                            File
ADC1_IRQHandler                                   Src\stm32f1xx_it.o
ADC_ConversionStop_Disable                        Drivers\STM32F1xx_HAL_Driver\Src\stm32f1xx_hal_adc.o
                                                  Drivers\STM32F1xx_HAL_Driver\Src\stm32f1xx_hal_adc_ex.o
ADC_DMAConvCplt                                   Drivers\STM32F1xx_HAL_Driver\Src\stm32f1xx_hal_adc.o
ADC_DMAError                                      Drivers\STM32F1xx_HAL_Driver\Src\stm32f1xx_hal_adc.o
ADC_DMAHalfConvCplt                               Drivers\STM32F1xx_HAL_Driver\Src\stm32f1xx_hal_adc.o
ADC_Enable                                        Drivers\STM32F1xx_HAL_Driver\Src\stm32f1xx_hal_adc.o
                                                  Drivers\STM32F1xx_HAL_Driver\Src\stm32f1xx_hal_adc_ex.o
AHBPrescTable                                     Src\system_stm32f1xx.o
                                                  Drivers\STM32F1xx_HAL_Driver\Src\stm32f1xx_hal_rcc.o
APBPrescTable                                     Src\system_stm32f1xx.o
                                                  Drivers\STM32F1xx_HAL_Driver\Src\stm32f1xx_hal_rcc.o
BluetoothManager_Perform                          TrueSTUDIO\Coldenberg17\UsrCode\Managers\BluetoothManager\BluetoothManager.o
                                                  Src\main.o
BusFault_Handler                                  Src\stm32f1xx_it.o
Button_GetEvent                                   TrueSTUDIO\Coldenberg17\UsrCode\Application\Buttons\Buttons.o
                                                  TrueSTUDIO\Coldenberg17\UsrCode\Application\Logic.o
                                                  TrueSTUDIO\Coldenberg17\UsrCode\Managers\LightManager\LightManager.o
Buttons_GenerateEvent                             TrueSTUDIO\Coldenberg17\UsrCode\Application\Buttons\Buttons.o
                                                  Src\main.o
Buttons_Init                                      TrueSTUDIO\Coldenberg17\UsrCode\Application\Buttons\Buttons.o
                                                  Src\main.o
Buttons_Perform                                   TrueSTUDIO\Coldenberg17\UsrCode\Application\Buttons\Buttons.o
                                                  Src\main.o
CEC_IRQHandler                                    Drivers\CMSIS\Device\ST\STM32F1xx\Source\Templates\gcc\startup_stm32f100xb.o
Counter_IsTimeoutExpired                          TrueSTUDIO\Coldenberg17\UsrCode\Framework\Counter\Counter.o
                                                  TrueSTUDIO\Coldenberg17\UsrCode\Application\Logic.o
                                                  TrueSTUDIO\Coldenberg17\UsrCode\Application\Relays\Relays.o
                                                  TrueSTUDIO\Coldenberg17\UsrCode\Managers\LedsManager\LedsManager.o
                                                  TrueSTUDIO\Coldenberg17\UsrCode\Managers\LightManager\LightManager.o
                                                  TrueSTUDIO\Coldenberg17\UsrCode\Managers\TemperatureManager\TemperatureManager.o
Counter_SetTimeout                                TrueSTUDIO\Coldenberg17\UsrCode\Framework\Counter\Counter.o
                                                  TrueSTUDIO\Coldenberg17\UsrCode\Application\Logic.o
                                                  TrueSTUDIO\Coldenberg17\UsrCode\Application\Relays\Relays.o
                                                  TrueSTUDIO\Coldenberg17\UsrCode\Managers\LedsManager\LedsManager.o
                                                  TrueSTUDIO\Coldenberg17\UsrCode\Managers\LightManager\LightManager.o
                                                  TrueSTUDIO\Coldenberg17\UsrCode\Managers\TemperatureManager\TemperatureManager.o
Counter_TickTimeout                               TrueSTUDIO\Coldenberg17\UsrCode\Framework\Counter\Counter.o
                                                  TrueSTUDIO\Coldenberg17\UsrCode\Application\Logic.o
                                                  TrueSTUDIO\Coldenberg17\UsrCode\Application\Relays\Relays.o
                                                  TrueSTUDIO\Coldenberg17\UsrCode\Managers\LedsManager\LedsManager.o
                                                  TrueSTUDIO\Coldenberg17\UsrCode\Managers\LightManager\LightManager.o
                                                  TrueSTUDIO\Coldenberg17\UsrCode\Managers\TemperatureManager\TemperatureManager.o
DMA1_Channel1_IRQHandler                          Drivers\CMSIS\Device\ST\STM32F1xx\Source\Templates\gcc\startup_stm32f100xb.o
DMA1_Channel2_IRQHandler                          Drivers\CMSIS\Device\ST\STM32F1xx\Source\Templates\gcc\startup_stm32f100xb.o
DMA1_Channel3_IRQHandler                          Drivers\CMSIS\Device\ST\STM32F1xx\Source\Templates\gcc\startup_stm32f100xb.o
DMA1_Channel4_IRQHandler                          Drivers\CMSIS\Device\ST\STM32F1xx\Source\Templates\gcc\startup_stm32f100xb.o
DMA1_Channel5_IRQHandler                          Drivers\CMSIS\Device\ST\STM32F1xx\Source\Templates\gcc\startup_stm32f100xb.o
DMA1_Channel6_IRQHandler                          Drivers\CMSIS\Device\ST\STM32F1xx\Source\Templates\gcc\startup_stm32f100xb.o
DMA1_Channel7_IRQHandler                          Drivers\CMSIS\Device\ST\STM32F1xx\Source\Templates\gcc\startup_stm32f100xb.o
Debouncer_Apply                                   TrueSTUDIO\Coldenberg17\UsrCode\Framework\Debouncer\Debouncer.o
                                                  TrueSTUDIO\Coldenberg17\UsrCode\Application\Buttons\Buttons.o
Debouncer_GetData                                 TrueSTUDIO\Coldenberg17\UsrCode\Framework\Debouncer\Debouncer.o
                                                  TrueSTUDIO\Coldenberg17\UsrCode\Application\Buttons\Buttons.o
Debouncer_Init                                    TrueSTUDIO\Coldenberg17\UsrCode\Framework\Debouncer\Debouncer.o
                                                  TrueSTUDIO\Coldenberg17\UsrCode\Application\Buttons\Buttons.o
DebugMon_Handler                                  Src\stm32f1xx_it.o
Default_Handler                                   Drivers\CMSIS\Device\ST\STM32F1xx\Source\Templates\gcc\startup_stm32f100xb.o
Display_DisplayNumber                             TrueSTUDIO\Coldenberg17\UsrCode\Application\Display\Display.o
                                                  TrueSTUDIO\Coldenberg17\UsrCode\Application\Logic.o
Display_InitState                                 TrueSTUDIO\Coldenberg17\UsrCode\Application\Display\Display.o
                                                  Src\main.o
Display_Perform                                   TrueSTUDIO\Coldenberg17\UsrCode\Application\Display\Display.o
                                                  Src\main.o
EXTI0_IRQHandler                                  Drivers\CMSIS\Device\ST\STM32F1xx\Source\Templates\gcc\startup_stm32f100xb.o
EXTI15_10_IRQHandler                              Drivers\CMSIS\Device\ST\STM32F1xx\Source\Templates\gcc\startup_stm32f100xb.o
EXTI1_IRQHandler                                  Drivers\CMSIS\Device\ST\STM32F1xx\Source\Templates\gcc\startup_stm32f100xb.o
EXTI2_IRQHandler                                  Drivers\CMSIS\Device\ST\STM32F1xx\Source\Templates\gcc\startup_stm32f100xb.o
EXTI3_IRQHandler                                  Drivers\CMSIS\Device\ST\STM32F1xx\Source\Templates\gcc\startup_stm32f100xb.o
EXTI4_IRQHandler                                  Drivers\CMSIS\Device\ST\STM32F1xx\Source\Templates\gcc\startup_stm32f100xb.o
EXTI9_5_IRQHandler                                Drivers\CMSIS\Device\ST\STM32F1xx\Source\Templates\gcc\startup_stm32f100xb.o
Error_Handler                                     Src\main.o
FIR_GetFilteredValue                              TrueSTUDIO\Coldenberg17\UsrCode\Framework\FIR\FIR.o
                                                  TrueSTUDIO\Coldenberg17\UsrCode\Application\Ntc\Ntc.o
FIR_Initialize                                    TrueSTUDIO\Coldenberg17\UsrCode\Framework\FIR\FIR.o
                                                  TrueSTUDIO\Coldenberg17\UsrCode\Application\Ntc\Ntc.o
FIR_RegisterValue                                 TrueSTUDIO\Coldenberg17\UsrCode\Framework\FIR\FIR.o
                                                  TrueSTUDIO\Coldenberg17\UsrCode\Application\Ntc\Ntc.o
FLASH_IRQHandler                                  Drivers\CMSIS\Device\ST\STM32F1xx\Source\Templates\gcc\startup_stm32f100xb.o
FLASH_PageErase                                   Drivers\STM32F1xx_HAL_Driver\Src\stm32f1xx_hal_flash_ex.o
                                                  Drivers\STM32F1xx_HAL_Driver\Src\stm32f1xx_hal_flash.o
FLASH_WaitForLastOperation                        Drivers\STM32F1xx_HAL_Driver\Src\stm32f1xx_hal_flash.o
                                                  Drivers\STM32F1xx_HAL_Driver\Src\stm32f1xx_hal_flash_ex.o
Flash_GetLastValue                                TrueSTUDIO\Coldenberg17\UsrCode\Framework\Flash\Flash.o
                                                  TrueSTUDIO\Coldenberg17\UsrCode\Application\Logic.o
Flash_SaveValue                                   TrueSTUDIO\Coldenberg17\UsrCode\Framework\Flash\Flash.o
                                                  TrueSTUDIO\Coldenberg17\UsrCode\Application\Logic.o
HAL_ADCEx_Calibration_Start                       Drivers\STM32F1xx_HAL_Driver\Src\stm32f1xx_hal_adc_ex.o
HAL_ADCEx_InjectedConfigChannel                   Drivers\STM32F1xx_HAL_Driver\Src\stm32f1xx_hal_adc_ex.o
HAL_ADCEx_InjectedConvCpltCallback                Drivers\STM32F1xx_HAL_Driver\Src\stm32f1xx_hal_adc_ex.o
                                                  Drivers\STM32F1xx_HAL_Driver\Src\stm32f1xx_hal_adc.o
HAL_ADCEx_InjectedGetValue                        Drivers\STM32F1xx_HAL_Driver\Src\stm32f1xx_hal_adc_ex.o
HAL_ADCEx_InjectedPollForConversion               Drivers\STM32F1xx_HAL_Driver\Src\stm32f1xx_hal_adc_ex.o
HAL_ADCEx_InjectedStart                           Drivers\STM32F1xx_HAL_Driver\Src\stm32f1xx_hal_adc_ex.o
HAL_ADCEx_InjectedStart_IT                        Drivers\STM32F1xx_HAL_Driver\Src\stm32f1xx_hal_adc_ex.o
HAL_ADCEx_InjectedStop                            Drivers\STM32F1xx_HAL_Driver\Src\stm32f1xx_hal_adc_ex.o
HAL_ADCEx_InjectedStop_IT                         Drivers\STM32F1xx_HAL_Driver\Src\stm32f1xx_hal_adc_ex.o
HAL_ADC_AnalogWDGConfig                           Drivers\STM32F1xx_HAL_Driver\Src\stm32f1xx_hal_adc.o
HAL_ADC_ConfigChannel                             Drivers\STM32F1xx_HAL_Driver\Src\stm32f1xx_hal_adc.o
                                                  Src\main.o
HAL_ADC_ConvCpltCallback                          Drivers\STM32F1xx_HAL_Driver\Src\stm32f1xx_hal_adc.o
HAL_ADC_ConvHalfCpltCallback                      Drivers\STM32F1xx_HAL_Driver\Src\stm32f1xx_hal_adc.o
HAL_ADC_DeInit                                    Drivers\STM32F1xx_HAL_Driver\Src\stm32f1xx_hal_adc.o
HAL_ADC_ErrorCallback                             Drivers\STM32F1xx_HAL_Driver\Src\stm32f1xx_hal_adc.o
HAL_ADC_GetError                                  Drivers\STM32F1xx_HAL_Driver\Src\stm32f1xx_hal_adc.o
HAL_ADC_GetState                                  Drivers\STM32F1xx_HAL_Driver\Src\stm32f1xx_hal_adc.o
HAL_ADC_GetValue                                  Drivers\STM32F1xx_HAL_Driver\Src\stm32f1xx_hal_adc.o
                                                  TrueSTUDIO\Coldenberg17\UsrCode\Application\Ntc\Ntc.o
HAL_ADC_IRQHandler                                Drivers\STM32F1xx_HAL_Driver\Src\stm32f1xx_hal_adc.o
                                                  Src\stm32f1xx_it.o
HAL_ADC_Init                                      Drivers\STM32F1xx_HAL_Driver\Src\stm32f1xx_hal_adc.o
                                                  Src\main.o
HAL_ADC_LevelOutOfWindowCallback                  Drivers\STM32F1xx_HAL_Driver\Src\stm32f1xx_hal_adc.o
HAL_ADC_MspDeInit                                 Src\stm32f1xx_hal_msp.o
HAL_ADC_MspInit                                   Src\stm32f1xx_hal_msp.o
HAL_ADC_PollForConversion                         Drivers\STM32F1xx_HAL_Driver\Src\stm32f1xx_hal_adc.o
                                                  TrueSTUDIO\Coldenberg17\UsrCode\Application\Ntc\Ntc.o
HAL_ADC_PollForEvent                              Drivers\STM32F1xx_HAL_Driver\Src\stm32f1xx_hal_adc.o
HAL_ADC_Start                                     Drivers\STM32F1xx_HAL_Driver\Src\stm32f1xx_hal_adc.o
                                                  TrueSTUDIO\Coldenberg17\UsrCode\Application\Ntc\Ntc.o
HAL_ADC_Start_DMA                                 Drivers\STM32F1xx_HAL_Driver\Src\stm32f1xx_hal_adc.o
HAL_ADC_Start_IT                                  Drivers\STM32F1xx_HAL_Driver\Src\stm32f1xx_hal_adc.o
HAL_ADC_Stop                                      Drivers\STM32F1xx_HAL_Driver\Src\stm32f1xx_hal_adc.o
HAL_ADC_Stop_DMA                                  Drivers\STM32F1xx_HAL_Driver\Src\stm32f1xx_hal_adc.o
HAL_ADC_Stop_IT                                   Drivers\STM32F1xx_HAL_Driver\Src\stm32f1xx_hal_adc.o
HAL_DBGMCU_DisableDBGSleepMode                    Drivers\STM32F1xx_HAL_Driver\Src\stm32f1xx_hal.o
HAL_DBGMCU_DisableDBGStandbyMode                  Drivers\STM32F1xx_HAL_Driver\Src\stm32f1xx_hal.o
HAL_DBGMCU_DisableDBGStopMode                     Drivers\STM32F1xx_HAL_Driver\Src\stm32f1xx_hal.o
HAL_DBGMCU_EnableDBGSleepMode                     Drivers\STM32F1xx_HAL_Driver\Src\stm32f1xx_hal.o
HAL_DBGMCU_EnableDBGStandbyMode                   Drivers\STM32F1xx_HAL_Driver\Src\stm32f1xx_hal.o
HAL_DBGMCU_EnableDBGStopMode                      Drivers\STM32F1xx_HAL_Driver\Src\stm32f1xx_hal.o
HAL_DMA_Abort                                     Drivers\STM32F1xx_HAL_Driver\Src\stm32f1xx_hal_dma.o
                                                  Drivers\STM32F1xx_HAL_Driver\Src\stm32f1xx_hal_adc.o
                                                  Drivers\STM32F1xx_HAL_Driver\Src\stm32f1xx_hal_uart.o
HAL_DMA_DeInit                                    Drivers\STM32F1xx_HAL_Driver\Src\stm32f1xx_hal_dma.o
HAL_DMA_GetError                                  Drivers\STM32F1xx_HAL_Driver\Src\stm32f1xx_hal_dma.o
HAL_DMA_GetState                                  Drivers\STM32F1xx_HAL_Driver\Src\stm32f1xx_hal_dma.o
HAL_DMA_IRQHandler                                Drivers\STM32F1xx_HAL_Driver\Src\stm32f1xx_hal_dma.o
HAL_DMA_Init                                      Drivers\STM32F1xx_HAL_Driver\Src\stm32f1xx_hal_dma.o
HAL_DMA_PollForTransfer                           Drivers\STM32F1xx_HAL_Driver\Src\stm32f1xx_hal_dma.o
HAL_DMA_Start                                     Drivers\STM32F1xx_HAL_Driver\Src\stm32f1xx_hal_dma.o
HAL_DMA_Start_IT                                  Drivers\STM32F1xx_HAL_Driver\Src\stm32f1xx_hal_dma.o
                                                  Drivers\STM32F1xx_HAL_Driver\Src\stm32f1xx_hal_adc.o
                                                  Drivers\STM32F1xx_HAL_Driver\Src\stm32f1xx_hal_uart.o
HAL_DeInit                                        Drivers\STM32F1xx_HAL_Driver\Src\stm32f1xx_hal.o
HAL_Delay                                         Drivers\STM32F1xx_HAL_Driver\Src\stm32f1xx_hal.o
                                                  Drivers\STM32F1xx_HAL_Driver\Src\stm32f1xx_hal_rcc.o
HAL_FLASHEx_Erase                                 Drivers\STM32F1xx_HAL_Driver\Src\stm32f1xx_hal_flash_ex.o
                                                  TrueSTUDIO\Coldenberg17\UsrCode\Framework\Flash\Flash.o
HAL_FLASHEx_Erase_IT                              Drivers\STM32F1xx_HAL_Driver\Src\stm32f1xx_hal_flash_ex.o
HAL_FLASHEx_OBErase                               Drivers\STM32F1xx_HAL_Driver\Src\stm32f1xx_hal_flash_ex.o
HAL_FLASHEx_OBGetConfig                           Drivers\STM32F1xx_HAL_Driver\Src\stm32f1xx_hal_flash_ex.o
HAL_FLASHEx_OBGetUserData                         Drivers\STM32F1xx_HAL_Driver\Src\stm32f1xx_hal_flash_ex.o
HAL_FLASHEx_OBProgram                             Drivers\STM32F1xx_HAL_Driver\Src\stm32f1xx_hal_flash_ex.o
HAL_FLASH_EndOfOperationCallback                  Drivers\STM32F1xx_HAL_Driver\Src\stm32f1xx_hal_flash.o
HAL_FLASH_GetError                                Drivers\STM32F1xx_HAL_Driver\Src\stm32f1xx_hal_flash.o
HAL_FLASH_IRQHandler                              Drivers\STM32F1xx_HAL_Driver\Src\stm32f1xx_hal_flash.o
HAL_FLASH_Lock                                    Drivers\STM32F1xx_HAL_Driver\Src\stm32f1xx_hal_flash.o
                                                  TrueSTUDIO\Coldenberg17\UsrCode\Framework\Flash\Flash.o
HAL_FLASH_OB_Launch                               Drivers\STM32F1xx_HAL_Driver\Src\stm32f1xx_hal_flash.o
HAL_FLASH_OB_Lock                                 Drivers\STM32F1xx_HAL_Driver\Src\stm32f1xx_hal_flash.o
HAL_FLASH_OB_Unlock                               Drivers\STM32F1xx_HAL_Driver\Src\stm32f1xx_hal_flash.o
HAL_FLASH_OperationErrorCallback                  Drivers\STM32F1xx_HAL_Driver\Src\stm32f1xx_hal_flash.o
HAL_FLASH_Program                                 Drivers\STM32F1xx_HAL_Driver\Src\stm32f1xx_hal_flash.o
                                                  TrueSTUDIO\Coldenberg17\UsrCode\Framework\Flash\Flash.o
HAL_FLASH_Program_IT                              Drivers\STM32F1xx_HAL_Driver\Src\stm32f1xx_hal_flash.o
HAL_FLASH_Unlock                                  Drivers\STM32F1xx_HAL_Driver\Src\stm32f1xx_hal_flash.o
                                                  TrueSTUDIO\Coldenberg17\UsrCode\Framework\Flash\Flash.o
HAL_GPIOEx_ConfigEventout                         Drivers\STM32F1xx_HAL_Driver\Src\stm32f1xx_hal_gpio_ex.o
HAL_GPIOEx_DisableEventout                        Drivers\STM32F1xx_HAL_Driver\Src\stm32f1xx_hal_gpio_ex.o
HAL_GPIOEx_EnableEventout                         Drivers\STM32F1xx_HAL_Driver\Src\stm32f1xx_hal_gpio_ex.o
HAL_GPIO_DeInit                                   Drivers\STM32F1xx_HAL_Driver\Src\stm32f1xx_hal_gpio.o
                                                  Src\stm32f1xx_hal_msp.o
HAL_GPIO_EXTI_Callback                            Drivers\STM32F1xx_HAL_Driver\Src\stm32f1xx_hal_gpio.o
HAL_GPIO_EXTI_IRQHandler                          Drivers\STM32F1xx_HAL_Driver\Src\stm32f1xx_hal_gpio.o
HAL_GPIO_Init                                     Drivers\STM32F1xx_HAL_Driver\Src\stm32f1xx_hal_gpio.o
                                                  Drivers\STM32F1xx_HAL_Driver\Src\stm32f1xx_hal_rcc.o
                                                  Src\main.o
                                                  Src\stm32f1xx_hal_msp.o
HAL_GPIO_LockPin                                  Drivers\STM32F1xx_HAL_Driver\Src\stm32f1xx_hal_gpio.o
HAL_GPIO_ReadPin                                  Drivers\STM32F1xx_HAL_Driver\Src\stm32f1xx_hal_gpio.o
                                                  TrueSTUDIO\Coldenberg17\UsrCode\Application\Buttons\Buttons.o
                                                  TrueSTUDIO\Coldenberg17\UsrCode\Application\LEDs\LEDs.o
                                                  TrueSTUDIO\Coldenberg17\UsrCode\Managers\BluetoothManager\BluetoothManager.o
HAL_GPIO_TogglePin                                Drivers\STM32F1xx_HAL_Driver\Src\stm32f1xx_hal_gpio.o
HAL_GPIO_WritePin                                 Drivers\STM32F1xx_HAL_Driver\Src\stm32f1xx_hal_gpio.o
                                                  Src\main.o
                                                  TrueSTUDIO\Coldenberg17\UsrCode\Application\Display\Display.o
                                                  TrueSTUDIO\Coldenberg17\UsrCode\Application\LEDs\LEDs.o
                                                  TrueSTUDIO\Coldenberg17\UsrCode\Application\Relays\Relays.o
HAL_GetDEVID                                      Drivers\STM32F1xx_HAL_Driver\Src\stm32f1xx_hal.o
HAL_GetHalVersion                                 Drivers\STM32F1xx_HAL_Driver\Src\stm32f1xx_hal.o
HAL_GetREVID                                      Drivers\STM32F1xx_HAL_Driver\Src\stm32f1xx_hal.o
HAL_GetTick                                       Drivers\STM32F1xx_HAL_Driver\Src\stm32f1xx_hal.o
                                                  Drivers\STM32F1xx_HAL_Driver\Src\stm32f1xx_hal_adc.o
                                                  Drivers\STM32F1xx_HAL_Driver\Src\stm32f1xx_hal_adc_ex.o
                                                  Drivers\STM32F1xx_HAL_Driver\Src\stm32f1xx_hal_dma.o
                                                  Drivers\STM32F1xx_HAL_Driver\Src\stm32f1xx_hal_flash.o
                                                  Drivers\STM32F1xx_HAL_Driver\Src\stm32f1xx_hal_rcc.o
                                                  Drivers\STM32F1xx_HAL_Driver\Src\stm32f1xx_hal_rcc_ex.o
                                                  Drivers\STM32F1xx_HAL_Driver\Src\stm32f1xx_hal_uart.o
HAL_HalfDuplex_EnableReceiver                     Drivers\STM32F1xx_HAL_Driver\Src\stm32f1xx_hal_uart.o
HAL_HalfDuplex_EnableTransmitter                  Drivers\STM32F1xx_HAL_Driver\Src\stm32f1xx_hal_uart.o
HAL_HalfDuplex_Init                               Drivers\STM32F1xx_HAL_Driver\Src\stm32f1xx_hal_uart.o
HAL_IncTick                                       Drivers\STM32F1xx_HAL_Driver\Src\stm32f1xx_hal.o
                                                  Src\stm32f1xx_it.o
HAL_Init                                          Drivers\STM32F1xx_HAL_Driver\Src\stm32f1xx_hal.o
                                                  Src\main.o
HAL_InitTick                                      Drivers\STM32F1xx_HAL_Driver\Src\stm32f1xx_hal.o
                                                  Drivers\STM32F1xx_HAL_Driver\Src\stm32f1xx_hal_rcc.o
HAL_LIN_Init                                      Drivers\STM32F1xx_HAL_Driver\Src\stm32f1xx_hal_uart.o
HAL_LIN_SendBreak                                 Drivers\STM32F1xx_HAL_Driver\Src\stm32f1xx_hal_uart.o
HAL_MspDeInit                                     Drivers\STM32F1xx_HAL_Driver\Src\stm32f1xx_hal.o
HAL_MspInit                                       Src\stm32f1xx_hal_msp.o
HAL_MultiProcessor_EnterMuteMode                  Drivers\STM32F1xx_HAL_Driver\Src\stm32f1xx_hal_uart.o
HAL_MultiProcessor_ExitMuteMode                   Drivers\STM32F1xx_HAL_Driver\Src\stm32f1xx_hal_uart.o
HAL_MultiProcessor_Init                           Drivers\STM32F1xx_HAL_Driver\Src\stm32f1xx_hal_uart.o
HAL_NVIC_ClearPendingIRQ                          Drivers\STM32F1xx_HAL_Driver\Src\stm32f1xx_hal_cortex.o
HAL_NVIC_DisableIRQ                               Drivers\STM32F1xx_HAL_Driver\Src\stm32f1xx_hal_cortex.o
                                                  Src\stm32f1xx_hal_msp.o
HAL_NVIC_EnableIRQ                                Drivers\STM32F1xx_HAL_Driver\Src\stm32f1xx_hal_cortex.o
                                                  Src\stm32f1xx_hal_msp.o
HAL_NVIC_GetActive                                Drivers\STM32F1xx_HAL_Driver\Src\stm32f1xx_hal_cortex.o
HAL_NVIC_GetPendingIRQ                            Drivers\STM32F1xx_HAL_Driver\Src\stm32f1xx_hal_cortex.o
HAL_NVIC_GetPriority                              Drivers\STM32F1xx_HAL_Driver\Src\stm32f1xx_hal_cortex.o
HAL_NVIC_GetPriorityGrouping                      Drivers\STM32F1xx_HAL_Driver\Src\stm32f1xx_hal_cortex.o
HAL_NVIC_SetPendingIRQ                            Drivers\STM32F1xx_HAL_Driver\Src\stm32f1xx_hal_cortex.o
HAL_NVIC_SetPriority                              Drivers\STM32F1xx_HAL_Driver\Src\stm32f1xx_hal_cortex.o
                                                  Drivers\STM32F1xx_HAL_Driver\Src\stm32f1xx_hal.o
                                                  Src\main.o
                                                  Src\stm32f1xx_hal_msp.o
HAL_NVIC_SetPriorityGrouping                      Drivers\STM32F1xx_HAL_Driver\Src\stm32f1xx_hal_cortex.o
                                                  Drivers\STM32F1xx_HAL_Driver\Src\stm32f1xx_hal.o
                                                  Src\stm32f1xx_hal_msp.o
HAL_NVIC_SystemReset                              Drivers\STM32F1xx_HAL_Driver\Src\stm32f1xx_hal_cortex.o
                                                  Drivers\STM32F1xx_HAL_Driver\Src\stm32f1xx_hal_flash.o
HAL_PWR_ConfigPVD                                 Drivers\STM32F1xx_HAL_Driver\Src\stm32f1xx_hal_pwr.o
HAL_PWR_DeInit                                    Drivers\STM32F1xx_HAL_Driver\Src\stm32f1xx_hal_pwr.o
HAL_PWR_DisableBkUpAccess                         Drivers\STM32F1xx_HAL_Driver\Src\stm32f1xx_hal_pwr.o
HAL_PWR_DisablePVD                                Drivers\STM32F1xx_HAL_Driver\Src\stm32f1xx_hal_pwr.o
HAL_PWR_DisableSEVOnPend                          Drivers\STM32F1xx_HAL_Driver\Src\stm32f1xx_hal_pwr.o
HAL_PWR_DisableSleepOnExit                        Drivers\STM32F1xx_HAL_Driver\Src\stm32f1xx_hal_pwr.o
HAL_PWR_DisableWakeUpPin                          Drivers\STM32F1xx_HAL_Driver\Src\stm32f1xx_hal_pwr.o
HAL_PWR_EnableBkUpAccess                          Drivers\STM32F1xx_HAL_Driver\Src\stm32f1xx_hal_pwr.o
HAL_PWR_EnablePVD                                 Drivers\STM32F1xx_HAL_Driver\Src\stm32f1xx_hal_pwr.o
HAL_PWR_EnableSEVOnPend                           Drivers\STM32F1xx_HAL_Driver\Src\stm32f1xx_hal_pwr.o
HAL_PWR_EnableSleepOnExit                         Drivers\STM32F1xx_HAL_Driver\Src\stm32f1xx_hal_pwr.o
HAL_PWR_EnableWakeUpPin                           Drivers\STM32F1xx_HAL_Driver\Src\stm32f1xx_hal_pwr.o
HAL_PWR_EnterSLEEPMode                            Drivers\STM32F1xx_HAL_Driver\Src\stm32f1xx_hal_pwr.o
HAL_PWR_EnterSTANDBYMode                          Drivers\STM32F1xx_HAL_Driver\Src\stm32f1xx_hal_pwr.o
HAL_PWR_EnterSTOPMode                             Drivers\STM32F1xx_HAL_Driver\Src\stm32f1xx_hal_pwr.o
HAL_PWR_PVDCallback                               Drivers\STM32F1xx_HAL_Driver\Src\stm32f1xx_hal_pwr.o
HAL_PWR_PVD_IRQHandler                            Drivers\STM32F1xx_HAL_Driver\Src\stm32f1xx_hal_pwr.o
HAL_RCCEx_GetPeriphCLKConfig                      Drivers\STM32F1xx_HAL_Driver\Src\stm32f1xx_hal_rcc_ex.o
HAL_RCCEx_GetPeriphCLKFreq                        Drivers\STM32F1xx_HAL_Driver\Src\stm32f1xx_hal_rcc_ex.o
                                                  Drivers\STM32F1xx_HAL_Driver\Src\stm32f1xx_hal_adc.o
                                                  Drivers\STM32F1xx_HAL_Driver\Src\stm32f1xx_hal_adc_ex.o
HAL_RCCEx_PeriphCLKConfig                         Drivers\STM32F1xx_HAL_Driver\Src\stm32f1xx_hal_rcc_ex.o
                                                  Src\main.o