Archive member included because of file (symbol)

c:/program files (x86)/atollic/truestudio for arm lite 5.3.0/armtools/bin/../lib/gcc/arm-atollic-eabi/4.8.3/../../../../arm-atollic-eabi/lib/armv7-m\libc.a(lib_a-init.o)
                              Drivers\CMSIS\Device\ST\STM32F1xx\Source\Templates\gcc\startup_stm32f100xb.o (__libc_init_array)
c:/program files (x86)/atollic/truestudio for arm lite 5.3.0/armtools/bin/../lib/gcc/arm-atollic-eabi/4.8.3/../../../../arm-atollic-eabi/lib/armv7-m\libc.a(lib_a-memset.o)
                              Drivers\STM32F1xx_HAL_Driver\Src\stm32f1xx_hal_rcc.o (memset)
c:/program files (x86)/atollic/truestudio for arm lite 5.3.0/armtools/bin/../lib/gcc/arm-atollic-eabi/4.8.3/armv7-m\libgcc.a(_lshrdi3.o)
                              Drivers\STM32F1xx_HAL_Driver\Src\stm32f1xx_hal_flash.o (__aeabi_llsr)

Allocating common symbols
Common symbol       size              file

kRelays             0x4               TrueSTUDIO\Coldenberg17\UsrCode\Application\Relays\Relays.o
kLEDs               0x3               TrueSTUDIO\Coldenberg17\UsrCode\Application\LEDs\LEDs.o
pFlash              0x20              Drivers\STM32F1xx_HAL_Driver\Src\stm32f1xx_hal_flash.o
kLogic              0x4               TrueSTUDIO\Coldenberg17\UsrCode\Application\Logic.o
hadc1               0x30              Src\main.o
tButtons            0x24              TrueSTUDIO\Coldenberg17\UsrCode\Application\Buttons\Buttons.o
kLedsManager        0x4               TrueSTUDIO\Coldenberg17\UsrCode\Managers\LedsManager\LedsManager.o
hwwdg               0x14              Src\main.o
huart2              0x40              Src\main.o

Discarded input sections

 .text          0x00000000        0x0 c:/program files (x86)/atollic/truestudio for arm lite 5.3.0/armtools/bin/../lib/gcc/arm-atollic-eabi/4.8.3/armv7-m/crti.o
 .data          0x00000000        0x0 c:/program files (x86)/atollic/truestudio for arm lite 5.3.0/armtools/bin/../lib/gcc/arm-atollic-eabi/4.8.3/armv7-m/crti.o
 .bss           0x00000000        0x0 c:/program files (x86)/atollic/truestudio for arm lite 5.3.0/armtools/bin/../lib/gcc/arm-atollic-eabi/4.8.3/armv7-m/crti.o
 .data          0x00000000        0x4 c:/program files (x86)/atollic/truestudio for arm lite 5.3.0/armtools/bin/../lib/gcc/arm-atollic-eabi/4.8.3/armv7-m/crtbegin.o
 .text          0x00000000        0x0 TrueSTUDIO\Coldenberg17\UsrCode\Managers\TemperatureManager\TemperatureManager.o
 .data          0x00000000        0x0 TrueSTUDIO\Coldenberg17\UsrCode\Managers\TemperatureManager\TemperatureManager.o
 .bss           0x00000000        0x0 TrueSTUDIO\Coldenberg17\UsrCode\Managers\TemperatureManager\TemperatureManager.o
 .text          0x00000000        0x0 TrueSTUDIO\Coldenberg17\UsrCode\Managers\LightManager\LightManager.o
 .data          0x00000000        0x0 TrueSTUDIO\Coldenberg17\UsrCode\Managers\LightManager\LightManager.o
 .bss           0x00000000        0x0 TrueSTUDIO\Coldenberg17\UsrCode\Managers\LightManager\LightManager.o
 .text          0x00000000        0x0 TrueSTUDIO\Coldenberg17\UsrCode\Managers\LedsManager\LedsManager.o
 .data          0x00000000        0x0 TrueSTUDIO\Coldenberg17\UsrCode\Managers\LedsManager\LedsManager.o
 .bss           0x00000000        0x0 TrueSTUDIO\Coldenberg17\UsrCode\Managers\LedsManager\LedsManager.o
 .text          0x00000000        0x0 TrueSTUDIO\Coldenberg17\UsrCode\Framework\Flash\Flash.o
 .data          0x00000000        0x0 TrueSTUDIO\Coldenberg17\UsrCode\Framework\Flash\Flash.o
 .bss           0x00000000        0x0 TrueSTUDIO\Coldenberg17\UsrCode\Framework\Flash\Flash.o
 .text          0x00000000        0x0 TrueSTUDIO\Coldenberg17\UsrCode\Framework\Debouncer\Debouncer.o
 .data          0x00000000        0x0 TrueSTUDIO\Coldenberg17\UsrCode\Framework\Debouncer\Debouncer.o
 .bss           0x00000000        0x0 TrueSTUDIO\Coldenberg17\UsrCode\Framework\Debouncer\Debouncer.o
 .text          0x00000000        0x0 TrueSTUDIO\Coldenberg17\UsrCode\Framework\Counter\Counter.o
 .data          0x00000000        0x0 TrueSTUDIO\Coldenberg17\UsrCode\Framework\Counter\Counter.o
 .bss           0x00000000        0x0 TrueSTUDIO\Coldenberg17\UsrCode\Framework\Counter\Counter.o
 .text          0x00000000        0x0 TrueSTUDIO\Coldenberg17\UsrCode\Application\Relays\Relays.o
 .data          0x00000000        0x0 TrueSTUDIO\Coldenberg17\UsrCode\Application\Relays\Relays.o
 .bss           0x00000000        0x0 TrueSTUDIO\Coldenberg17\UsrCode\Application\Relays\Relays.o
 .text.Relays_CompressorSetState
                0x00000000       0x34 TrueSTUDIO\Coldenberg17\UsrCode\Application\Relays\Relays.o
 .text          0x00000000        0x0 TrueSTUDIO\Coldenberg17\UsrCode\Application\Ntc\Ntc.o
 .data          0x00000000        0x0 TrueSTUDIO\Coldenberg17\UsrCode\Application\Ntc\Ntc.o
 .bss           0x00000000        0x0 TrueSTUDIO\Coldenberg17\UsrCode\Application\Ntc\Ntc.o
 .text          0x00000000        0x0 TrueSTUDIO\Coldenberg17\UsrCode\Application\Logic.o
[...]
Memory Configuration

Name             Origin             Length             Attributes
RAM              0x20000000         0x00002000         xrw
FLASH            0x08000000         0x00010000         xr
*default*        0x00000000         0xffffffff

Linker script and memory map

LOAD c:/program files (x86)/atollic/truestudio for arm lite 5.3.0/armtools/bin/../lib/gcc/arm-atollic-eabi/4.8.3/armv7-m/crti.o
LOAD c:/program files (x86)/atollic/truestudio for arm lite 5.3.0/armtools/bin/../lib/gcc/arm-atollic-eabi/4.8.3/armv7-m/crtbegin.o
LOAD TrueSTUDIO\Coldenberg17\UsrCode\Managers\TemperatureManager\TemperatureManager.o
LOAD TrueSTUDIO\Coldenberg17\UsrCode\Managers\LightManager\LightManager.o
LOAD TrueSTUDIO\Coldenberg17\UsrCode\Managers\LedsManager\LedsManager.o
LOAD TrueSTUDIO\Coldenberg17\UsrCode\Framework\Flash\Flash.o
LOAD TrueSTUDIO\Coldenberg17\UsrCode\Framework\Debouncer\Debouncer.o
LOAD TrueSTUDIO\Coldenberg17\UsrCode\Framework\Counter\Counter.o
LOAD TrueSTUDIO\Coldenberg17\UsrCode\Application\Relays\Relays.o
LOAD TrueSTUDIO\Coldenberg17\UsrCode\Application\Ntc\Ntc.o
LOAD TrueSTUDIO\Coldenberg17\UsrCode\Application\Logic.o
LOAD TrueSTUDIO\Coldenberg17\UsrCode\Application\LEDs\LEDs.o
LOAD TrueSTUDIO\Coldenberg17\UsrCode\Application\Display\Display.o
LOAD TrueSTUDIO\Coldenberg17\UsrCode\Application\Buttons\Buttons.o
LOAD Src\system_stm32f1xx.o
LOAD Src\stm32f1xx_it.o
LOAD Src\stm32f1xx_hal_msp.o
LOAD Src\main.o
LOAD Drivers\STM32F1xx_HAL_Driver\Src\stm32f1xx_hal_wwdg.o
LOAD Drivers\STM32F1xx_HAL_Driver\Src\stm32f1xx_hal_uart.o
LOAD Drivers\STM32F1xx_HAL_Driver\Src\stm32f1xx_hal_tim_ex.o
LOAD Drivers\STM32F1xx_HAL_Driver\Src\stm32f1xx_hal_tim.o
LOAD Drivers\STM32F1xx_HAL_Driver\Src\stm32f1xx_hal_rcc_ex.o
LOAD Drivers\STM32F1xx_HAL_Driver\Src\stm32f1xx_hal_rcc.o
LOAD Drivers\STM32F1xx_HAL_Driver\Src\stm32f1xx_hal_pwr.o
LOAD Drivers\STM32F1xx_HAL_Driver\Src\stm32f1xx_hal_gpio_ex.o
LOAD Drivers\STM32F1xx_HAL_Driver\Src\stm32f1xx_hal_gpio.o
LOAD Drivers\STM32F1xx_HAL_Driver\Src\stm32f1xx_hal_flash_ex.o
LOAD Drivers\STM32F1xx_HAL_Driver\Src\stm32f1xx_hal_flash.o
LOAD Drivers\STM32F1xx_HAL_Driver\Src\stm32f1xx_hal_dma.o
LOAD Drivers\STM32F1xx_HAL_Driver\Src\stm32f1xx_hal_cortex.o
LOAD Drivers\STM32F1xx_HAL_Driver\Src\stm32f1xx_hal_adc_ex.o
LOAD Drivers\STM32F1xx_HAL_Driver\Src\stm32f1xx_hal_adc.o
LOAD Drivers\STM32F1xx_HAL_Driver\Src\stm32f1xx_hal.o
LOAD Drivers\CMSIS\Device\ST\STM32F1xx\Source\Templates\gcc\startup_stm32f100xb.o
START GROUP
LOAD c:/program files (x86)/atollic/truestudio for arm lite 5.3.0/armtools/bin/../lib/gcc/arm-atollic-eabi/4.8.3/../../../../arm-atollic-eabi/lib/armv7-m\libc.a
LOAD c:/program files (x86)/atollic/truestudio for arm lite 5.3.0/armtools/bin/../lib/gcc/arm-atollic-eabi/4.8.3/../../../../arm-atollic-eabi/lib/armv7-m\libm.a
END GROUP
                0x00001000                malloc_getpagesize_P = 0x1000
START GROUP
LOAD c:/program files (x86)/atollic/truestudio for arm lite 5.3.0/armtools/bin/../lib/gcc/arm-atollic-eabi/4.8.3/armv7-m\libgcc.a
LOAD c:/program files (x86)/atollic/truestudio for arm lite 5.3.0/armtools/bin/../lib/gcc/arm-atollic-eabi/4.8.3/../../../../arm-atollic-eabi/lib/armv7-m\libc.a
END GROUP
LOAD c:/program files (x86)/atollic/truestudio for arm lite 5.3.0/armtools/bin/../lib/gcc/arm-atollic-eabi/4.8.3/armv7-m/crtend.o
LOAD c:/program files (x86)/atollic/truestudio for arm lite 5.3.0/armtools/bin/../lib/gcc/arm-atollic-eabi/4.8.3/armv7-m/crtn.o
                0x20002000                _estack = 0x20002000
                0x00000200                _Min_Heap_Size = 0x200
                0x00000400                _Min_Stack_Size = 0x400

.isr_vector     0x08000000      0x1d0
                0x08000000                . = ALIGN (0x4)
 *(.isr_vector)
 .isr_vector    0x08000000      0x1d0 Drivers\CMSIS\Device\ST\STM32F1xx\Source\Templates\gcc\startup_stm32f100xb.o
                0x08000000                g_pfnVectors
                0x080001d0                . = ALIGN (0x4)

.text           0x080001d0     0x2410
                0x080001d0                . = ALIGN (0x4)
 *(.text)
 .text          0x080001d0       0x40 c:/program files (x86)/atollic/truestudio for arm lite 5.3.0/armtools/bin/../lib/gcc/arm-atollic-eabi/4.8.3/armv7-m/crtbegin.o
 .text          0x08000210       0x18 c:/program files (x86)/atollic/truestudio for arm lite 5.3.0/armtools/bin/../lib/gcc/arm-atollic-eabi/4.8.3/armv7-m\libgcc.a(_lshrdi3.o)
                0x08000210                __lshrdi3
                0x08000210                __aeabi_llsr
 *(.text*)
 .text.TemperatureManager_Perform
                0x08000228        0x2 TrueSTUDIO\Coldenberg17\UsrCode\Managers\TemperatureManager\TemperatureManager.o
                0x08000228                TemperatureManager_Perform
 *fill*         0x0800022a        0x2 
 .text.TemperatureManager_SetTemp
                0x0800022c        0xc TrueSTUDIO\Coldenberg17\UsrCode\Managers\TemperatureManager\TemperatureManager.o
                0x0800022c                TemperatureManager_SetTemp
 .text.TemperatureManager_GetTemp
                0x08000238        0xc TrueSTUDIO\Coldenberg17\UsrCode\Managers\TemperatureManager\TemperatureManager.o
                0x08000238                TemperatureManager_GetTemp
 .text.LightManager_Perform
                0x08000244       0x48 TrueSTUDIO\Coldenberg17\UsrCode\Managers\LightManager\LightManager.o
                0x08000244                LightManager_Perform
 .text.LedsManager_Perform
                0x0800028c       0xb0 TrueSTUDIO\Coldenberg17\UsrCode\Managers\LedsManager\LedsManager.o
                0x0800028c                LedsManager_Perform
 .text.LedsManager_SetBlink
                0x0800033c       0x30 TrueSTUDIO\Coldenberg17\UsrCode\Managers\LedsManager\LedsManager.o
                0x0800033c                LedsManager_SetBlink
 .text.LedsManager_SetAllOff
                0x0800036c        0xc TrueSTUDIO\Coldenberg17\UsrCode\Managers\LedsManager\LedsManager.o
                0x0800036c                LedsManager_SetAllOff
 .text.LedsManager_SetAllOn
                0x08000378        0xc TrueSTUDIO\Coldenberg17\UsrCode\Managers\LedsManager\LedsManager.o
                0x08000378                LedsManager_SetAllOn
 .text.Flash_SaveValue
                0x08000384       0x64 TrueSTUDIO\Coldenberg17\UsrCode\Framework\Flash\Flash.o
                0x08000384                Flash_SaveValue
 .text.Flash_GetLastValue
                0x080003e8       0x28 TrueSTUDIO\Coldenberg17\UsrCode\Framework\Flash\Flash.o
                0x080003e8                Flash_GetLastValue
 .text.Debouncer_Init
                0x08000410        0xa TrueSTUDIO\Coldenberg17\UsrCode\Framework\Debouncer\Debouncer.o
                0x08000410                Debouncer_Init
 .text.Debouncer_Apply
                0x0800041a       0x1c TrueSTUDIO\Coldenberg17\UsrCode\Framework\Debouncer\Debouncer.o
                0x0800041a                Debouncer_Apply
 .text.Debouncer_GetData
                0x08000436        0x4 TrueSTUDIO\Coldenberg17\UsrCode\Framework\Debouncer\Debouncer.o
                0x08000436                Debouncer_GetData
 .text.Counter_SetTimeout
                0x0800043a        0x4 TrueSTUDIO\Coldenberg17\UsrCode\Framework\Counter\Counter.o
                0x0800043a                Counter_SetTimeout
 .text.Counter_TickTimeout
                0x0800043e        0xa TrueSTUDIO\Coldenberg17\UsrCode\Framework\Counter\Counter.o
                0x0800043e                Counter_TickTimeout
 .text.Counter_IsTimeoutExpired
                0x08000448        0xc TrueSTUDIO\Coldenberg17\UsrCode\Framework\Counter\Counter.o
                0x08000448                Counter_IsTimeoutExpired
 .text.Relays_Perform
                0x08000454       0x58 TrueSTUDIO\Coldenberg17\UsrCode\Application\Relays\Relays.o
                0x08000454                Relays_Perform
 .text.Relays_Init
                0x080004ac       0x40 TrueSTUDIO\Coldenberg17\UsrCode\Application\Relays\Relays.o
                0x080004ac                Relays_Init
 .text.Relays_LightSetState
                0x080004ec        0xc TrueSTUDIO\Coldenberg17\UsrCode\Application\Relays\Relays.o
                0x080004ec                Relays_LightSetState
 .text.Ntc_Perform
                0x080004f8        0x2 TrueSTUDIO\Coldenberg17\UsrCode\Application\Ntc\Ntc.o
                0x080004f8                Ntc_Perform
 .text.Ntc_GetValue
                0x080004fa        0x4 TrueSTUDIO\Coldenberg17\UsrCode\Application\Ntc\Ntc.o
                0x080004fa                Ntc_GetValue
 *fill*         0x080004fe        0x2 
 .text.Logic_Perform
                0x08000500      0x15c TrueSTUDIO\Coldenberg17\UsrCode\Application\Logic.o
                0x08000500                Logic_Perform
 .text.LEDs_Perform
                0x0800065c       0x3c TrueSTUDIO\Coldenberg17\UsrCode\Application\LEDs\LEDs.o
                0x0800065c                LEDs_Perform
 .text.LEDs_SetState
                0x08000698       0x24 TrueSTUDIO\Coldenberg17\UsrCode\Application\LEDs\LEDs.o
                0x08000698                LEDs_SetState
 .text.Display_9
                0x080006bc       0x58 TrueSTUDIO\Coldenberg17\UsrCode\Application\Display\Display.o
 .text.Display_8
                0x08000714       0x58 TrueSTUDIO\Coldenberg17\UsrCode\Application\Display\Display.o
 .text.Display_7
                0x0800076c       0x58 TrueSTUDIO\Coldenberg17\UsrCode\Application\Display\Display.o
 .text.Display_6
                0x080007c4       0x58 TrueSTUDIO\Coldenberg17\UsrCode\Application\Display\Display.o
 .text.Display_5
                0x0800081c       0x58 TrueSTUDIO\Coldenberg17\UsrCode\Application\Display\Display.o
 .text.Display_4
                0x08000874       0x58 TrueSTUDIO\Coldenberg17\UsrCode\Application\Display\Display.o
 .text.Display_3
                0x080008cc       0x58 TrueSTUDIO\Coldenberg17\UsrCode\Application\Display\Display.o
 .text.Display_2
                0x08000924       0x58 TrueSTUDIO\Coldenberg17\UsrCode\Application\Display\Display.o
 .text.Display_1
                0x0800097c       0x58 TrueSTUDIO\Coldenberg17\UsrCode\Application\Display\Display.o
 .text.Display_0
                0x080009d4       0x58 TrueSTUDIO\Coldenberg17\UsrCode\Application\Display\Display.o
 .text.Display_Perform
                0x08000a2c       0x74 TrueSTUDIO\Coldenberg17\UsrCode\Application\Display\Display.o
                0x08000a2c                Display_Perform
 .text.Display_InitState
                0x08000aa0       0x70 TrueSTUDIO\Coldenberg17\UsrCode\Application\Display\Display.o
                0x08000aa0                Display_InitState
 .text.Display_DisplayNumber
                0x08000b10        0xc TrueSTUDIO\Coldenberg17\UsrCode\Application\Display\Display.o
                0x08000b10                Display_DisplayNumber
 .text.Buttons_Perform
                0x08000b1c       0x5c TrueSTUDIO\Coldenberg17\UsrCode\Application\Buttons\Buttons.o
                0x08000b1c                Buttons_Perform
 .text.Buttons_Init
                0x08000b78       0x40 TrueSTUDIO\Coldenberg17\UsrCode\Application\Buttons\Buttons.o
                0x08000b78                Buttons_Init
 .text.Buttons_GenerateEvent
                0x08000bb8       0x50 TrueSTUDIO\Coldenberg17\UsrCode\Application\Buttons\Buttons.o
                0x08000bb8                Buttons_GenerateEvent
 .text.Button_GetEvent
                0x08000c08       0x10 TrueSTUDIO\Coldenberg17\UsrCode\Application\Buttons\Buttons.o
                0x08000c08                Button_GetEvent
 .text.SystemInit
                0x08000c18       0x50 Src\system_stm32f1xx.o
                0x08000c18                SystemInit
 .text.NMI_Handler
                0x08000c68        0x4 Src\stm32f1xx_it.o
                0x08000c68                NMI_Handler
 .text.HardFault_Handler
                0x08000c6c        0x2 Src\stm32f1xx_it.o
                0x08000c6c                HardFault_Handler
 .text.MemManage_Handler
                0x08000c6e        0x2 Src\stm32f1xx_it.o
                0x08000c6e                MemManage_Handler
 .text.BusFault_Handler
                0x08000c70        0x2 Src\stm32f1xx_it.o
                0x08000c70                BusFault_Handler
 .text.UsageFault_Handler
                0x08000c72        0x2 Src\stm32f1xx_it.o
                0x08000c72                UsageFault_Handler
 .text.SVC_Handler
                0x08000c74        0x2 Src\stm32f1xx_it.o
                0x08000c74                SVC_Handler
 .text.DebugMon_Handler
                0x08000c76        0x2 Src\stm32f1xx_it.o
                0x08000c76                DebugMon_Handler
 .text.PendSV_Handler
                0x08000c78        0x2 Src\stm32f1xx_it.o
                0x08000c78                PendSV_Handler
 *fill*         0x08000c7a        0x2 
 .text.SysTick_Handler
                0x08000c7c       0x30 Src\stm32f1xx_it.o
                0x08000c7c                SysTick_Handler
 .text.ADC1_IRQHandler
                0x08000cac        0xc Src\stm32f1xx_it.o
                0x08000cac                ADC1_IRQHandler
 .text.USART2_IRQHandler
                0x08000cb8        0xc Src\stm32f1xx_it.o
                0x08000cb8                USART2_IRQHandler
 .text.HAL_MspInit
                0x08000cc4       0x8c Src\stm32f1xx_hal_msp.o
                0x08000cc4                HAL_MspInit
 .text.HAL_ADC_MspInit
                0x08000d50       0x50 Src\stm32f1xx_hal_msp.o
                0x08000d50                HAL_ADC_MspInit
 .text.HAL_UART_MspInit
                0x08000da0       0x68 Src\stm32f1xx_hal_msp.o
                0x08000da0                HAL_UART_MspInit
 .text.HAL_WWDG_MspInit
                0x08000e08       0x28 Src\stm32f1xx_hal_msp.o
                0x08000e08                HAL_WWDG_MspInit
 .text.SystemClock_Config
                0x08000e30       0x78 Src\main.o
                0x08000e30                SystemClock_Config
 .text.startup.main
                0x08000ea8      0x174 Src\main.o
                0x08000ea8                main
 .text.HAL_WWDG_Init
                0x0800101c       0x46 Drivers\STM32F1xx_HAL_Driver\Src\stm32f1xx_hal_wwdg.o
                0x0800101c                HAL_WWDG_Init
 *fill*         0x08001062        0x2 
 .text.UART_SetConfig
                0x08001064      0x130 Drivers\STM32F1xx_HAL_Driver\Src\stm32f1xx_hal_uart.o
 .text.HAL_UART_Init
                0x08001194       0x58 Drivers\STM32F1xx_HAL_Driver\Src\stm32f1xx_hal_uart.o
                0x08001194                HAL_UART_Init
 .text.HAL_UART_TxCpltCallback
                0x080011ec        0x2 Drivers\STM32F1xx_HAL_Driver\Src\stm32f1xx_hal_uart.o
                0x080011ec                HAL_UART_TxCpltCallback
 .text.HAL_UART_RxCpltCallback
                0x080011ee        0x2 Drivers\STM32F1xx_HAL_Driver\Src\stm32f1xx_hal_uart.o
                0x080011ee                HAL_UART_RxCpltCallback
 .text.HAL_UART_ErrorCallback
                0x080011f0        0x2 Drivers\STM32F1xx_HAL_Driver\Src\stm32f1xx_hal_uart.o
                0x080011f0                HAL_UART_ErrorCallback
 .text.HAL_UART_IRQHandler
                0x080011f2      0x184 Drivers\STM32F1xx_HAL_Driver\Src\stm32f1xx_hal_uart.o
                0x080011f2                HAL_UART_IRQHandler
 *fill*         0x08001376        0x2 
 .text.HAL_RCCEx_PeriphCLKConfig
                0x08001378      0x108 Drivers\STM32F1xx_HAL_Driver\Src\stm32f1xx_hal_rcc_ex.o
                0x08001378                HAL_RCCEx_PeriphCLKConfig
 .text.HAL_RCC_OscConfig
                0x08001480      0x4dc Drivers\STM32F1xx_HAL_Driver\Src\stm32f1xx_hal_rcc.o
                0x08001480                HAL_RCC_OscConfig
 .text.HAL_RCC_EnableCSS
                0x0800195c       0x1c Drivers\STM32F1xx_HAL_Driver\Src\stm32f1xx_hal_rcc.o
                0x0800195c                HAL_RCC_EnableCSS
 .text.HAL_RCC_GetSysClockFreq
                0x08001978       0xb0 Drivers\STM32F1xx_HAL_Driver\Src\stm32f1xx_hal_rcc.o
                0x08001978                HAL_RCC_GetSysClockFreq
 .text.HAL_RCC_ClockConfig
                0x08001a28      0x130 Drivers\STM32F1xx_HAL_Driver\Src\stm32f1xx_hal_rcc.o
                0x08001a28                HAL_RCC_ClockConfig
 .text.HAL_RCC_GetHCLKFreq
                0x08001b58        0xc Drivers\STM32F1xx_HAL_Driver\Src\stm32f1xx_hal_rcc.o
                0x08001b58                HAL_RCC_GetHCLKFreq
 .text.HAL_RCC_GetPCLK1Freq
                0x08001b64       0x30 Drivers\STM32F1xx_HAL_Driver\Src\stm32f1xx_hal_rcc.o
                0x08001b64                HAL_RCC_GetPCLK1Freq
 .text.HAL_RCC_GetPCLK2Freq
                0x08001b94       0x30 Drivers\STM32F1xx_HAL_Driver\Src\stm32f1xx_hal_rcc.o
                0x08001b94                HAL_RCC_GetPCLK2Freq
 .text.HAL_RCC_CSSCallback
                0x08001bc4        0x2 Drivers\STM32F1xx_HAL_Driver\Src\stm32f1xx_hal_rcc.o
                0x08001bc4                HAL_RCC_CSSCallback
 *fill*         0x08001bc6        0x2 
 .text.HAL_RCC_NMI_IRQHandler
                0x08001bc8       0x20 Drivers\STM32F1xx_HAL_Driver\Src\stm32f1xx_hal_rcc.o
                0x08001bc8                HAL_RCC_NMI_IRQHandler
 .text.HAL_GPIO_Init
                0x08001be8      0x184 Drivers\STM32F1xx_HAL_Driver\Src\stm32f1xx_hal_gpio.o
                0x08001be8                HAL_GPIO_Init
 .text.HAL_GPIO_ReadPin
                0x08001d6c        0xc Drivers\STM32F1xx_HAL_Driver\Src\stm32f1xx_hal_gpio.o
                0x08001d6c                HAL_GPIO_ReadPin
 .text.HAL_GPIO_WritePin
                0x08001d78        0x8 Drivers\STM32F1xx_HAL_Driver\Src\stm32f1xx_hal_gpio.o
                0x08001d78                HAL_GPIO_WritePin
 .text.FLASH_MassErase.isra.0
                0x08001d80       0x24 Drivers\STM32F1xx_HAL_Driver\Src\stm32f1xx_hal_flash_ex.o
 .text.FLASH_PageErase
                0x08001da4       0x24 Drivers\STM32F1xx_HAL_Driver\Src\stm32f1xx_hal_flash_ex.o
                0x08001da4                FLASH_PageErase
 .text.HAL_FLASHEx_Erase
                0x08001dc8       0x9c Drivers\STM32F1xx_HAL_Driver\Src\stm32f1xx_hal_flash_ex.o
                0x08001dc8                HAL_FLASHEx_Erase
 .text.FLASH_SetErrorCode
                0x08001e64       0x50 Drivers\STM32F1xx_HAL_Driver\Src\stm32f1xx_hal_flash.o
 .text.HAL_FLASH_Unlock
                0x08001eb4       0x24 Drivers\STM32F1xx_HAL_Driver\Src\stm32f1xx_hal_flash.o
                0x08001eb4                HAL_FLASH_Unlock
 .text.HAL_FLASH_Lock
                0x08001ed8       0x14 Drivers\STM32F1xx_HAL_Driver\Src\stm32f1xx_hal_flash.o
                0x08001ed8                HAL_FLASH_Lock
 .text.FLASH_WaitForLastOperation
                0x08001eec       0x54 Drivers\STM32F1xx_HAL_Driver\Src\stm32f1xx_hal_flash.o
                0x08001eec                FLASH_WaitForLastOperation
 .text.HAL_FLASH_Program
                0x08001f40       0x90 Drivers\STM32F1xx_HAL_Driver\Src\stm32f1xx_hal_flash.o
                0x08001f40                HAL_FLASH_Program
 .text.HAL_NVIC_SetPriorityGrouping
                0x08001fd0       0x24 Drivers\STM32F1xx_HAL_Driver\Src\stm32f1xx_hal_cortex.o
                0x08001fd0                HAL_NVIC_SetPriorityGrouping
 .text.HAL_NVIC_SetPriority
                0x08001ff4       0x64 Drivers\STM32F1xx_HAL_Driver\Src\stm32f1xx_hal_cortex.o
                0x08001ff4                HAL_NVIC_SetPriority
 .text.HAL_NVIC_EnableIRQ
                0x08002058       0x18 Drivers\STM32F1xx_HAL_Driver\Src\stm32f1xx_hal_cortex.o
                0x08002058                HAL_NVIC_EnableIRQ
 .text.HAL_SYSTICK_Config
                0x08002070       0x2c Drivers\STM32F1xx_HAL_Driver\Src\stm32f1xx_hal_cortex.o
                0x08002070                HAL_SYSTICK_Config
 .text.HAL_SYSTICK_CLKSourceConfig
                0x0800209c       0x18 Drivers\STM32F1xx_HAL_Driver\Src\stm32f1xx_hal_cortex.o
                0x0800209c                HAL_SYSTICK_CLKSourceConfig
 .text.HAL_SYSTICK_Callback
                0x080020b4        0x2 Drivers\STM32F1xx_HAL_Driver\Src\stm32f1xx_hal_cortex.o
                0x080020b4                HAL_SYSTICK_Callback
 .text.HAL_SYSTICK_IRQHandler
                0x080020b6        0x8 Drivers\STM32F1xx_HAL_Driver\Src\stm32f1xx_hal_cortex.o
                0x080020b6                HAL_SYSTICK_IRQHandler
 .text.HAL_ADCEx_InjectedConvCpltCallback
                0x080020be        0x2 Drivers\STM32F1xx_HAL_Driver\Src\stm32f1xx_hal_adc_ex.o
                0x080020be                HAL_ADCEx_InjectedConvCpltCallback
 .text.HAL_ADC_ConvCpltCallback
                0x080020c0        0x2 Drivers\STM32F1xx_HAL_Driver\Src\stm32f1xx_hal_adc.o
                0x080020c0                HAL_ADC_ConvCpltCallback
 .text.HAL_ADC_LevelOutOfWindowCallback
                0x080020c2        0x2 Drivers\STM32F1xx_HAL_Driver\Src\stm32f1xx_hal_adc.o
                0x080020c2                HAL_ADC_LevelOutOfWindowCallback
 .text.HAL_ADC_IRQHandler
                0x080020c4       0xec Drivers\STM32F1xx_HAL_Driver\Src\stm32f1xx_hal_adc.o
                0x080020c4                HAL_ADC_IRQHandler
 .text.HAL_ADC_ConfigChannel
                0x080021b0      0x198 Drivers\STM32F1xx_HAL_Driver\Src\stm32f1xx_hal_adc.o
                0x080021b0                HAL_ADC_ConfigChannel
 .text.ADC_ConversionStop_Disable
                0x08002348       0x44 Drivers\STM32F1xx_HAL_Driver\Src\stm32f1xx_hal_adc.o
                0x08002348                ADC_ConversionStop_Disable
 .text.HAL_ADC_Init
                0x0800238c      0x128 Drivers\STM32F1xx_HAL_Driver\Src\stm32f1xx_hal_adc.o
                0x0800238c                HAL_ADC_Init
 .text.HAL_InitTick
                0x080024b4       0x24 Drivers\STM32F1xx_HAL_Driver\Src\stm32f1xx_hal.o
                0x080024b4                HAL_InitTick
 .text.HAL_Init
                0x080024d8       0x16 Drivers\STM32F1xx_HAL_Driver\Src\stm32f1xx_hal.o
                0x080024d8                HAL_Init
 *fill*         0x080024ee        0x2 
 .text.HAL_IncTick
                0x080024f0       0x10 Drivers\STM32F1xx_HAL_Driver\Src\stm32f1xx_hal.o
                0x080024f0                HAL_IncTick
 .text.HAL_GetTick
                0x08002500        0xc Drivers\STM32F1xx_HAL_Driver\Src\stm32f1xx_hal.o
                0x08002500                HAL_GetTick
 .text.HAL_Delay
                0x0800250c       0x1a Drivers\STM32F1xx_HAL_Driver\Src\stm32f1xx_hal.o
                0x0800250c                HAL_Delay
 *fill*         0x08002526        0x2 
 .text.Reset_Handler
                0x08002528       0x50 Drivers\CMSIS\Device\ST\STM32F1xx\Source\Templates\gcc\startup_stm32f100xb.o
                0x08002528                Reset_Handler
 .text.Default_Handler
                0x08002578        0x4 Drivers\CMSIS\Device\ST\STM32F1xx\Source\Templates\gcc\startup_stm32f100xb.o
                0x08002578                RTC_Alarm_IRQHandler
                0x08002578                EXTI2_IRQHandler
                0x08002578                TIM1_CC_IRQHandler
                0x08002578                PVD_IRQHandler
                0x08002578                EXTI3_IRQHandler
                0x08002578                EXTI0_IRQHandler
                0x08002578                TIM1_UP_TIM16_IRQHandler
                0x08002578                SPI1_IRQHandler
                0x08002578                TAMPER_IRQHandler
                0x08002578                TIM6_DAC_IRQHandler
                0x08002578                DMA1_Channel4_IRQHandler
                0x08002578                USART3_IRQHandler
                0x08002578                RTC_IRQHandler
                0x08002578                DMA1_Channel7_IRQHandler
                0x08002578                TIM4_IRQHandler
                0x08002578                I2C1_EV_IRQHandler
                0x08002578                DMA1_Channel6_IRQHandler
                0x08002578                TIM3_IRQHandler
                0x08002578                RCC_IRQHandler
                0x08002578                DMA1_Channel1_IRQHandler
                0x08002578                Default_Handler
                0x08002578                CEC_IRQHandler
                0x08002578                EXTI15_10_IRQHandler
                0x08002578                TIM7_IRQHandler
                0x08002578                EXTI9_5_IRQHandler
                0x08002578                DMA1_Channel5_IRQHandler
                0x08002578                EXTI4_IRQHandler
                0x08002578                TIM1_TRG_COM_TIM17_IRQHandler
                0x08002578                DMA1_Channel3_IRQHandler
                0x08002578                WWDG_IRQHandler
                0x08002578                TIM2_IRQHandler
                0x08002578                EXTI1_IRQHandler
                0x08002578                DMA1_Channel2_IRQHandler
                0x08002578                FLASH_IRQHandler
                0x08002578                USART1_IRQHandler
                0x08002578                I2C1_ER_IRQHandler
                0x08002578                TIM1_BRK_TIM15_IRQHandler
 .text.__libc_init_array
                0x0800257c       0x4c c:/program files (x86)/atollic/truestudio for arm lite 5.3.0/armtools/bin/../lib/gcc/arm-atollic-eabi/4.8.3/../../../../arm-atollic-eabi/lib/armv7-m\libc.a(lib_a-init.o)
                0x0800257c                __libc_init_array
 *(.glue_7)
 .glue_7        0x00000000        0x0 linker stubs
 *(.glue_7t)
 .glue_7t       0x00000000        0x0 linker stubs
 *(.eh_frame)
 .eh_frame      0x080025c8        0x0 c:/program files (x86)/atollic/truestudio for arm lite 5.3.0/armtools/bin/../lib/gcc/arm-atollic-eabi/4.8.3/armv7-m/crtbegin.o
 *(.init)
 .init          0x080025c8        0x4 c:/program files (x86)/atollic/truestudio for arm lite 5.3.0/armtools/bin/../lib/gcc/arm-atollic-eabi/4.8.3/armv7-m/crti.o
                0x080025c8                _init
 .init          0x080025cc        0x8 c:/program files (x86)/atollic/truestudio for arm lite 5.3.0/armtools/bin/../lib/gcc/arm-atollic-eabi/4.8.3/armv7-m/crtn.o
 *(.fini)
 .fini          0x080025d4        0x4 c:/program files (x86)/atollic/truestudio for arm lite 5.3.0/armtools/bin/../lib/gcc/arm-atollic-eabi/4.8.3/armv7-m/crti.o
                0x080025d4                _fini
 .fini          0x080025d8        0x8 c:/program files (x86)/atollic/truestudio for arm lite 5.3.0/armtools/bin/../lib/gcc/arm-atollic-eabi/4.8.3/armv7-m/crtn.o
                0x080025e0                . = ALIGN (0x4)
                0x080025e0                _etext = .

.vfp11_veneer   0x080025e0        0x0
 .vfp11_veneer  0x00000000        0x0 linker stubs

.v4_bx          0x080025e0        0x0
 .v4_bx         0x00000000        0x0 linker stubs

.iplt           0x080025e0        0x0
 .iplt          0x00000000        0x0 c:/program files (x86)/atollic/truestudio for arm lite 5.3.0/armtools/bin/../lib/gcc/arm-atollic-eabi/4.8.3/armv7-m/crtbegin.o

.rodata         0x080025e0       0x60
                0x080025e0                . = ALIGN (0x4)
 *(.rodata)
 .rodata        0x080025e0       0x20 Drivers\STM32F1xx_HAL_Driver\Src\stm32f1xx_hal_rcc.o
 *(.rodata*)
 .rodata.DigitTable
                0x08002600       0x28 TrueSTUDIO\Coldenberg17\UsrCode\Application\Display\Display.o
 .rodata.AHBPrescTable
                0x08002628       0x10 Src\system_stm32f1xx.o
                0x08002628                AHBPrescTable
 .rodata.APBPrescTable
                0x08002638        0x8 Src\system_stm32f1xx.o
                0x08002638                APBPrescTable
                0x08002640                . = ALIGN (0x4)

.rel.dyn        0x08002640        0x0
 .rel.iplt      0x00000000        0x0 c:/program files (x86)/atollic/truestudio for arm lite 5.3.0/armtools/bin/../lib/gcc/arm-atollic-eabi/4.8.3/armv7-m/crtbegin.o

.ARM.extab
 *(.ARM.extab* .gnu.linkonce.armextab.*)

.ARM            0x08002640        0x0
                0x08002640                __exidx_start = .
 *(.ARM.exidx*)
                0x08002640                __exidx_end = .

.preinit_array  0x08002640        0x0
                0x08002640                PROVIDE (__preinit_array_start, .)
 *(.preinit_array*)
                0x08002640                PROVIDE (__preinit_array_end, .)

.init_array     0x08002640        0x4
                0x08002640                PROVIDE (__init_array_start, .)
 *(SORT(.init_array.*))
 *(.init_array*)
 .init_array    0x08002640        0x4 c:/program files (x86)/atollic/truestudio for arm lite 5.3.0/armtools/bin/../lib/gcc/arm-atollic-eabi/4.8.3/armv7-m/crtbegin.o
                0x08002644                PROVIDE (__init_array_end, .)

.fini_array     0x08002644        0x4
                0x08002644                PROVIDE (__fini_array_start, .)
 *(SORT(.fini_array.*))
 *(.fini_array*)
 .fini_array    0x08002644        0x4 c:/program files (x86)/atollic/truestudio for arm lite 5.3.0/armtools/bin/../lib/gcc/arm-atollic-eabi/4.8.3/armv7-m/crtbegin.o
                0x08002648                PROVIDE (__fini_array_end, .)
                0x08002648                _sidata = LOADADDR (.data)

.data           0x20000000       0x1c load address 0x08002648
                0x20000000                . = ALIGN (0x4)
                0x20000000                _sdata = .
 *(.data)
 *(.data*)
 .data.EraseInitStruct
                0x20000000       0x10 TrueSTUDIO\Coldenberg17\UsrCode\Framework\Flash\Flash.o
 .data.u32Address
                0x20000010        0x4 TrueSTUDIO\Coldenberg17\UsrCode\Framework\Flash\Flash.o
 .data.uNewTemp
                0x20000014        0x2 TrueSTUDIO\Coldenberg17\UsrCode\Application\Logic.o
                0x20000014                uNewTemp
 .data.u16RestoredTemp.6450
                0x20000016        0x2 TrueSTUDIO\Coldenberg17\UsrCode\Application\Logic.o
 .data.SystemCoreClock
                0x20000018        0x4 Src\system_stm32f1xx.o
                0x20000018                SystemCoreClock
                0x2000001c                . = ALIGN (0x4)
                0x2000001c                _edata = .

.igot.plt       0x2000001c        0x0 load address 0x08002664
 .igot.plt      0x00000000        0x0 c:/program files (x86)/atollic/truestudio for arm lite 5.3.0/armtools/bin/../lib/gcc/arm-atollic-eabi/4.8.3/armv7-m/crtbegin.o
                0x2000001c                . = ALIGN (0x4)

.bss            0x20000020      0x108 load address 0x08002664
                0x20000020                _sbss = .
                0x20000020                __bss_start__ = _sbss
 *(.bss)
 .bss           0x20000020       0x1c c:/program files (x86)/atollic/truestudio for arm lite 5.3.0/armtools/bin/../lib/gcc/arm-atollic-eabi/4.8.3/armv7-m/crtbegin.o
 *(.bss*)
 .bss.temp      0x2000003c        0x2 TrueSTUDIO\Coldenberg17\UsrCode\Managers\TemperatureManager\TemperatureManager.o
                0x2000003c                temp
 .bss.u16LightTimer
                0x2000003e        0x2 TrueSTUDIO\Coldenberg17\UsrCode\Managers\LightManager\LightManager.o
                0x2000003e                u16LightTimer
 .bss.u8DisplayNumber
                0x20000040        0x1 TrueSTUDIO\Coldenberg17\UsrCode\Application\Display\Display.o
 .bss.bDig1.6417
                0x20000041        0x1 TrueSTUDIO\Coldenberg17\UsrCode\Application\Display\Display.o
 .bss.u8Counter.6424
                0x20000042        0x1 TrueSTUDIO\Coldenberg17\UsrCode\Application\Buttons\Buttons.o
 *fill*         0x20000043        0x1 
 .bss.u16Counter1ms.6451
                0x20000044        0x2 Src\stm32f1xx_it.o
 .bss.b10msPassed
                0x20000046        0x1 Src\main.o
                0x20000046                b10msPassed
 *fill*         0x20000047        0x1 
 .bss.uwTick    0x20000048        0x4 Drivers\STM32F1xx_HAL_Driver\Src\stm32f1xx_hal.o
 *(COMMON)
 COMMON         0x2000004c        0x4 TrueSTUDIO\Coldenberg17\UsrCode\Managers\LedsManager\LedsManager.o
                0x2000004c                kLedsManager
 COMMON         0x20000050        0x4 TrueSTUDIO\Coldenberg17\UsrCode\Application\Relays\Relays.o
                0x20000050                kRelays
 COMMON         0x20000054        0x4 TrueSTUDIO\Coldenberg17\UsrCode\Application\Logic.o
                0x20000054                kLogic
 COMMON         0x20000058        0x3 TrueSTUDIO\Coldenberg17\UsrCode\Application\LEDs\LEDs.o
                0x20000058                kLEDs
 *fill*         0x2000005b        0x1 
 COMMON         0x2000005c       0x24 TrueSTUDIO\Coldenberg17\UsrCode\Application\Buttons\Buttons.o
                0x2000005c                tButtons
 COMMON         0x20000080       0x84 Src\main.o
                0x20000080                hadc1
                0x200000b0                hwwdg
                0x200000c4                huart2
 *fill*         0x20000104        0x4 
 COMMON         0x20000108       0x20 Drivers\STM32F1xx_HAL_Driver\Src\stm32f1xx_hal_flash.o
                0x20000108                pFlash
                0x20000128                . = ALIGN (0x4)
                0x20000128                _ebss = .
                0x20000128                __bss_end__ = _ebss

._user_heap_stack
                0x20000128      0x600 load address 0x08002664
                0x20000128                . = ALIGN (0x4)
                0x20000128                PROVIDE (end, .)
                0x20000128                PROVIDE (_end, .)
                0x20000328                . = (. + _Min_Heap_Size)
 *fill*         0x20000128      0x200 
                0x20000728                . = (. + _Min_Stack_Size)
 *fill*         0x20000328      0x400 
                0x20000728                . = ALIGN (0x4)

/DISCARD/
 libc.a(*)
 libm.a(*)
 libgcc.a(*)

.ARM.attributes
                0x00000000       0x29
 *(.ARM.attributes)
 .ARM.attributes
                0x00000000       0x1d c:/program files (x86)/atollic/truestudio for arm lite 5.3.0/armtools/bin/../lib/gcc/arm-atollic-eabi/4.8.3/armv7-m/crti.o
 .ARM.attributes
                0x0000001d       0x2d c:/program files (x86)/atollic/truestudio for arm lite 5.3.0/armtools/bin/../lib/gcc/arm-atollic-eabi/4.8.3/armv7-m/crtbegin.o
 .ARM.attributes
                0x0000004a       0x33 TrueSTUDIO\Coldenberg17\UsrCode\Managers\TemperatureManager\TemperatureManager.o
 .ARM.attributes
                0x0000007d       0x33 TrueSTUDIO\Coldenberg17\UsrCode\Managers\LightManager\LightManager.o
 .ARM.attributes
                0x000000b0       0x33 TrueSTUDIO\Coldenberg17\UsrCode\Managers\LedsManager\LedsManager.o
 .ARM.attributes
                0x000000e3       0x33 TrueSTUDIO\Coldenberg17\UsrCode\Framework\Flash\Flash.o
 .ARM.attributes
                0x00000116       0x33 TrueSTUDIO\Coldenberg17\UsrCode\Framework\Debouncer\Debouncer.o
 .ARM.attributes
                0x00000149       0x33 TrueSTUDIO\Coldenberg17\UsrCode\Framework\Counter\Counter.o
 .ARM.attributes
                0x0000017c       0x33 TrueSTUDIO\Coldenberg17\UsrCode\Application\Relays\Relays.o
 .ARM.attributes
                0x000001af       0x33 TrueSTUDIO\Coldenberg17\UsrCode\Application\Ntc\Ntc.o
 .ARM.attributes
                0x000001e2       0x33 TrueSTUDIO\Coldenberg17\UsrCode\Application\Logic.o
 .ARM.attributes
                0x00000215       0x33 TrueSTUDIO\Coldenberg17\UsrCode\Application\LEDs\LEDs.o
 .ARM.attributes
                0x00000248       0x33 TrueSTUDIO\Coldenberg17\UsrCode\Application\Display\Display.o
 .ARM.attributes
                0x0000027b       0x33 TrueSTUDIO\Coldenberg17\UsrCode\Application\Buttons\Buttons.o
 .ARM.attributes
                0x000002ae       0x33 Src\system_stm32f1xx.o
 .ARM.attributes
                0x000002e1       0x33 Src\stm32f1xx_it.o
 .ARM.attributes
                0x00000314       0x33 Src\stm32f1xx_hal_msp.o
 .ARM.attributes
                0x00000347       0x33 Src\main.o
 .ARM.attributes
                0x0000037a       0x33 Drivers\STM32F1xx_HAL_Driver\Src\stm32f1xx_hal_wwdg.o
 .ARM.attributes
                0x000003ad       0x33 Drivers\STM32F1xx_HAL_Driver\Src\stm32f1xx_hal_uart.o
 .ARM.attributes
                0x000003e0       0x33 Drivers\STM32F1xx_HAL_Driver\Src\stm32f1xx_hal_rcc_ex.o
 .ARM.attributes
                0x00000413       0x33 Drivers\STM32F1xx_HAL_Driver\Src\stm32f1xx_hal_rcc.o
 .ARM.attributes
                0x00000446       0x33 Drivers\STM32F1xx_HAL_Driver\Src\stm32f1xx_hal_gpio.o
 .ARM.attributes
                0x00000479       0x33 Drivers\STM32F1xx_HAL_Driver\Src\stm32f1xx_hal_flash_ex.o
 .ARM.attributes
                0x000004ac       0x33 Drivers\STM32F1xx_HAL_Driver\Src\stm32f1xx_hal_flash.o
 .ARM.attributes
                0x000004df       0x33 Drivers\STM32F1xx_HAL_Driver\Src\stm32f1xx_hal_cortex.o
 .ARM.attributes
                0x00000512       0x33 Drivers\STM32F1xx_HAL_Driver\Src\stm32f1xx_hal_adc_ex.o
 .ARM.attributes
                0x00000545       0x33 Drivers\STM32F1xx_HAL_Driver\Src\stm32f1xx_hal_adc.o
 .ARM.attributes
                0x00000578       0x33 Drivers\STM32F1xx_HAL_Driver\Src\stm32f1xx_hal.o
 .ARM.attributes
                0x000005ab       0x21 Drivers\CMSIS\Device\ST\STM32F1xx\Source\Templates\gcc\startup_stm32f100xb.o
 .ARM.attributes
                0x000005cc       0x2d c:/program files (x86)/atollic/truestudio for arm lite 5.3.0/armtools/bin/../lib/gcc/arm-atollic-eabi/4.8.3/../../../../arm-atollic-eabi/lib/armv7-m\libc.a(lib_a-init.o)
 .ARM.attributes
                0x000005f9       0x1d c:/program files (x86)/atollic/truestudio for arm lite 5.3.0/armtools/bin/../lib/gcc/arm-atollic-eabi/4.8.3/armv7-m\libgcc.a(_lshrdi3.o)
 .ARM.attributes
                0x00000616       0x1d c:/program files (x86)/atollic/truestudio for arm lite 5.3.0/armtools/bin/../lib/gcc/arm-atollic-eabi/4.8.3/armv7-m/crtn.o
OUTPUT(Coldenberg17.elf elf32-littlearm)

.debug_info     0x00000000     0xc737
 .debug_info    0x00000000      0x111 TrueSTUDIO\Coldenberg17\UsrCode\Managers\TemperatureManager\TemperatureManager.o
 .debug_info    0x00000111      0x22f TrueSTUDIO\Coldenberg17\UsrCode\Managers\LightManager\LightManager.o
 .debug_info    0x00000340      0x3af TrueSTUDIO\Coldenberg17\UsrCode\Managers\LedsManager\LedsManager.o
 .debug_info    0x000006ef      0x2a9 TrueSTUDIO\Coldenberg17\UsrCode\Framework\Flash\Flash.o
 .debug_info    0x00000998      0x162 TrueSTUDIO\Coldenberg17\UsrCode\Framework\Debouncer\Debouncer.o
 .debug_info    0x00000afa      0x167 TrueSTUDIO\Coldenberg17\UsrCode\Framework\Counter\Counter.o
 .debug_info    0x00000c61      0x35b TrueSTUDIO\Coldenberg17\UsrCode\Application\Relays\Relays.o
 .debug_info    0x00000fbc       0xdd TrueSTUDIO\Coldenberg17\UsrCode\Application\Ntc\Ntc.o
 .debug_info    0x00001099      0x4fa TrueSTUDIO\Coldenberg17\UsrCode\Application\Logic.o
 .debug_info    0x00001593      0x2b8 TrueSTUDIO\Coldenberg17\UsrCode\Application\LEDs\LEDs.o
 .debug_info    0x0000184b      0xdba TrueSTUDIO\Coldenberg17\UsrCode\Application\Display\Display.o
 .debug_info    0x00002605      0x451 TrueSTUDIO\Coldenberg17\UsrCode\Application\Buttons\Buttons.o
 .debug_info    0x00002a56      0x3d7 Src\system_stm32f1xx.o
 .debug_info    0x00002e2d      0x7d0 Src\stm32f1xx_it.o
 .debug_info    0x000035fd      0xe3a Src\stm32f1xx_hal_msp.o
 .debug_info    0x00004437     0x115c Src\main.o
 .debug_info    0x00005593      0x3e7 Drivers\STM32F1xx_HAL_Driver\Src\stm32f1xx_hal_wwdg.o
 .debug_info    0x0000597a     0x10f6 Drivers\STM32F1xx_HAL_Driver\Src\stm32f1xx_hal_uart.o
 .debug_info    0x00006a70      0x4b2 Drivers\STM32F1xx_HAL_Driver\Src\stm32f1xx_hal_rcc_ex.o
 .debug_info    0x00006f22     0x126e Drivers\STM32F1xx_HAL_Driver\Src\stm32f1xx_hal_rcc.o
 .debug_info    0x00008190      0x616 Drivers\STM32F1xx_HAL_Driver\Src\stm32f1xx_hal_gpio.o
 .debug_info    0x000087a6      0xbb2 Drivers\STM32F1xx_HAL_Driver\Src\stm32f1xx_hal_flash_ex.o
 .debug_info    0x00009358      0x60c Drivers\STM32F1xx_HAL_Driver\Src\stm32f1xx_hal_flash.o
 .debug_info    0x00009964      0xc03 Drivers\STM32F1xx_HAL_Driver\Src\stm32f1xx_hal_cortex.o
 .debug_info    0x0000a567      0xa76 Drivers\STM32F1xx_HAL_Driver\Src\stm32f1xx_hal_adc_ex.o
 .debug_info    0x0000afdd     0x1088 Drivers\STM32F1xx_HAL_Driver\Src\stm32f1xx_hal_adc.o
 .debug_info    0x0000c065      0x636 Drivers\STM32F1xx_HAL_Driver\Src\stm32f1xx_hal.o
 .debug_info    0x0000c69b       0x9c Drivers\CMSIS\Device\ST\STM32F1xx\Source\Templates\gcc\startup_stm32f100xb.o

.debug_abbrev   0x00000000     0x3055
 .debug_abbrev  0x00000000       0xbb TrueSTUDIO\Coldenberg17\UsrCode\Managers\TemperatureManager\TemperatureManager.o
 .debug_abbrev  0x000000bb      0x100 TrueSTUDIO\Coldenberg17\UsrCode\Managers\LightManager\LightManager.o
 .debug_abbrev  0x000001bb      0x13f TrueSTUDIO\Coldenberg17\UsrCode\Managers\LedsManager\LedsManager.o
 .debug_abbrev  0x000002fa      0x156 TrueSTUDIO\Coldenberg17\UsrCode\Framework\Flash\Flash.o
 .debug_abbrev  0x00000450       0xb0 TrueSTUDIO\Coldenberg17\UsrCode\Framework\Debouncer\Debouncer.o
 .debug_abbrev  0x00000500       0xd6 TrueSTUDIO\Coldenberg17\UsrCode\Framework\Counter\Counter.o
 .debug_abbrev  0x000005d6      0x174 TrueSTUDIO\Coldenberg17\UsrCode\Application\Relays\Relays.o
 .debug_abbrev  0x0000074a       0x81 TrueSTUDIO\Coldenberg17\UsrCode\Application\Ntc\Ntc.o
 .debug_abbrev  0x000007cb      0x18f TrueSTUDIO\Coldenberg17\UsrCode\Application\Logic.o
 .debug_abbrev  0x0000095a      0x17e TrueSTUDIO\Coldenberg17\UsrCode\Application\LEDs\LEDs.o
 .debug_abbrev  0x00000ad8      0x1bf TrueSTUDIO\Coldenberg17\UsrCode\Application\Display\Display.o
 .debug_abbrev  0x00000c97      0x1f4 TrueSTUDIO\Coldenberg17\UsrCode\Application\Buttons\Buttons.o
 .debug_abbrev  0x00000e8b      0x101 Src\system_stm32f1xx.o
 .debug_abbrev  0x00000f8c      0x186 Src\stm32f1xx_it.o
 .debug_abbrev  0x00001112      0x1b8 Src\stm32f1xx_hal_msp.o
 .debug_abbrev  0x000012ca      0x29b Src\main.o
 .debug_abbrev  0x00001565      0x17b Drivers\STM32F1xx_HAL_Driver\Src\stm32f1xx_hal_wwdg.o
 .debug_abbrev  0x000016e0      0x2b4 Drivers\STM32F1xx_HAL_Driver\Src\stm32f1xx_hal_uart.o
 .debug_abbrev  0x00001994      0x20d Drivers\STM32F1xx_HAL_Driver\Src\stm32f1xx_hal_rcc_ex.o
 .debug_abbrev  0x00001ba1      0x328 Drivers\STM32F1xx_HAL_Driver\Src\stm32f1xx_hal_rcc.o
 .debug_abbrev  0x00001ec9      0x1c8 Drivers\STM32F1xx_HAL_Driver\Src\stm32f1xx_hal_gpio.o
 .debug_abbrev  0x00002091      0x2c2 Drivers\STM32F1xx_HAL_Driver\Src\stm32f1xx_hal_flash_ex.o
 .debug_abbrev  0x00002353      0x274 Drivers\STM32F1xx_HAL_Driver\Src\stm32f1xx_hal_flash.o
 .debug_abbrev  0x000025c7      0x29f Drivers\STM32F1xx_HAL_Driver\Src\stm32f1xx_hal_cortex.o
 .debug_abbrev  0x00002866      0x2a3 Drivers\STM32F1xx_HAL_Driver\Src\stm32f1xx_hal_adc_ex.o
 .debug_abbrev  0x00002b09      0x2e5 Drivers\STM32F1xx_HAL_Driver\Src\stm32f1xx_hal_adc.o
 .debug_abbrev  0x00002dee      0x255 Drivers\STM32F1xx_HAL_Driver\Src\stm32f1xx_hal.o
 .debug_abbrev  0x00003043       0x12 Drivers\CMSIS\Device\ST\STM32F1xx\Source\Templates\gcc\startup_stm32f100xb.o

.debug_aranges  0x00000000      0x9d8
 .debug_aranges
                0x00000000       0x30 TrueSTUDIO\Coldenberg17\UsrCode\Managers\TemperatureManager\TemperatureManager.o
 .debug_aranges
                0x00000030       0x20 TrueSTUDIO\Coldenberg17\UsrCode\Managers\LightManager\LightManager.o
 .debug_aranges
                0x00000050       0x38 TrueSTUDIO\Coldenberg17\UsrCode\Managers\LedsManager\LedsManager.o
 .debug_aranges
                0x00000088       0x28 TrueSTUDIO\Coldenberg17\UsrCode\Framework\Flash\Flash.o
 .debug_aranges
                0x000000b0       0x30 TrueSTUDIO\Coldenberg17\UsrCode\Framework\Debouncer\Debouncer.o
 .debug_aranges
                0x000000e0       0x30 TrueSTUDIO\Coldenberg17\UsrCode\Framework\Counter\Counter.o
 .debug_aranges
                0x00000110       0x38 TrueSTUDIO\Coldenberg17\UsrCode\Application\Relays\Relays.o
 .debug_aranges
                0x00000148       0x28 TrueSTUDIO\Coldenberg17\UsrCode\Application\Ntc\Ntc.o
 .debug_aranges
                0x00000170       0x20 TrueSTUDIO\Coldenberg17\UsrCode\Application\Logic.o
 .debug_aranges
                0x00000190       0x30 TrueSTUDIO\Coldenberg17\UsrCode\Application\LEDs\LEDs.o
 .debug_aranges
                0x000001c0       0x80 TrueSTUDIO\Coldenberg17\UsrCode\Application\Display\Display.o
 .debug_aranges
                0x00000240       0x38 TrueSTUDIO\Coldenberg17\UsrCode\Application\Buttons\Buttons.o
 .debug_aranges
                0x00000278       0x28 Src\system_stm32f1xx.o
 .debug_aranges
                0x000002a0       0x70 Src\stm32f1xx_it.o
 .debug_aranges
                0x00000310       0x50 Src\stm32f1xx_hal_msp.o
 .debug_aranges
                0x00000360       0x30 Src\main.o
 .debug_aranges
                0x00000390       0x68 Drivers\STM32F1xx_HAL_Driver\Src\stm32f1xx_hal_wwdg.o
 .debug_aranges
                0x000003f8      0x138 Drivers\STM32F1xx_HAL_Driver\Src\stm32f1xx_hal_uart.o
 .debug_aranges
                0x00000530       0x30 Drivers\STM32F1xx_HAL_Driver\Src\stm32f1xx_hal_rcc_ex.o
 .debug_aranges
                0x00000560       0x88 Drivers\STM32F1xx_HAL_Driver\Src\stm32f1xx_hal_rcc.o
 .debug_aranges
                0x000005e8       0x58 Drivers\STM32F1xx_HAL_Driver\Src\stm32f1xx_hal_gpio.o
 .debug_aranges
                0x00000640       0x60 Drivers\STM32F1xx_HAL_Driver\Src\stm32f1xx_hal_flash_ex.o
 .debug_aranges
                0x000006a0       0x80 Drivers\STM32F1xx_HAL_Driver\Src\stm32f1xx_hal_flash.o
 .debug_aranges
                0x00000720       0x90 Drivers\STM32F1xx_HAL_Driver\Src\stm32f1xx_hal_cortex.o
 .debug_aranges
                0x000007b0       0x60 Drivers\STM32F1xx_HAL_Driver\Src\stm32f1xx_hal_adc_ex.o
 .debug_aranges
                0x00000810       0xf0 Drivers\STM32F1xx_HAL_Driver\Src\stm32f1xx_hal_adc.o
 .debug_aranges
                0x00000900       0xb0 Drivers\STM32F1xx_HAL_Driver\Src\stm32f1xx_hal.o
 .debug_aranges
                0x000009b0       0x28 Drivers\CMSIS\Device\ST\STM32F1xx\Source\Templates\gcc\startup_stm32f100xb.o

.debug_ranges   0x00000000      0xd00
 .debug_ranges  0x00000000       0x20 TrueSTUDIO\Coldenberg17\UsrCode\Managers\TemperatureManager\TemperatureManager.o
 .debug_ranges  0x00000020       0x10 TrueSTUDIO\Coldenberg17\UsrCode\Managers\LightManager\LightManager.o
 .debug_ranges  0x00000030       0x28 TrueSTUDIO\Coldenberg17\UsrCode\Managers\LedsManager\LedsManager.o
 .debug_ranges  0x00000058       0x18 TrueSTUDIO\Coldenberg17\UsrCode\Framework\Flash\Flash.o
 .debug_ranges  0x00000070       0x20 TrueSTUDIO\Coldenberg17\UsrCode\Framework\Debouncer\Debouncer.o
 .debug_ranges  0x00000090       0x20 TrueSTUDIO\Coldenberg17\UsrCode\Framework\Counter\Counter.o
 .debug_ranges  0x000000b0       0x28 TrueSTUDIO\Coldenberg17\UsrCode\Application\Relays\Relays.o
 .debug_ranges  0x000000d8       0x18 TrueSTUDIO\Coldenberg17\UsrCode\Application\Ntc\Ntc.o
 .debug_ranges  0x000000f0       0x10 TrueSTUDIO\Coldenberg17\UsrCode\Application\Logic.o
 .debug_ranges  0x00000100       0x20 TrueSTUDIO\Coldenberg17\UsrCode\Application\LEDs\LEDs.o
 .debug_ranges  0x00000120       0x88 TrueSTUDIO\Coldenberg17\UsrCode\Application\Display\Display.o
 .debug_ranges  0x000001a8       0x40 TrueSTUDIO\Coldenberg17\UsrCode\Application\Buttons\Buttons.o
 .debug_ranges  0x000001e8       0x18 Src\system_stm32f1xx.o
 .debug_ranges  0x00000200       0x60 Src\stm32f1xx_it.o
 .debug_ranges  0x00000260       0xa0 Src\stm32f1xx_hal_msp.o
 .debug_ranges  0x00000300       0xb0 Src\main.o
 .debug_ranges  0x000003b0       0x58 Drivers\STM32F1xx_HAL_Driver\Src\stm32f1xx_hal_wwdg.o
 .debug_ranges  0x00000408      0x140 Drivers\STM32F1xx_HAL_Driver\Src\stm32f1xx_hal_uart.o
 .debug_ranges  0x00000548       0x50 Drivers\STM32F1xx_HAL_Driver\Src\stm32f1xx_hal_rcc_ex.o
 .debug_ranges  0x00000598      0x1f0 Drivers\STM32F1xx_HAL_Driver\Src\stm32f1xx_hal_rcc.o
 .debug_ranges  0x00000788       0x48 Drivers\STM32F1xx_HAL_Driver\Src\stm32f1xx_hal_gpio.o
 .debug_ranges  0x000007d0       0xb0 Drivers\STM32F1xx_HAL_Driver\Src\stm32f1xx_hal_flash_ex.o
 .debug_ranges  0x00000880       0xb8 Drivers\STM32F1xx_HAL_Driver\Src\stm32f1xx_hal_flash.o
 .debug_ranges  0x00000938       0xe8 Drivers\STM32F1xx_HAL_Driver\Src\stm32f1xx_hal_cortex.o
 .debug_ranges  0x00000a20       0xb0 Drivers\STM32F1xx_HAL_Driver\Src\stm32f1xx_hal_adc_ex.o
 .debug_ranges  0x00000ad0      0x170 Drivers\STM32F1xx_HAL_Driver\Src\stm32f1xx_hal_adc.o
 .debug_ranges  0x00000c40       0xa0 Drivers\STM32F1xx_HAL_Driver\Src\stm32f1xx_hal.o
 .debug_ranges  0x00000ce0       0x20 Drivers\CMSIS\Device\ST\STM32F1xx\Source\Templates\gcc\startup_stm32f100xb.o

.debug_line     0x00000000     0x6663
 .debug_line    0x00000000      0x1b0 TrueSTUDIO\Coldenberg17\UsrCode\Managers\TemperatureManager\TemperatureManager.o
 .debug_line    0x000001b0      0x2b1 TrueSTUDIO\Coldenberg17\UsrCode\Managers\LightManager\LightManager.o
 .debug_line    0x00000461      0x289 TrueSTUDIO\Coldenberg17\UsrCode\Managers\LedsManager\LedsManager.o
 .debug_line    0x000006ea      0x221 TrueSTUDIO\Coldenberg17\UsrCode\Framework\Flash\Flash.o
 .debug_line    0x0000090b      0x191 TrueSTUDIO\Coldenberg17\UsrCode\Framework\Debouncer\Debouncer.o
 .debug_line    0x00000a9c      0x1a3 TrueSTUDIO\Coldenberg17\UsrCode\Framework\Counter\Counter.o
 .debug_line    0x00000c3f      0x25c TrueSTUDIO\Coldenberg17\UsrCode\Application\Relays\Relays.o
 .debug_line    0x00000e9b      0x185 TrueSTUDIO\Coldenberg17\UsrCode\Application\Ntc\Ntc.o
 .debug_line    0x00001020      0x457 TrueSTUDIO\Coldenberg17\UsrCode\Application\Logic.o
 .debug_line    0x00001477      0x265 TrueSTUDIO\Coldenberg17\UsrCode\Application\LEDs\LEDs.o
 .debug_line    0x000016dc      0x337 TrueSTUDIO\Coldenberg17\UsrCode\Application\Display\Display.o
 .debug_line    0x00001a13      0x2e3 TrueSTUDIO\Coldenberg17\UsrCode\Application\Buttons\Buttons.o
 .debug_line    0x00001cf6      0x1cc Src\system_stm32f1xx.o
 .debug_line    0x00001ec2      0x301 Src\stm32f1xx_it.o
 .debug_line    0x000021c3      0x31c Src\stm32f1xx_hal_msp.o
 .debug_line    0x000024df      0x6e8 Src\main.o
 .debug_line    0x00002bc7      0x343 Drivers\STM32F1xx_HAL_Driver\Src\stm32f1xx_hal_wwdg.o
 .debug_line    0x00002f0a      0x9e5 Drivers\STM32F1xx_HAL_Driver\Src\stm32f1xx_hal_uart.o
 .debug_line    0x000038ef      0x358 Drivers\STM32F1xx_HAL_Driver\Src\stm32f1xx_hal_rcc_ex.o
 .debug_line    0x00003c47      0x7ba Drivers\STM32F1xx_HAL_Driver\Src\stm32f1xx_hal_rcc.o
 .debug_line    0x00004401      0x3af Drivers\STM32F1xx_HAL_Driver\Src\stm32f1xx_hal_gpio.o
 .debug_line    0x000047b0      0x4a0 Drivers\STM32F1xx_HAL_Driver\Src\stm32f1xx_hal_flash_ex.o
 .debug_line    0x00004c50      0x463 Drivers\STM32F1xx_HAL_Driver\Src\stm32f1xx_hal_flash.o
 .debug_line    0x000050b3      0x379 Drivers\STM32F1xx_HAL_Driver\Src\stm32f1xx_hal_cortex.o
 .debug_line    0x0000542c      0x5a3 Drivers\STM32F1xx_HAL_Driver\Src\stm32f1xx_hal_adc_ex.o
 .debug_line    0x000059cf      0x867 Drivers\STM32F1xx_HAL_Driver\Src\stm32f1xx_hal_adc.o
 .debug_line    0x00006236      0x381 Drivers\STM32F1xx_HAL_Driver\Src\stm32f1xx_hal.o
 .debug_line    0x000065b7       0xac Drivers\CMSIS\Device\ST\STM32F1xx\Source\Templates\gcc\startup_stm32f100xb.o

.debug_str      0x00000000     0x2f82
 .debug_str     0x00000000      0x1ed TrueSTUDIO\Coldenberg17\UsrCode\Managers\TemperatureManager\TemperatureManager.o
                                0x237 (size before relaxing)
 .debug_str     0x000001ed      0x173 TrueSTUDIO\Coldenberg17\UsrCode\Managers\LightManager\LightManager.o
                                0x2f7 (size before relaxing)
 .debug_str     0x00000360      0x145 TrueSTUDIO\Coldenberg17\UsrCode\Managers\LedsManager\LedsManager.o
                                0x315 (size before relaxing)
 .debug_str     0x000004a5      0x18f TrueSTUDIO\Coldenberg17\UsrCode\Framework\Flash\Flash.o
                                0x325 (size before relaxing)
 .debug_str     0x00000634       0xdc TrueSTUDIO\Coldenberg17\UsrCode\Framework\Debouncer\Debouncer.o
                                0x23d (size before relaxing)
 .debug_str     0x00000710       0x4d TrueSTUDIO\Coldenberg17\UsrCode\Framework\Counter\Counter.o
                                0x222 (size before relaxing)
 .debug_str     0x0000075d      0x10f TrueSTUDIO\Coldenberg17\UsrCode\Application\Relays\Relays.o
                                0x2c9 (size before relaxing)
 .debug_str     0x0000086c       0x52 TrueSTUDIO\Coldenberg17\UsrCode\Application\Ntc\Ntc.o
                                0x1d6 (size before relaxing)
 .debug_str     0x000008be      0x112 TrueSTUDIO\Coldenberg17\UsrCode\Application\Logic.o
                                0x44b (size before relaxing)
 .debug_str     0x000009d0       0xa2 TrueSTUDIO\Coldenberg17\UsrCode\Application\LEDs\LEDs.o
                                0x2cf (size before relaxing)
 .debug_str     0x00000a72      0x123 TrueSTUDIO\Coldenberg17\UsrCode\Application\Display\Display.o
                                0x33c (size before relaxing)
 .debug_str     0x00000b95       0xcb TrueSTUDIO\Coldenberg17\UsrCode\Application\Buttons\Buttons.o
                                0x401 (size before relaxing)
 .debug_str     0x00000c60      0x12a Src\system_stm32f1xx.o
                                0x2c0 (size before relaxing)
 .debug_str     0x00000d8a      0x53b Src\stm32f1xx_it.o
                                0x74b (size before relaxing)
 .debug_str     0x000012c5      0x4ee Src\stm32f1xx_hal_msp.o
                                0xb51 (size before relaxing)
 .debug_str     0x000017b3      0x2ea Src\main.o
                                0xeaf (size before relaxing)
 .debug_str     0x00001a9d       0xb9 Drivers\STM32F1xx_HAL_Driver\Src\stm32f1xx_hal_wwdg.o
                                0x3be (size before relaxing)
 .debug_str     0x00001b56      0x3ba Drivers\STM32F1xx_HAL_Driver\Src\stm32f1xx_hal_uart.o
                                0x983 (size before relaxing)
 .debug_str     0x00001f10       0xb1 Drivers\STM32F1xx_HAL_Driver\Src\stm32f1xx_hal_rcc_ex.o
                                0x395 (size before relaxing)
 .debug_str     0x00001fc1      0x15b Drivers\STM32F1xx_HAL_Driver\Src\stm32f1xx_hal_rcc.o
                                0x5f6 (size before relaxing)
 .debug_str     0x0000211c       0xfd Drivers\STM32F1xx_HAL_Driver\Src\stm32f1xx_hal_gpio.o
                                0x411 (size before relaxing)
 .debug_str     0x00002219      0x39c Drivers\STM32F1xx_HAL_Driver\Src\stm32f1xx_hal_flash_ex.o
                                0x658 (size before relaxing)
 .debug_str     0x000025b5      0x162 Drivers\STM32F1xx_HAL_Driver\Src\stm32f1xx_hal_flash.o
                                0x52e (size before relaxing)
 .debug_str     0x00002717      0x227 Drivers\STM32F1xx_HAL_Driver\Src\stm32f1xx_hal_cortex.o
                                0x88d (size before relaxing)
 .debug_str     0x0000293e      0x291 Drivers\STM32F1xx_HAL_Driver\Src\stm32f1xx_hal_adc_ex.o
                                0x783 (size before relaxing)
 .debug_str     0x00002bcf      0x238 Drivers\STM32F1xx_HAL_Driver\Src\stm32f1xx_hal_adc.o
                                0x8b6 (size before relaxing)
 .debug_str     0x00002e07      0x17b Drivers\STM32F1xx_HAL_Driver\Src\stm32f1xx_hal.o
                                0x720 (size before relaxing)

.comment        0x00000000       0x83
 .comment       0x00000000       0x83 TrueSTUDIO\Coldenberg17\UsrCode\Managers\TemperatureManager\TemperatureManager.o
                                 0x84 (size before relaxing)
 .comment       0x00000000       0x84 TrueSTUDIO\Coldenberg17\UsrCode\Managers\LightManager\LightManager.o
 .comment       0x00000000       0x84 TrueSTUDIO\Coldenberg17\UsrCode\Managers\LedsManager\LedsManager.o
 .comment       0x00000000       0x84 TrueSTUDIO\Coldenberg17\UsrCode\Framework\Flash\Flash.o
 .comment       0x00000000       0x84 TrueSTUDIO\Coldenberg17\UsrCode\Framework\Debouncer\Debouncer.o
 .comment       0x00000000       0x84 TrueSTUDIO\Coldenberg17\UsrCode\Framework\Counter\Counter.o
 .comment       0x00000000       0x84 TrueSTUDIO\Coldenberg17\UsrCode\Application\Relays\Relays.o
 .comment       0x00000000       0x84 TrueSTUDIO\Coldenberg17\UsrCode\Application\Ntc\Ntc.o
 .comment       0x00000000       0x84 TrueSTUDIO\Coldenberg17\UsrCode\Application\Logic.o
 .comment       0x00000000       0x84 TrueSTUDIO\Coldenberg17\UsrCode\Application\LEDs\LEDs.o
 .comment       0x00000000       0x84 TrueSTUDIO\Coldenberg17\UsrCode\Application\Display\Display.o
 .comment       0x00000000       0x84 TrueSTUDIO\Coldenberg17\UsrCode\Application\Buttons\Buttons.o
 .comment       0x00000000       0x84 Src\system_stm32f1xx.o
 .comment       0x00000000       0x84 Src\stm32f1xx_it.o
 .comment       0x00000000       0x84 Src\stm32f1xx_hal_msp.o
 .comment       0x00000000       0x84 Src\main.o
 .comment       0x00000000       0x84 Drivers\STM32F1xx_HAL_Driver\Src\stm32f1xx_hal_wwdg.o
 .comment       0x00000000       0x84 Drivers\STM32F1xx_HAL_Driver\Src\stm32f1xx_hal_uart.o
 .comment       0x00000000       0x84 Drivers\STM32F1xx_HAL_Driver\Src\stm32f1xx_hal_rcc_ex.o
 .comment       0x00000000       0x84 Drivers\STM32F1xx_HAL_Driver\Src\stm32f1xx_hal_rcc.o
 .comment       0x00000000       0x84 Drivers\STM32F1xx_HAL_Driver\Src\stm32f1xx_hal_gpio.o
 .comment       0x00000000       0x84 Drivers\STM32F1xx_HAL_Driver\Src\stm32f1xx_hal_flash_ex.o
 .comment       0x00000000       0x84 Drivers\STM32F1xx_HAL_Driver\Src\stm32f1xx_hal_flash.o
 .comment       0x00000000       0x84 Drivers\STM32F1xx_HAL_Driver\Src\stm32f1xx_hal_cortex.o
 .comment       0x00000000       0x84 Drivers\STM32F1xx_HAL_Driver\Src\stm32f1xx_hal_adc_ex.o
 .comment       0x00000000       0x84 Drivers\STM32F1xx_HAL_Driver\Src\stm32f1xx_hal_adc.o
 .comment       0x00000000       0x84 Drivers\STM32F1xx_HAL_Driver\Src\stm32f1xx_hal.o

.debug_frame    0x00000000     0x14ec
 .debug_frame   0x00000000       0x40 TrueSTUDIO\Coldenberg17\UsrCode\Managers\TemperatureManager\TemperatureManager.o
 .debug_frame   0x00000040       0x28 TrueSTUDIO\Coldenberg17\UsrCode\Managers\LightManager\LightManager.o
 .debug_frame   0x00000068       0x60 TrueSTUDIO\Coldenberg17\UsrCode\Managers\LedsManager\LedsManager.o
 .debug_frame   0x000000c8       0x40 TrueSTUDIO\Coldenberg17\UsrCode\Framework\Flash\Flash.o
 .debug_frame   0x00000108       0x40 TrueSTUDIO\Coldenberg17\UsrCode\Framework\Debouncer\Debouncer.o
 .debug_frame   0x00000148       0x40 TrueSTUDIO\Coldenberg17\UsrCode\Framework\Counter\Counter.o
 .debug_frame   0x00000188       0x74 TrueSTUDIO\Coldenberg17\UsrCode\Application\Relays\Relays.o
 .debug_frame   0x000001fc       0x30 TrueSTUDIO\Coldenberg17\UsrCode\Application\Ntc\Ntc.o
 .debug_frame   0x0000022c       0x2c TrueSTUDIO\Coldenberg17\UsrCode\Application\Logic.o
 .debug_frame   0x00000258       0x50 TrueSTUDIO\Coldenberg17\UsrCode\Application\LEDs\LEDs.o
 .debug_frame   0x000002a8      0x148 TrueSTUDIO\Coldenberg17\UsrCode\Application\Display\Display.o
 .debug_frame   0x000003f0       0x78 TrueSTUDIO\Coldenberg17\UsrCode\Application\Buttons\Buttons.o
 .debug_frame   0x00000468       0x38 Src\system_stm32f1xx.o
 .debug_frame   0x000004a0       0xc8 Src\stm32f1xx_it.o
 .debug_frame   0x00000568       0xc0 Src\stm32f1xx_hal_msp.o
 .debug_frame   0x00000628       0x5c Src\main.o
 .debug_frame   0x00000684       0xc8 Drivers\STM32F1xx_HAL_Driver\Src\stm32f1xx_hal_wwdg.o
 .debug_frame   0x0000074c      0x314 Drivers\STM32F1xx_HAL_Driver\Src\stm32f1xx_hal_uart.o
 .debug_frame   0x00000a60       0x58 Drivers\STM32F1xx_HAL_Driver\Src\stm32f1xx_hal_rcc_ex.o
 .debug_frame   0x00000ab8      0x12c Drivers\STM32F1xx_HAL_Driver\Src\stm32f1xx_hal_rcc.o
 .debug_frame   0x00000be4       0xc0 Drivers\STM32F1xx_HAL_Driver\Src\stm32f1xx_hal_gpio.o
 .debug_frame   0x00000ca4       0xe8 Drivers\STM32F1xx_HAL_Driver\Src\stm32f1xx_hal_flash_ex.o
 .debug_frame   0x00000d8c      0x124 Drivers\STM32F1xx_HAL_Driver\Src\stm32f1xx_hal_flash.o
 .debug_frame   0x00000eb0      0x120 Drivers\STM32F1xx_HAL_Driver\Src\stm32f1xx_hal_cortex.o
 .debug_frame   0x00000fd0       0xfc Drivers\STM32F1xx_HAL_Driver\Src\stm32f1xx_hal_adc_ex.o
 .debug_frame   0x000010cc      0x290 Drivers\STM32F1xx_HAL_Driver\Src\stm32f1xx_hal_adc.o
 .debug_frame   0x0000135c      0x164 Drivers\STM32F1xx_HAL_Driver\Src\stm32f1xx_hal.o
 .debug_frame   0x000014c0       0x2c c:/program files (x86)/atollic/truestudio for arm lite 5.3.0/armtools/bin/../lib/gcc/arm-atollic-eabi/4.8.3/../../../../arm-atollic-eabi/lib/armv7-m\libc.a(lib_a-init.o)

.debug_loc      0x00000000     0x43af
 .debug_loc     0x00000000      0x10b TrueSTUDIO\Coldenberg17\UsrCode\Framework\Flash\Flash.o
 .debug_loc     0x0000010b       0x21 TrueSTUDIO\Coldenberg17\UsrCode\Framework\Debouncer\Debouncer.o
 .debug_loc     0x0000012c       0x21 TrueSTUDIO\Coldenberg17\UsrCode\Framework\Counter\Counter.o
 .debug_loc     0x0000014d       0x21 TrueSTUDIO\Coldenberg17\UsrCode\Application\Relays\Relays.o
 .debug_loc     0x0000016e       0x78 TrueSTUDIO\Coldenberg17\UsrCode\Application\Logic.o
 .debug_loc     0x000001e6       0xa2 TrueSTUDIO\Coldenberg17\UsrCode\Application\LEDs\LEDs.o
 .debug_loc     0x00000288       0x85 TrueSTUDIO\Coldenberg17\UsrCode\Application\Display\Display.o
 .debug_loc     0x0000030d       0x35 TrueSTUDIO\Coldenberg17\UsrCode\Application\Buttons\Buttons.o
 .debug_loc     0x00000342       0xe6 Src\system_stm32f1xx.o
 .debug_loc     0x00000428       0x9a Src\stm32f1xx_hal_msp.o
 .debug_loc     0x000004c2      0x144 Drivers\STM32F1xx_HAL_Driver\Src\stm32f1xx_hal_wwdg.o
 .debug_loc     0x00000606      0xd9e Drivers\STM32F1xx_HAL_Driver\Src\stm32f1xx_hal_uart.o
 .debug_loc     0x000013a4      0x2b2 Drivers\STM32F1xx_HAL_Driver\Src\stm32f1xx_hal_rcc_ex.o
 .debug_loc     0x00001656      0xa6c Drivers\STM32F1xx_HAL_Driver\Src\stm32f1xx_hal_rcc.o
 .debug_loc     0x000020c2      0x329 Drivers\STM32F1xx_HAL_Driver\Src\stm32f1xx_hal_gpio.o
 .debug_loc     0x000023eb      0x6d2 Drivers\STM32F1xx_HAL_Driver\Src\stm32f1xx_hal_flash_ex.o
 .debug_loc     0x00002abd      0x2f3 Drivers\STM32F1xx_HAL_Driver\Src\stm32f1xx_hal_flash.o
 .debug_loc     0x00002db0      0x443 Drivers\STM32F1xx_HAL_Driver\Src\stm32f1xx_hal_cortex.o
 .debug_loc     0x000031f3      0x666 Drivers\STM32F1xx_HAL_Driver\Src\stm32f1xx_hal_adc_ex.o
 .debug_loc     0x00003859      0xadb Drivers\STM32F1xx_HAL_Driver\Src\stm32f1xx_hal_adc.o
 .debug_loc     0x00004334       0x7b Drivers\STM32F1xx_HAL_Driver\Src\stm32f1xx_hal.o

Cross Reference Table

Symbol                                            File
ADC1_IRQHandler                                   Src\stm32f1xx_it.o
ADC_ConversionStop_Disable                        Drivers\STM32F1xx_HAL_Driver\Src\stm32f1xx_hal_adc.o
                                                  Drivers\STM32F1xx_HAL_Driver\Src\stm32f1xx_hal_adc_ex.o
ADC_DMAConvCplt                                   Drivers\STM32F1xx_HAL_Driver\Src\stm32f1xx_hal_adc.o
ADC_DMAError                                      Drivers\STM32F1xx_HAL_Driver\Src\stm32f1xx_hal_adc.o
ADC_DMAHalfConvCplt                               Drivers\STM32F1xx_HAL_Driver\Src\stm32f1xx_hal_adc.o
ADC_Enable                                        Drivers\STM32F1xx_HAL_Driver\Src\stm32f1xx_hal_adc.o
                                                  Drivers\STM32F1xx_HAL_Driver\Src\stm32f1xx_hal_adc_ex.o
AHBPrescTable                                     Src\system_stm32f1xx.o
                                                  Drivers\STM32F1xx_HAL_Driver\Src\stm32f1xx_hal_rcc.o
APBPrescTable                                     Src\system_stm32f1xx.o
                                                  Drivers\STM32F1xx_HAL_Driver\Src\stm32f1xx_hal_rcc.o
BusFault_Handler                                  Src\stm32f1xx_it.o
Button_GetEvent                                   TrueSTUDIO\Coldenberg17\UsrCode\Application\Buttons\Buttons.o
                                                  TrueSTUDIO\Coldenberg17\UsrCode\Application\Logic.o
                                                  TrueSTUDIO\Coldenberg17\UsrCode\Managers\LightManager\LightManager.o
Buttons_GenerateEvent                             TrueSTUDIO\Coldenberg17\UsrCode\Application\Buttons\Buttons.o
                                                  Src\main.o
Buttons_Init                                      TrueSTUDIO\Coldenberg17\UsrCode\Application\Buttons\Buttons.o
                                                  Src\main.o
Buttons_Perform                                   TrueSTUDIO\Coldenberg17\UsrCode\Application\Buttons\Buttons.o
                                                  Src\main.o
CEC_IRQHandler                                    Drivers\CMSIS\Device\ST\STM32F1xx\Source\Templates\gcc\startup_stm32f100xb.o
Counter_IsTimeoutExpired                          TrueSTUDIO\Coldenberg17\UsrCode\Framework\Counter\Counter.o
                                                  TrueSTUDIO\Coldenberg17\UsrCode\Application\Logic.o
                                                  TrueSTUDIO\Coldenberg17\UsrCode\Managers\LedsManager\LedsManager.o
                                                  TrueSTUDIO\Coldenberg17\UsrCode\Managers\LightManager\LightManager.o
Counter_SetTimeout                                TrueSTUDIO\Coldenberg17\UsrCode\Framework\Counter\Counter.o
                                                  TrueSTUDIO\Coldenberg17\UsrCode\Application\Logic.o
                                                  TrueSTUDIO\Coldenberg17\UsrCode\Managers\LedsManager\LedsManager.o
                                                  TrueSTUDIO\Coldenberg17\UsrCode\Managers\LightManager\LightManager.o
Counter_TickTimeout                               TrueSTUDIO\Coldenberg17\UsrCode\Framework\Counter\Counter.o
                                                  TrueSTUDIO\Coldenberg17\UsrCode\Application\Logic.o
                                                  TrueSTUDIO\Coldenberg17\UsrCode\Managers\LedsManager\LedsManager.o
                                                  TrueSTUDIO\Coldenberg17\UsrCode\Managers\LightManager\LightManager.o
DMA1_Channel1_IRQHandler                          Drivers\CMSIS\Device\ST\STM32F1xx\Source\Templates\gcc\startup_stm32f100xb.o
DMA1_Channel2_IRQHandler                          Drivers\CMSIS\Device\ST\STM32F1xx\Source\Templates\gcc\startup_stm32f100xb.o
DMA1_Channel3_IRQHandler                          Drivers\CMSIS\Device\ST\STM32F1xx\Source\Templates\gcc\startup_stm32f100xb.o
DMA1_Channel4_IRQHandler                          Drivers\CMSIS\Device\ST\STM32F1xx\Source\Templates\gcc\startup_stm32f100xb.o
DMA1_Channel5_IRQHandler                          Drivers\CMSIS\Device\ST\STM32F1xx\Source\Templates\gcc\startup_stm32f100xb.o
DMA1_Channel6_IRQHandler                          Drivers\CMSIS\Device\ST\STM32F1xx\Source\Templates\gcc\startup_stm32f100xb.o
DMA1_Channel7_IRQHandler                          Drivers\CMSIS\Device\ST\STM32F1xx\Source\Templates\gcc\startup_stm32f100xb.o
Debouncer_Apply                                   TrueSTUDIO\Coldenberg17\UsrCode\Framework\Debouncer\Debouncer.o
                                                  TrueSTUDIO\Coldenberg17\UsrCode\Application\Buttons\Buttons.o
Debouncer_GetData                                 TrueSTUDIO\Coldenberg17\UsrCode\Framework\Debouncer\Debouncer.o
                                                  TrueSTUDIO\Coldenberg17\UsrCode\Application\Buttons\Buttons.o
Debouncer_Init                                    TrueSTUDIO\Coldenberg17\UsrCode\Framework\Debouncer\Debouncer.o
                                                  TrueSTUDIO\Coldenberg17\UsrCode\Application\Buttons\Buttons.o
DebugMon_Handler                                  Src\stm32f1xx_it.o
Default_Handler                                   Drivers\CMSIS\Device\ST\STM32F1xx\Source\Templates\gcc\startup_stm32f100xb.o
Display_DisplayNumber                             TrueSTUDIO\Coldenberg17\UsrCode\Application\Display\Display.o
                                                  TrueSTUDIO\Coldenberg17\UsrCode\Application\Logic.o
Display_InitState                                 TrueSTUDIO\Coldenberg17\UsrCode\Application\Display\Display.o
                                                  Src\main.o
Display_Perform                                   TrueSTUDIO\Coldenberg17\UsrCode\Application\Display\Display.o
                                                  Src\main.o
EXTI0_IRQHandler                                  Drivers\CMSIS\Device\ST\STM32F1xx\Source\Templates\gcc\startup_stm32f100xb.o
EXTI15_10_IRQHandler                              Drivers\CMSIS\Device\ST\STM32F1xx\Source\Templates\gcc\startup_stm32f100xb.o
EXTI1_IRQHandler                                  Drivers\CMSIS\Device\ST\STM32F1xx\Source\Templates\gcc\startup_stm32f100xb.o
EXTI2_IRQHandler                                  Drivers\CMSIS\Device\ST\STM32F1xx\Source\Templates\gcc\startup_stm32f100xb.o
EXTI3_IRQHandler                                  Drivers\CMSIS\Device\ST\STM32F1xx\Source\Templates\gcc\startup_stm32f100xb.o
EXTI4_IRQHandler                                  Drivers\CMSIS\Device\ST\STM32F1xx\Source\Templates\gcc\startup_stm32f100xb.o
EXTI9_5_IRQHandler                                Drivers\CMSIS\Device\ST\STM32F1xx\Source\Templates\gcc\startup_stm32f100xb.o
Error_Handler                                     Src\main.o
FLASH_IRQHandler                                  Drivers\CMSIS\Device\ST\STM32F1xx\Source\Templates\gcc\startup_stm32f100xb.o
FLASH_PageErase                                   Drivers\STM32F1xx_HAL_Driver\Src\stm32f1xx_hal_flash_ex.o
                                                  Drivers\STM32F1xx_HAL_Driver\Src\stm32f1xx_hal_flash.o
FLASH_WaitForLastOperation                        Drivers\STM32F1xx_HAL_Driver\Src\stm32f1xx_hal_flash.o
                                                  Drivers\STM32F1xx_HAL_Driver\Src\stm32f1xx_hal_flash_ex.o
Flash_GetLastValue                                TrueSTUDIO\Coldenberg17\UsrCode\Framework\Flash\Flash.o
                                                  TrueSTUDIO\Coldenberg17\UsrCode\Application\Logic.o
Flash_SaveValue                                   TrueSTUDIO\Coldenberg17\UsrCode\Framework\Flash\Flash.o
                                                  TrueSTUDIO\Coldenberg17\UsrCode\Application\Logic.o
HAL_ADCEx_Calibration_Start                       Drivers\STM32F1xx_HAL_Driver\Src\stm32f1xx_hal_adc_ex.o
HAL_ADCEx_InjectedConfigChannel                   Drivers\STM32F1xx_HAL_Driver\Src\stm32f1xx_hal_adc_ex.o
HAL_ADCEx_InjectedConvCpltCallback                Drivers\STM32F1xx_HAL_Driver\Src\stm32f1xx_hal_adc_ex.o
                                                  Drivers\STM32F1xx_HAL_Driver\Src\stm32f1xx_hal_adc.o
HAL_ADCEx_InjectedGetValue                        Drivers\STM32F1xx_HAL_Driver\Src\stm32f1xx_hal_adc_ex.o
HAL_ADCEx_InjectedPollForConversion               Drivers\STM32F1xx_HAL_Driver\Src\stm32f1xx_hal_adc_ex.o
HAL_ADCEx_InjectedStart                           Drivers\STM32F1xx_HAL_Driver\Src\stm32f1xx_hal_adc_ex.o
HAL_ADCEx_InjectedStart_IT                        Drivers\STM32F1xx_HAL_Driver\Src\stm32f1xx_hal_adc_ex.o
HAL_ADCEx_InjectedStop                            Drivers\STM32F1xx_HAL_Driver\Src\stm32f1xx_hal_adc_ex.o
HAL_ADCEx_InjectedStop_IT                         Drivers\STM32F1xx_HAL_Driver\Src\stm32f1xx_hal_adc_ex.o
HAL_ADC_AnalogWDGConfig                           Drivers\STM32F1xx_HAL_Driver\Src\stm32f1xx_hal_adc.o
HAL_ADC_ConfigChannel                             Drivers\STM32F1xx_HAL_Driver\Src\stm32f1xx_hal_adc.o
                                                  Src\main.o
HAL_ADC_ConvCpltCallback                          Drivers\STM32F1xx_HAL_Driver\Src\stm32f1xx_hal_adc.o
HAL_ADC_ConvHalfCpltCallback                      Drivers\STM32F1xx_HAL_Driver\Src\stm32f1xx_hal_adc.o
HAL_ADC_DeInit                                    Drivers\STM32F1xx_HAL_Driver\Src\stm32f1xx_hal_adc.o
HAL_ADC_ErrorCallback                             Drivers\STM32F1xx_HAL_Driver\Src\stm32f1xx_hal_adc.o
HAL_ADC_GetError                                  Drivers\STM32F1xx_HAL_Driver\Src\stm32f1xx_hal_adc.o
HAL_ADC_GetState                                  Drivers\STM32F1xx_HAL_Driver\Src\stm32f1xx_hal_adc.o
HAL_ADC_GetValue                                  Drivers\STM32F1xx_HAL_Driver\Src\stm32f1xx_hal_adc.o
HAL_ADC_IRQHandler                                Drivers\STM32F1xx_HAL_Driver\Src\stm32f1xx_hal_adc.o
                                                  Src\stm32f1xx_it.o
HAL_ADC_Init                                      Drivers\STM32F1xx_HAL_Driver\Src\stm32f1xx_hal_adc.o
                                                  Src\main.o
HAL_ADC_LevelOutOfWindowCallback                  Drivers\STM32F1xx_HAL_Driver\Src\stm32f1xx_hal_adc.o
HAL_ADC_MspDeInit                                 Src\stm32f1xx_hal_msp.o
HAL_ADC_MspInit                                   Src\stm32f1xx_hal_msp.o
HAL_ADC_PollForConversion                         Drivers\STM32F1xx_HAL_Driver\Src\stm32f1xx_hal_adc.o
HAL_ADC_PollForEvent                              Drivers\STM32F1xx_HAL_Driver\Src\stm32f1xx_hal_adc.o
HAL_ADC_Start                                     Drivers\STM32F1xx_HAL_Driver\Src\stm32f1xx_hal_adc.o
HAL_ADC_Start_DMA                                 Drivers\STM32F1xx_HAL_Driver\Src\stm32f1xx_hal_adc.o
HAL_ADC_Start_IT                                  Drivers\STM32F1xx_HAL_Driver\Src\stm32f1xx_hal_adc.o
HAL_ADC_Stop                                      Drivers\STM32F1xx_HAL_Driver\Src\stm32f1xx_hal_adc.o
HAL_ADC_Stop_DMA                                  Drivers\STM32F1xx_HAL_Driver\Src\stm32f1xx_hal_adc.o
HAL_ADC_Stop_IT                                   Drivers\STM32F1xx_HAL_Driver\Src\stm32f1xx_hal_adc.o
HAL_DBGMCU_DisableDBGSleepMode                    Drivers\STM32F1xx_HAL_Driver\Src\stm32f1xx_hal.o
HAL_DBGMCU_DisableDBGStandbyMode                  Drivers\STM32F1xx_HAL_Driver\Src\stm32f1xx_hal.o
HAL_DBGMCU_DisableDBGStopMode                     Drivers\STM32F1xx_HAL_Driver\Src\stm32f1xx_hal.o
HAL_DBGMCU_EnableDBGSleepMode                     Drivers\STM32F1xx_HAL_Driver\Src\stm32f1xx_hal.o
HAL_DBGMCU_EnableDBGStandbyMode                   Drivers\STM32F1xx_HAL_Driver\Src\stm32f1xx_hal.o
HAL_DBGMCU_EnableDBGStopMode                      Drivers\STM32F1xx_HAL_Driver\Src\stm32f1xx_hal.o
HAL_DMA_Abort                                     Drivers\STM32F1xx_HAL_Driver\Src\stm32f1xx_hal_dma.o
                                                  Drivers\STM32F1xx_HAL_Driver\Src\stm32f1xx_hal_adc.o
                                                  Drivers\STM32F1xx_HAL_Driver\Src\stm32f1xx_hal_uart.o
HAL_DMA_DeInit                                    Drivers\STM32F1xx_HAL_Driver\Src\stm32f1xx_hal_dma.o
HAL_DMA_GetError                                  Drivers\STM32F1xx_HAL_Driver\Src\stm32f1xx_hal_dma.o
HAL_DMA_GetState                                  Drivers\STM32F1xx_HAL_Driver\Src\stm32f1xx_hal_dma.o
HAL_DMA_IRQHandler                                Drivers\STM32F1xx_HAL_Driver\Src\stm32f1xx_hal_dma.o
HAL_DMA_Init                                      Drivers\STM32F1xx_HAL_Driver\Src\stm32f1xx_hal_dma.o
HAL_DMA_PollForTransfer                           Drivers\STM32F1xx_HAL_Driver\Src\stm32f1xx_hal_dma.o
HAL_DMA_Start                                     Drivers\STM32F1xx_HAL_Driver\Src\stm32f1xx_hal_dma.o
HAL_DMA_Start_IT                                  Drivers\STM32F1xx_HAL_Driver\Src\stm32f1xx_hal_dma.o
                                                  Drivers\STM32F1xx_HAL_Driver\Src\stm32f1xx_hal_adc.o
                                                  Drivers\STM32F1xx_HAL_Driver\Src\stm32f1xx_hal_uart.o
HAL_DeInit                                        Drivers\STM32F1xx_HAL_Driver\Src\stm32f1xx_hal.o
HAL_Delay                                         Drivers\STM32F1xx_HAL_Driver\Src\stm32f1xx_hal.o
                                                  Drivers\STM32F1xx_HAL_Driver\Src\stm32f1xx_hal_rcc.o
HAL_FLASHEx_Erase                                 Drivers\STM32F1xx_HAL_Driver\Src\stm32f1xx_hal_flash_ex.o
                                                  TrueSTUDIO\Coldenberg17\UsrCode\Framework\Flash\Flash.o
HAL_FLASHEx_Erase_IT                              Drivers\STM32F1xx_HAL_Driver\Src\stm32f1xx_hal_flash_ex.o
HAL_FLASHEx_OBErase                               Drivers\STM32F1xx_HAL_Driver\Src\stm32f1xx_hal_flash_ex.o
HAL_FLASHEx_OBGetConfig                           Drivers\STM32F1xx_HAL_Driver\Src\stm32f1xx_hal_flash_ex.o
HAL_FLASHEx_OBGetUserData                         Drivers\STM32F1xx_HAL_Driver\Src\stm32f1xx_hal_flash_ex.o
HAL_FLASHEx_OBProgram                             Drivers\STM32F1xx_HAL_Driver\Src\stm32f1xx_hal_flash_ex.o
HAL_FLASH_EndOfOperationCallback                  Drivers\STM32F1xx_HAL_Driver\Src\stm32f1xx_hal_flash.o
HAL_FLASH_GetError                                Drivers\STM32F1xx_HAL_Driver\Src\stm32f1xx_hal_flash.o
HAL_FLASH_IRQHandler                              Drivers\STM32F1xx_HAL_Driver\Src\stm32f1xx_hal_flash.o
HAL_FLASH_Lock                                    Drivers\STM32F1xx_HAL_Driver\Src\stm32f1xx_hal_flash.o
                                                  TrueSTUDIO\Coldenberg17\UsrCode\Framework\Flash\Flash.o
HAL_FLASH_OB_Launch                               Drivers\STM32F1xx_HAL_Driver\Src\stm32f1xx_hal_flash.o
HAL_FLASH_OB_Lock                                 Drivers\STM32F1xx_HAL_Driver\Src\stm32f1xx_hal_flash.o
HAL_FLASH_OB_Unlock                               Drivers\STM32F1xx_HAL_Driver\Src\stm32f1xx_hal_flash.o
HAL_FLASH_OperationErrorCallback                  Drivers\STM32F1xx_HAL_Driver\Src\stm32f1xx_hal_flash.o
HAL_FLASH_Program                                 Drivers\STM32F1xx_HAL_Driver\Src\stm32f1xx_hal_flash.o
                                                  TrueSTUDIO\Coldenberg17\UsrCode\Framework\Flash\Flash.o
HAL_FLASH_Program_IT                              Drivers\STM32F1xx_HAL_Driver\Src\stm32f1xx_hal_flash.o
HAL_FLASH_Unlock                                  Drivers\STM32F1xx_HAL_Driver\Src\stm32f1xx_hal_flash.o
                                                  TrueSTUDIO\Coldenberg17\UsrCode\Framework\Flash\Flash.o
HAL_GPIOEx_ConfigEventout                         Drivers\STM32F1xx_HAL_Driver\Src\stm32f1xx_hal_gpio_ex.o
HAL_GPIOEx_DisableEventout                        Drivers\STM32F1xx_HAL_Driver\Src\stm32f1xx_hal_gpio_ex.o
HAL_GPIOEx_EnableEventout                         Drivers\STM32F1xx_HAL_Driver\Src\stm32f1xx_hal_gpio_ex.o
HAL_GPIO_DeInit                                   Drivers\STM32F1xx_HAL_Driver\Src\stm32f1xx_hal_gpio.o
                                                  Src\stm32f1xx_hal_msp.o
HAL_GPIO_EXTI_Callback                            Drivers\STM32F1xx_HAL_Driver\Src\stm32f1xx_hal_gpio.o
HAL_GPIO_EXTI_IRQHandler                          Drivers\STM32F1xx_HAL_Driver\Src\stm32f1xx_hal_gpio.o
HAL_GPIO_Init                                     Drivers\STM32F1xx_HAL_Driver\Src\stm32f1xx_hal_gpio.o
                                                  Drivers\STM32F1xx_HAL_Driver\Src\stm32f1xx_hal_rcc.o
                                                  Src\main.o
                                                  Src\stm32f1xx_hal_msp.o
HAL_GPIO_LockPin                                  Drivers\STM32F1xx_HAL_Driver\Src\stm32f1xx_hal_gpio.o
HAL_GPIO_ReadPin                                  Drivers\STM32F1xx_HAL_Driver\Src\stm32f1xx_hal_gpio.o
                                                  TrueSTUDIO\Coldenberg17\UsrCode\Application\Buttons\Buttons.o
                                                  TrueSTUDIO\Coldenberg17\UsrCode\Application\LEDs\LEDs.o
HAL_GPIO_TogglePin                                Drivers\STM32F1xx_HAL_Driver\Src\stm32f1xx_hal_gpio.o
HAL_GPIO_WritePin                                 Drivers\STM32F1xx_HAL_Driver\Src\stm32f1xx_hal_gpio.o
                                                  Src\main.o
                                                  TrueSTUDIO\Coldenberg17\UsrCode\Application\Display\Display.o
                                                  TrueSTUDIO\Coldenberg17\UsrCode\Application\LEDs\LEDs.o
                                                  TrueSTUDIO\Coldenberg17\UsrCode\Application\Relays\Relays.o
HAL_GetDEVID                                      Drivers\STM32F1xx_HAL_Driver\Src\stm32f1xx_hal.o
HAL_GetHalVersion                                 Drivers\STM32F1xx_HAL_Driver\Src\stm32f1xx_hal.o
HAL_GetREVID                                      Drivers\STM32F1xx_HAL_Driver\Src\stm32f1xx_hal.o
HAL_GetTick                                       Drivers\STM32F1xx_HAL_Driver\Src\stm32f1xx_hal.o
                                                  Drivers\STM32F1xx_HAL_Driver\Src\stm32f1xx_hal_adc.o
                                                  Drivers\STM32F1xx_HAL_Driver\Src\stm32f1xx_hal_adc_ex.o
                                                  Drivers\STM32F1xx_HAL_Driver\Src\stm32f1xx_hal_dma.o
                                                  Drivers\STM32F1xx_HAL_Driver\Src\stm32f1xx_hal_flash.o
                                                  Drivers\STM32F1xx_HAL_Driver\Src\stm32f1xx_hal_rcc.o
                                                  Drivers\STM32F1xx_HAL_Driver\Src\stm32f1xx_hal_rcc_ex.o
                                                  Drivers\STM32F1xx_HAL_Driver\Src\stm32f1xx_hal_uart.o
HAL_HalfDuplex_EnableReceiver                     Drivers\STM32F1xx_HAL_Driver\Src\stm32f1xx_hal_uart.o
HAL_HalfDuplex_EnableTransmitter                  Drivers\STM32F1xx_HAL_Driver\Src\stm32f1xx_hal_uart.o
HAL_HalfDuplex_Init                               Drivers\STM32F1xx_HAL_Driver\Src\stm32f1xx_hal_uart.o
HAL_IncTick                                       Drivers\STM32F1xx_HAL_Driver\Src\stm32f1xx_hal.o
                                                  Src\stm32f1xx_it.o
HAL_Init                                          Drivers\STM32F1xx_HAL_Driver\Src\stm32f1xx_hal.o
                                                  Src\main.o
HAL_InitTick                                      Drivers\STM32F1xx_HAL_Driver\Src\stm32f1xx_hal.o
                                                  Drivers\STM32F1xx_HAL_Driver\Src\stm32f1xx_hal_rcc.o
HAL_LIN_Init                                      Drivers\STM32F1xx_HAL_Driver\Src\stm32f1xx_hal_uart.o
HAL_LIN_SendBreak                                 Drivers\STM32F1xx_HAL_Driver\Src\stm32f1xx_hal_uart.o
HAL_MspDeInit                                     Drivers\STM32F1xx_HAL_Driver\Src\stm32f1xx_hal.o
HAL_MspInit                                       Src\stm32f1xx_hal_msp.o
HAL_MultiProcessor_EnterMuteMode                  Drivers\STM32F1xx_HAL_Driver\Src\stm32f1xx_hal_uart.o
HAL_MultiProcessor_ExitMuteMode                   Drivers\STM32F1xx_HAL_Driver\Src\stm32f1xx_hal_uart.o
HAL_MultiProcessor_Init                           Drivers\STM32F1xx_HAL_Driver\Src\stm32f1xx_hal_uart.o
HAL_NVIC_ClearPendingIRQ                          Drivers\STM32F1xx_HAL_Driver\Src\stm32f1xx_hal_cortex.o
HAL_NVIC_DisableIRQ                               Drivers\STM32F1xx_HAL_Driver\Src\stm32f1xx_hal_cortex.o
                                                  Src\stm32f1xx_hal_msp.o
HAL_NVIC_EnableIRQ                                Drivers\STM32F1xx_HAL_Driver\Src\stm32f1xx_hal_cortex.o
                                                  Src\stm32f1xx_hal_msp.o
HAL_NVIC_GetActive                                Drivers\STM32F1xx_HAL_Driver\Src\stm32f1xx_hal_cortex.o
HAL_NVIC_GetPendingIRQ                            Drivers\STM32F1xx_HAL_Driver\Src\stm32f1xx_hal_cortex.o
HAL_NVIC_GetPriority                              Drivers\STM32F1xx_HAL_Driver\Src\stm32f1xx_hal_cortex.o
HAL_NVIC_GetPriorityGrouping                      Drivers\STM32F1xx_HAL_Driver\Src\stm32f1xx_hal_cortex.o
HAL_NVIC_SetPendingIRQ                            Drivers\STM32F1xx_HAL_Driver\Src\stm32f1xx_hal_cortex.o
HAL_NVIC_SetPriority                              Drivers\STM32F1xx_HAL_Driver\Src\stm32f1xx_hal_cortex.o
                                                  Drivers\STM32F1xx_HAL_Driver\Src\stm32f1xx_hal.o
                                                  Src\main.o
                                                  Src\stm32f1xx_hal_msp.o
HAL_NVIC_SetPriorityGrouping                      Drivers\STM32F1xx_HAL_Driver\Src\stm32f1xx_hal_cortex.o
                                                  Drivers\STM32F1xx_HAL_Driver\Src\stm32f1xx_hal.o
                                                  Src\stm32f1xx_hal_msp.o
HAL_NVIC_SystemReset                              Drivers\STM32F1xx_HAL_Driver\Src\stm32f1xx_hal_cortex.o
                                                  Drivers\STM32F1xx_HAL_Driver\Src\stm32f1xx_hal_flash.o
HAL_PWR_ConfigPVD                                 Drivers\STM32F1xx_HAL_Driver\Src\stm32f1xx_hal_pwr.o
HAL_PWR_DeInit                                    Drivers\STM32F1xx_HAL_Driver\Src\stm32f1xx_hal_pwr.o
HAL_PWR_DisableBkUpAccess                         Drivers\STM32F1xx_HAL_Driver\Src\stm32f1xx_hal_pwr.o
HAL_PWR_DisablePVD                                Drivers\STM32F1xx_HAL_Driver\Src\stm32f1xx_hal_pwr.o
HAL_PWR_DisableSEVOnPend                          Drivers\STM32F1xx_HAL_Driver\Src\stm32f1xx_hal_pwr.o
HAL_PWR_DisableSleepOnExit                        Drivers\STM32F1xx_HAL_Driver\Src\stm32f1xx_hal_pwr.o
HAL_PWR_DisableWakeUpPin                          Drivers\STM32F1xx_HAL_Driver\Src\stm32f1xx_hal_pwr.o
HAL_PWR_EnableBkUpAccess                          Drivers\STM32F1xx_HAL_Driver\Src\stm32f1xx_hal_pwr.o
HAL_PWR_EnablePVD                                 Drivers\STM32F1xx_HAL_Driver\Src\stm32f1xx_hal_pwr.o
HAL_PWR_EnableSEVOnPend                           Drivers\STM32F1xx_HAL_Driver\Src\stm32f1xx_hal_pwr.o
HAL_PWR_EnableSleepOnExit                         Drivers\STM32F1xx_HAL_Driver\Src\stm32f1xx_hal_pwr.o
HAL_PWR_EnableWakeUpPin                           Drivers\STM32F1xx_HAL_Driver\Src\stm32f1xx_hal_pwr.o
HAL_PWR_EnterSLEEPMode                            Drivers\STM32F1xx_HAL_Driver\Src\stm32f1xx_hal_pwr.o
HAL_PWR_EnterSTANDBYMode                          Drivers\STM32F1xx_HAL_Driver\Src\stm32f1xx_hal_pwr.o
HAL_PWR_EnterSTOPMode                             Drivers\STM32F1xx_HAL_Driver\Src\stm32f1xx_hal_pwr.o
HAL_PWR_PVDCallback                               Drivers\STM32F1xx_HAL_Driver\Src\stm32f1xx_hal_pwr.o
HAL_PWR_PVD_IRQHandler                            Drivers\STM32F1xx_HAL_Driver\Src\stm32f1xx_hal_pwr.o
HAL_RCCEx_GetPeriphCLKConfig                      Drivers\STM32F1xx_HAL_Driver\Src\stm32f1xx_hal_rcc_ex.o
HAL_RCCEx_GetPeriphCLKFreq                        Drivers\STM32F1xx_HAL_Driver\Src\stm32f1xx_hal_rcc_ex.o
                                                  Drivers\STM32F1xx_HAL_Driver\Src\stm32f1xx_hal_adc.o
                                                  Drivers\STM32F1xx_HAL_Driver\Src\stm32f1xx_hal_adc_ex.o
HAL_RCCEx_PeriphCLKConfig                         Drivers\STM32F1xx_HAL_Driver\Src\stm32f1xx_hal_rcc_ex.o
                                                  Src\main.o
HAL_RCC_CSSCallback                               Drivers\STM32F1xx_HAL_Driver\Src\stm32f1xx_hal_rcc.o
HAL_RCC_ClockConfig                               Drivers\STM32F1xx_HAL_Driver\Src\stm32f1xx_hal_rcc.o
                                                  Src\main.o
HAL_RCC_DeInit                                    Drivers\STM32F1xx_HAL_Driver\Src\stm32f1xx_hal_rcc.o
HAL_RCC_DisableCSS                                Drivers\STM32F1xx_HAL_Driver\Src\stm32f1xx_hal_rcc.o
HAL_RCC_EnableCSS                                 Drivers\STM32F1xx_HAL_Driver\Src\stm32f1xx_hal_rcc.o
                                                  Src\main.o
HAL_RCC_GetClockConfig                            Drivers\STM32F1xx_HAL_Driver\Src\stm32f1xx_hal_rcc.o
HAL_RCC_GetHCLKFreq                               Drivers\STM32F1xx_HAL_Driver\Src\stm32f1xx_hal_rcc.o
                                                  Drivers\STM32F1xx_HAL_Driver\Src\stm32f1xx_hal.o
                                                  Src\main.o
HAL_RCC_GetOscConfig                              Drivers\STM32F1xx_HAL_Driver\Src\stm32f1xx_hal_rcc.o
HAL_RCC_GetPCLK1Freq                              Drivers\STM32F1xx_HAL_Driver\Src\stm32f1xx_hal_rcc.o
                                                  Drivers\STM32F1xx_HAL_Driver\Src\stm32f1xx_hal_uart.o
HAL_RCC_GetPCLK2Freq                              Drivers\STM32F1xx_HAL_Driver\Src\stm32f1xx_hal_rcc.o
                                                  Drivers\STM32F1xx_HAL_Driver\Src\stm32f1xx_hal_rcc_ex.o
                                                  Drivers\STM32F1xx_HAL_Driver\Src\stm32f1xx_hal_uart.o
HAL_RCC_GetSysClockFreq                           Drivers\STM32F1xx_HAL_Driver\Src\stm32f1xx_hal_rcc.o
HAL_RCC_MCOConfig                                 Drivers\STM32F1xx_HAL_Driver\Src\stm32f1xx_hal_rcc.o
HAL_RCC_NMI_IRQHandler                            Drivers\STM32F1xx_HAL_Driver\Src\stm32f1xx_hal_rcc.o
                                                  Src\stm32f1xx_it.o
HAL_RCC_OscConfig                                 Drivers\STM32F1xx_HAL_Driver\Src\stm32f1xx_hal_rcc.o
                                                  Src\main.o
HAL_ResumeTick                                    Drivers\STM32F1xx_HAL_Driver\Src\stm32f1xx_hal.o
HAL_SYSTICK_CLKSourceConfig                       Drivers\STM32F1xx_HAL_Driver\Src\stm32f1xx_hal_cortex.o
                                                  Src\main.o
HAL_SYSTICK_Callback                              Drivers\STM32F1xx_HAL_Driver\Src\stm32f1xx_hal_cortex.o
HAL_SYSTICK_Config                                Drivers\STM32F1xx_HAL_Driver\Src\stm32f1xx_hal_cortex.o
                                                  Drivers\STM32F1xx_HAL_Driver\Src\stm32f1xx_hal.o
                                                  Src\main.o
HAL_SYSTICK_IRQHandler                            Drivers\STM32F1xx_HAL_Driver\Src\stm32f1xx_hal_cortex.o
                                                  Src\stm32f1xx_it.o
HAL_SuspendTick                                   Drivers\STM32F1xx_HAL_Driver\Src\stm32f1xx_hal.o
HAL_UART_DMAPause                                 Drivers\STM32F1xx_HAL_Driver\Src\stm32f1xx_hal_uart.o
HAL_UART_DMAResume                                Drivers\STM32F1xx_HAL_Driver\Src\stm32f1xx_hal_uart.o
HAL_UART_DMAStop                                  Drivers\STM32F1xx_HAL_Driver\Src\stm32f1xx_hal_uart.o
HAL_UART_DeInit                                   Drivers\STM32F1xx_HAL_Driver\Src\stm32f1xx_hal_uart.o
HAL_UART_ErrorCallback                            Drivers\STM32F1xx_HAL_Driver\Src\stm32f1xx_hal_uart.o
HAL_UART_GetError                                 Drivers\STM32F1xx_HAL_Driver\Src\stm32f1xx_hal_uart.o
HAL_UART_GetState                                 Drivers\STM32F1xx_HAL_Driver\Src\stm32f1xx_hal_uart.o
HAL_UART_IRQHandler                               Drivers\STM32F1xx_HAL_Driver\Src\stm32f1xx_hal_uart.o
                                                  Src\stm32f1xx_it.o
HAL_UART_Init                                     Drivers\STM32F1xx_HAL_Driver\Src\stm32f1xx_hal_uart.o
                                                  Src\main.o
HAL_UART_MspDeInit                                Src\stm32f1xx_hal_msp.o
HAL_UART_MspInit                                  Src\stm32f1xx_hal_msp.o
HAL_UART_Receive                                  Drivers\STM32F1xx_HAL_Driver\Src\stm32f1xx_hal_uart.o
HAL_UART_Receive_DMA                              Drivers\STM32F1xx_HAL_Driver\Src\stm32f1xx_hal_uart.o
HAL_UART_Receive_IT                               Drivers\STM32F1xx_HAL_Driver\Src\stm32f1xx_hal_uart.o
HAL_UART_RxCpltCallback                           Drivers\STM32F1xx_HAL_Driver\Src\stm32f1xx_hal_uart.o
HAL_UART_RxHalfCpltCallback                       Drivers\STM32F1xx_HAL_Driver\Src\stm32f1xx_hal_uart.o
HAL_UART_Transmit                                 Drivers\STM32F1xx_HAL_Driver\Src\stm32f1xx_hal_uart.o
HAL_UART_Transmit_DMA                             Drivers\STM32F1xx_HAL_Driver\Src\stm32f1xx_hal_uart.o
HAL_UART_Transmit_IT                              Drivers\STM32F1xx_HAL_Driver\Src\stm32f1xx_hal_uart.o
HAL_UART_TxCpltCallback                           Drivers\STM32F1xx_HAL_Driver\Src\stm32f1xx_hal_uart.o
HAL_UART_TxHalfCpltCallback                       Drivers\STM32F1xx_HAL_Driver\Src\stm32f1xx_hal_uart.o
HAL_WWDG_DeInit                                   Drivers\STM32F1xx_HAL_Driver\Src\stm32f1xx_hal_wwdg.o
HAL_WWDG_GetState                                 Drivers\STM32F1xx_HAL_Driver\Src\stm32f1xx_hal_wwdg.o
HAL_WWDG_IRQHandler                               Drivers\STM32F1xx_HAL_Driver\Src\stm32f1xx_hal_wwdg.o
HAL_WWDG_Init                                     Drivers\STM32F1xx_HAL_Driver\Src\stm32f1xx_hal_wwdg.o
                                                  Src\main.o
HAL_WWDG_MspDeInit                                Src\stm32f1xx_hal_msp.o
HAL_WWDG_MspInit                                  Src\stm32f1xx_hal_msp.o
HAL_WWDG_Refresh                                  Drivers\STM32F1xx_HAL_Driver\Src\stm32f1xx_hal_wwdg.o
HAL_WWDG_Start                                    Drivers\STM32F1xx_HAL_Driver\Src\stm32f1xx_hal_wwdg.o
HAL_WWDG_Start_IT                                 Drivers\STM32F1xx_HAL_Driver\Src\stm32f1xx_hal_wwdg.o
HAL_WWDG_WakeupCallback                           Drivers\STM32F1xx_HAL_Driver\Src\stm32f1xx_hal_wwdg.o
HardFault_Handler                                 Src\stm32f1xx_it.o
I2C1_ER_IRQHandler                                Drivers\CMSIS\Device\ST\STM32F1xx\Source\Templates\gcc\startup_stm32f100xb.o
I2C1_EV_IRQHandler                                Drivers\CMSIS\Device\ST\STM32F1xx\Source\Templates\gcc\startup_stm32f100xb.o
I2C2_ER_IRQHandler                                Drivers\CMSIS\Device\ST\STM32F1xx\Source\Templates\gcc\startup_stm32f100xb.o
I2C2_EV_IRQHandler                                Drivers\CMSIS\Device\ST\STM32F1xx\Source\Templates\gcc\startup_stm32f100xb.o
LEDs_GetState                                     TrueSTUDIO\Coldenberg17\UsrCode\Application\LEDs\LEDs.o
LEDs_Perform                                      TrueSTUDIO\Coldenberg17\UsrCode\Application\LEDs\LEDs.o
                                                  Src\main.o
LEDs_SetState                                     TrueSTUDIO\Coldenberg17\UsrCode\Application\LEDs\LEDs.o
                                                  TrueSTUDIO\Coldenberg17\UsrCode\Managers\LedsManager\LedsManager.o
LedsManager_Perform                               TrueSTUDIO\Coldenberg17\UsrCode\Managers\LedsManager\LedsManager.o
                                                  Src\main.o